AdroitHandRelocateDense-v1, AdroitHandHammerDense-v1, AdroitHandDoorDense-v1 environment's reward functions were updated in v1.2.1 without an environment version update. Therefore, use gymnasium-robotics==1.2.0 for v1 reproducibility or use v2 in gymnasium-robotics>=1.4.3. See https://github.com/Farama-Foundation/Gymnasium-Robotics/pull/220 for more details
Wrapping the env with a `Monitor` wrapper
Wrapping the env in a DummyVecEnv.
episode=000 steps=11 success=1 return= -11.643 final_d=0.0485 m min_d=0.0485 m
episode=001 steps=01 success=1 return=   0.000 final_d=0.0333 m min_d=0.0333 m
episode=002 steps=01 success=1 return=   0.000 final_d=0.0340 m min_d=0.0340 m
episode=003 steps=05 success=1 return=  -4.225 final_d=0.0078 m min_d=0.0078 m
episode=004 steps=08 success=1 return=  -7.097 final_d=0.0401 m min_d=0.0401 m
episode=005 steps=10 success=1 return= -10.984 final_d=0.0291 m min_d=0.0291 m
episode=006 steps=07 success=1 return=  -6.490 final_d=0.0309 m min_d=0.0309 m
episode=007 steps=05 success=1 return=  -4.049 final_d=0.0471 m min_d=0.0471 m
episode=008 steps=01 success=1 return=   0.000 final_d=0.0254 m min_d=0.0254 m
episode=009 steps=01 success=1 return=   0.000 final_d=0.0415 m min_d=0.0415 m
episode=010 steps=04 success=1 return=  -3.000 final_d=0.0484 m min_d=0.0484 m
episode=011 steps=05 success=1 return=  -4.007 final_d=0.0240 m min_d=0.0240 m
episode=012 steps=05 success=1 return=  -4.094 final_d=0.0493 m min_d=0.0493 m
episode=013 steps=13 success=1 return= -13.368 final_d=0.0438 m min_d=0.0438 m
episode=014 steps=04 success=1 return=  -3.000 final_d=0.0485 m min_d=0.0485 m
episode=015 steps=04 success=1 return=  -3.000 final_d=0.0261 m min_d=0.0261 m
episode=016 steps=06 success=1 return=  -5.263 final_d=0.0489 m min_d=0.0489 m
episode=017 steps=01 success=1 return=   0.000 final_d=0.0173 m min_d=0.0173 m
episode=018 steps=06 success=1 return=  -5.295 final_d=0.0377 m min_d=0.0377 m
episode=019 steps=12 success=1 return= -13.860 final_d=0.0283 m min_d=0.0283 m
episode=020 steps=05 success=1 return=  -4.257 final_d=0.0182 m min_d=0.0182 m
episode=021 steps=06 success=1 return=  -6.222 final_d=0.0432 m min_d=0.0432 m
episode=022 steps=05 success=1 return=  -4.575 final_d=0.0346 m min_d=0.0346 m
episode=023 steps=11 success=1 return= -10.409 final_d=0.0207 m min_d=0.0207 m
episode=024 steps=04 success=1 return=  -3.000 final_d=0.0396 m min_d=0.0396 m
episode=025 steps=06 success=1 return=  -5.077 final_d=0.0235 m min_d=0.0235 m
episode=026 steps=01 success=1 return=   0.000 final_d=0.0473 m min_d=0.0473 m
episode=027 steps=05 success=1 return=  -4.947 final_d=0.0449 m min_d=0.0449 m
episode=028 steps=01 success=1 return=   0.000 final_d=0.0360 m min_d=0.0360 m
episode=029 steps=05 success=1 return=  -4.000 final_d=0.0405 m min_d=0.0405 m
episode=030 steps=05 success=1 return=  -4.307 final_d=0.0305 m min_d=0.0305 m
episode=031 steps=08 success=1 return=  -7.378 final_d=0.0155 m min_d=0.0155 m
episode=032 steps=05 success=1 return=  -4.848 final_d=0.0374 m min_d=0.0374 m
episode=033 steps=01 success=1 return=   0.000 final_d=0.0352 m min_d=0.0352 m
episode=034 steps=05 success=1 return=  -4.000 final_d=0.0169 m min_d=0.0169 m
episode=035 steps=05 success=1 return=  -4.291 final_d=0.0338 m min_d=0.0338 m
episode=036 steps=08 success=1 return=  -8.274 final_d=0.0384 m min_d=0.0384 m
episode=037 steps=04 success=1 return=  -3.000 final_d=0.0247 m min_d=0.0247 m
episode=038 steps=50 success=0 return= -50.409 final_d=0.0581 m min_d=0.0576 m
episode=039 steps=05 success=1 return=  -4.000 final_d=0.0480 m min_d=0.0480 m
episode=040 steps=07 success=1 return=  -7.574 final_d=0.0402 m min_d=0.0402 m
episode=041 steps=05 success=1 return=  -4.000 final_d=0.0226 m min_d=0.0226 m
episode=042 steps=09 success=1 return=  -9.492 final_d=0.0383 m min_d=0.0383 m
episode=043 steps=05 success=1 return=  -4.491 final_d=0.0448 m min_d=0.0448 m
episode=044 steps=04 success=1 return=  -3.000 final_d=0.0162 m min_d=0.0162 m
episode=045 steps=08 success=1 return=  -7.934 final_d=0.0449 m min_d=0.0449 m
episode=046 steps=06 success=1 return=  -5.000 final_d=0.0307 m min_d=0.0307 m
episode=047 steps=05 success=1 return=  -4.323 final_d=0.0358 m min_d=0.0358 m
episode=048 steps=07 success=1 return=  -7.138 final_d=0.0439 m min_d=0.0439 m
episode=049 steps=05 success=1 return=  -4.722 final_d=0.0320 m min_d=0.0320 m
episode=050 steps=05 success=1 return=  -4.916 final_d=0.0453 m min_d=0.0453 m
episode=051 steps=05 success=1 return=  -4.000 final_d=0.0291 m min_d=0.0291 m
episode=052 steps=05 success=1 return=  -4.975 final_d=0.0496 m min_d=0.0496 m
episode=053 steps=10 success=1 return=  -9.596 final_d=0.0327 m min_d=0.0327 m
episode=054 steps=05 success=1 return=  -4.000 final_d=0.0275 m min_d=0.0275 m
episode=055 steps=04 success=1 return=  -3.000 final_d=0.0329 m min_d=0.0329 m
episode=056 steps=05 success=1 return=  -4.734 final_d=0.0069 m min_d=0.0069 m
episode=057 steps=05 success=1 return=  -4.000 final_d=0.0400 m min_d=0.0400 m
episode=058 steps=05 success=1 return=  -4.292 final_d=0.0024 m min_d=0.0024 m
episode=059 steps=50 success=0 return= -50.000 final_d=0.0667 m min_d=0.0664 m
episode=060 steps=05 success=1 return=  -4.773 final_d=0.0024 m min_d=0.0024 m
episode=061 steps=05 success=1 return=  -4.455 final_d=0.0359 m min_d=0.0359 m
episode=062 steps=05 success=1 return=  -4.000 final_d=0.0454 m min_d=0.0454 m
episode=063 steps=05 success=1 return=  -4.128 final_d=0.0196 m min_d=0.0196 m
episode=064 steps=07 success=1 return=  -6.000 final_d=0.0386 m min_d=0.0386 m
episode=065 steps=06 success=1 return=  -5.000 final_d=0.0370 m min_d=0.0370 m
episode=066 steps=11 success=1 return= -12.054 final_d=0.0446 m min_d=0.0446 m
episode=067 steps=05 success=1 return=  -4.544 final_d=0.0246 m min_d=0.0246 m
episode=068 steps=09 success=1 return=  -9.217 final_d=0.0237 m min_d=0.0237 m
episode=069 steps=08 success=1 return=  -8.171 final_d=0.0456 m min_d=0.0456 m
episode=070 steps=01 success=1 return=   0.000 final_d=0.0229 m min_d=0.0229 m
episode=071 steps=05 success=1 return=  -4.136 final_d=0.0451 m min_d=0.0451 m
episode=072 steps=04 success=1 return=  -3.000 final_d=0.0374 m min_d=0.0374 m
episode=073 steps=50 success=0 return= -51.084 final_d=0.0559 m min_d=0.0559 m
episode=074 steps=04 success=1 return=  -3.000 final_d=0.0412 m min_d=0.0412 m
episode=075 steps=11 success=1 return= -10.368 final_d=0.0104 m min_d=0.0104 m
episode=076 steps=10 success=1 return=  -9.689 final_d=0.0469 m min_d=0.0469 m
episode=077 steps=05 success=1 return=  -5.150 final_d=0.0388 m min_d=0.0388 m
episode=078 steps=09 success=1 return=  -9.165 final_d=0.0163 m min_d=0.0163 m
episode=079 steps=05 success=1 return=  -4.000 final_d=0.0223 m min_d=0.0223 m
episode=080 steps=05 success=1 return=  -4.000 final_d=0.0183 m min_d=0.0183 m
episode=081 steps=05 success=1 return=  -4.000 final_d=0.0488 m min_d=0.0488 m
episode=082 steps=05 success=1 return=  -4.796 final_d=0.0340 m min_d=0.0340 m
episode=083 steps=05 success=1 return=  -4.000 final_d=0.0342 m min_d=0.0342 m
episode=084 steps=05 success=1 return=  -4.306 final_d=0.0171 m min_d=0.0171 m
episode=085 steps=08 success=1 return=  -8.986 final_d=0.0334 m min_d=0.0334 m
episode=086 steps=50 success=0 return= -53.472 final_d=0.1262 m min_d=0.1152 m
episode=087 steps=05 success=1 return=  -4.000 final_d=0.0311 m min_d=0.0311 m
episode=088 steps=13 success=1 return= -14.352 final_d=0.0414 m min_d=0.0414 m
episode=089 steps=05 success=1 return=  -4.000 final_d=0.0372 m min_d=0.0372 m
episode=090 steps=15 success=1 return= -14.523 final_d=0.0254 m min_d=0.0254 m
episode=091 steps=04 success=1 return=  -3.000 final_d=0.0400 m min_d=0.0400 m
episode=092 steps=50 success=0 return= -50.012 final_d=0.0524 m min_d=0.0524 m
episode=093 steps=14 success=1 return= -14.593 final_d=0.0350 m min_d=0.0350 m
episode=094 steps=07 success=1 return=  -6.000 final_d=0.0417 m min_d=0.0417 m
episode=095 steps=04 success=1 return=  -3.000 final_d=0.0371 m min_d=0.0371 m
episode=096 steps=01 success=1 return=   0.000 final_d=0.0166 m min_d=0.0166 m
episode=097 steps=05 success=1 return=  -4.032 final_d=0.0444 m min_d=0.0444 m
episode=098 steps=08 success=1 return=  -7.030 final_d=0.0307 m min_d=0.0307 m
episode=099 steps=11 success=1 return= -11.620 final_d=0.0205 m min_d=0.0205 m
episode=100 steps=06 success=1 return=  -5.000 final_d=0.0442 m min_d=0.0442 m
episode=101 steps=08 success=1 return=  -8.241 final_d=0.0488 m min_d=0.0488 m
episode=102 steps=08 success=1 return=  -7.683 final_d=0.0460 m min_d=0.0460 m
episode=103 steps=07 success=1 return=  -6.548 final_d=0.0364 m min_d=0.0364 m
episode=104 steps=01 success=1 return=   0.000 final_d=0.0268 m min_d=0.0268 m
episode=105 steps=08 success=1 return=  -8.101 final_d=0.0279 m min_d=0.0279 m
episode=106 steps=08 success=1 return=  -8.936 final_d=0.0452 m min_d=0.0452 m
episode=107 steps=11 success=1 return= -12.333 final_d=0.0433 m min_d=0.0433 m
episode=108 steps=04 success=1 return=  -3.000 final_d=0.0381 m min_d=0.0381 m
episode=109 steps=50 success=0 return= -54.899 final_d=0.1429 m min_d=0.1429 m
episode=110 steps=05 success=1 return=  -4.298 final_d=0.0233 m min_d=0.0233 m
episode=111 steps=05 success=1 return=  -4.000 final_d=0.0232 m min_d=0.0232 m
episode=112 steps=09 success=1 return=  -9.388 final_d=0.0354 m min_d=0.0354 m
episode=113 steps=04 success=1 return=  -3.000 final_d=0.0352 m min_d=0.0352 m
episode=114 steps=05 success=1 return=  -4.000 final_d=0.0155 m min_d=0.0155 m
episode=115 steps=10 success=1 return=  -9.642 final_d=0.0496 m min_d=0.0496 m
episode=116 steps=05 success=1 return=  -4.000 final_d=0.0368 m min_d=0.0368 m
episode=117 steps=01 success=1 return=   0.000 final_d=0.0357 m min_d=0.0357 m
episode=118 steps=05 success=1 return=  -4.000 final_d=0.0191 m min_d=0.0191 m
episode=119 steps=06 success=1 return=  -5.000 final_d=0.0276 m min_d=0.0276 m
episode=120 steps=07 success=1 return=  -6.926 final_d=0.0378 m min_d=0.0378 m
episode=121 steps=04 success=1 return=  -3.000 final_d=0.0416 m min_d=0.0416 m
episode=122 steps=01 success=1 return=   0.000 final_d=0.0270 m min_d=0.0270 m
episode=123 steps=08 success=1 return=  -7.700 final_d=0.0364 m min_d=0.0364 m
episode=124 steps=05 success=1 return=  -4.000 final_d=0.0081 m min_d=0.0081 m
episode=125 steps=08 success=1 return=  -7.000 final_d=0.0447 m min_d=0.0447 m
episode=126 steps=13 success=1 return= -14.610 final_d=0.0439 m min_d=0.0439 m
episode=127 steps=05 success=1 return=  -4.286 final_d=0.0379 m min_d=0.0379 m
episode=128 steps=06 success=1 return=  -5.000 final_d=0.0292 m min_d=0.0292 m
episode=129 steps=06 success=1 return=  -5.206 final_d=0.0370 m min_d=0.0370 m
episode=130 steps=08 success=1 return=  -8.091 final_d=0.0391 m min_d=0.0391 m
episode=131 steps=07 success=1 return=  -7.071 final_d=0.0352 m min_d=0.0352 m
episode=132 steps=13 success=1 return= -12.416 final_d=0.0454 m min_d=0.0454 m
episode=133 steps=09 success=1 return=  -9.913 final_d=0.0394 m min_d=0.0394 m
episode=134 steps=05 success=1 return=  -4.039 final_d=0.0044 m min_d=0.0044 m
episode=135 steps=05 success=1 return=  -4.000 final_d=0.0481 m min_d=0.0481 m
episode=136 steps=05 success=1 return=  -4.040 final_d=0.0423 m min_d=0.0423 m
episode=137 steps=09 success=1 return= -10.447 final_d=0.0456 m min_d=0.0456 m
episode=138 steps=04 success=1 return=  -3.000 final_d=0.0442 m min_d=0.0442 m
episode=139 steps=06 success=1 return=  -5.687 final_d=0.0208 m min_d=0.0208 m
episode=140 steps=04 success=1 return=  -3.000 final_d=0.0146 m min_d=0.0146 m
episode=141 steps=05 success=1 return=  -4.000 final_d=0.0388 m min_d=0.0388 m
episode=142 steps=05 success=1 return=  -4.842 final_d=0.0462 m min_d=0.0462 m
episode=143 steps=09 success=1 return=  -9.729 final_d=0.0184 m min_d=0.0184 m
episode=144 steps=06 success=1 return=  -5.214 final_d=0.0320 m min_d=0.0320 m
episode=145 steps=06 success=1 return=  -5.457 final_d=0.0284 m min_d=0.0284 m
episode=146 steps=05 success=1 return=  -4.000 final_d=0.0360 m min_d=0.0360 m
episode=147 steps=05 success=1 return=  -4.000 final_d=0.0344 m min_d=0.0344 m
episode=148 steps=08 success=1 return=  -8.684 final_d=0.0449 m min_d=0.0449 m
episode=149 steps=05 success=1 return=  -4.526 final_d=0.0122 m min_d=0.0122 m
episode=150 steps=06 success=1 return=  -5.000 final_d=0.0248 m min_d=0.0248 m
episode=151 steps=05 success=1 return=  -4.476 final_d=0.0311 m min_d=0.0311 m
episode=152 steps=05 success=1 return=  -4.000 final_d=0.0385 m min_d=0.0385 m
episode=153 steps=09 success=1 return=  -9.987 final_d=0.0128 m min_d=0.0128 m
episode=154 steps=07 success=1 return=  -6.767 final_d=0.0373 m min_d=0.0373 m
episode=155 steps=10 success=1 return= -10.634 final_d=0.0072 m min_d=0.0072 m
episode=156 steps=08 success=1 return=  -7.983 final_d=0.0228 m min_d=0.0228 m
episode=157 steps=01 success=1 return=   0.000 final_d=0.0215 m min_d=0.0215 m
episode=158 steps=01 success=1 return=   0.000 final_d=0.0483 m min_d=0.0483 m
episode=159 steps=50 success=0 return= -50.780 final_d=0.0693 m min_d=0.0620 m
episode=160 steps=05 success=1 return=  -4.770 final_d=0.0422 m min_d=0.0422 m
episode=161 steps=01 success=1 return=   0.000 final_d=0.0263 m min_d=0.0263 m
episode=162 steps=01 success=1 return=   0.000 final_d=0.0351 m min_d=0.0351 m
episode=163 steps=06 success=1 return=  -5.000 final_d=0.0447 m min_d=0.0447 m
episode=164 steps=01 success=1 return=   0.000 final_d=0.0338 m min_d=0.0338 m
episode=165 steps=04 success=1 return=  -3.000 final_d=0.0486 m min_d=0.0486 m
episode=166 steps=06 success=1 return=  -5.000 final_d=0.0484 m min_d=0.0484 m
episode=167 steps=08 success=1 return=  -7.913 final_d=0.0086 m min_d=0.0086 m
episode=168 steps=10 success=1 return=  -9.020 final_d=0.0235 m min_d=0.0235 m
episode=169 steps=07 success=1 return=  -6.599 final_d=0.0497 m min_d=0.0497 m
episode=170 steps=05 success=1 return=  -4.438 final_d=0.0378 m min_d=0.0378 m
episode=171 steps=07 success=1 return=  -7.011 final_d=0.0359 m min_d=0.0359 m
episode=172 steps=05 success=1 return=  -4.865 final_d=0.0089 m min_d=0.0089 m
episode=173 steps=01 success=1 return=   0.000 final_d=0.0369 m min_d=0.0369 m
episode=174 steps=13 success=1 return= -13.389 final_d=0.0300 m min_d=0.0300 m
episode=175 steps=50 success=0 return= -50.000 final_d=0.0503 m min_d=0.0503 m
episode=176 steps=05 success=1 return=  -4.000 final_d=0.0150 m min_d=0.0150 m
episode=177 steps=05 success=1 return=  -4.000 final_d=0.0413 m min_d=0.0413 m
episode=178 steps=11 success=1 return= -11.531 final_d=0.0150 m min_d=0.0150 m
episode=179 steps=06 success=1 return=  -5.118 final_d=0.0408 m min_d=0.0408 m
episode=180 steps=05 success=1 return=  -4.000 final_d=0.0249 m min_d=0.0249 m
episode=181 steps=13 success=1 return= -12.000 final_d=0.0301 m min_d=0.0301 m
episode=182 steps=05 success=1 return=  -4.281 final_d=0.0174 m min_d=0.0174 m
episode=183 steps=06 success=1 return=  -5.217 final_d=0.0368 m min_d=0.0368 m
episode=184 steps=12 success=1 return= -12.144 final_d=0.0381 m min_d=0.0381 m
episode=185 steps=05 success=1 return=  -4.000 final_d=0.0358 m min_d=0.0358 m
episode=186 steps=08 success=1 return=  -8.562 final_d=0.0321 m min_d=0.0321 m
episode=187 steps=01 success=1 return=   0.000 final_d=0.0283 m min_d=0.0283 m
episode=188 steps=05 success=1 return=  -4.726 final_d=0.0151 m min_d=0.0151 m
episode=189 steps=09 success=1 return=  -8.093 final_d=0.0144 m min_d=0.0144 m
episode=190 steps=06 success=1 return=  -5.997 final_d=0.0197 m min_d=0.0197 m
episode=191 steps=05 success=1 return=  -4.000 final_d=0.0325 m min_d=0.0325 m
episode=192 steps=05 success=1 return=  -4.423 final_d=0.0406 m min_d=0.0406 m
episode=193 steps=05 success=1 return=  -4.896 final_d=0.0348 m min_d=0.0348 m
episode=194 steps=06 success=1 return=  -5.000 final_d=0.0494 m min_d=0.0494 m
episode=195 steps=05 success=1 return=  -4.000 final_d=0.0177 m min_d=0.0177 m
episode=196 steps=05 success=1 return=  -4.524 final_d=0.0484 m min_d=0.0484 m
episode=197 steps=08 success=1 return=  -8.332 final_d=0.0495 m min_d=0.0495 m
episode=198 steps=04 success=1 return=  -3.000 final_d=0.0196 m min_d=0.0196 m
episode=199 steps=05 success=1 return=  -4.132 final_d=0.0442 m min_d=0.0442 m
episode=200 steps=06 success=1 return=  -5.988 final_d=0.0353 m min_d=0.0353 m
episode=201 steps=01 success=1 return=   0.000 final_d=0.0200 m min_d=0.0200 m
episode=202 steps=04 success=1 return=  -3.000 final_d=0.0254 m min_d=0.0254 m
episode=203 steps=06 success=1 return=  -5.000 final_d=0.0344 m min_d=0.0344 m
episode=204 steps=50 success=0 return= -53.066 final_d=0.1313 m min_d=0.0509 m
episode=205 steps=50 success=0 return= -51.502 final_d=0.1092 m min_d=0.1091 m
episode=206 steps=11 success=1 return= -10.136 final_d=0.0235 m min_d=0.0235 m
episode=207 steps=05 success=1 return=  -4.000 final_d=0.0187 m min_d=0.0187 m
episode=208 steps=01 success=1 return=   0.000 final_d=0.0174 m min_d=0.0174 m
episode=209 steps=09 success=1 return=  -9.309 final_d=0.0475 m min_d=0.0475 m
episode=210 steps=09 success=1 return=  -8.045 final_d=0.0121 m min_d=0.0121 m
episode=211 steps=08 success=1 return=  -8.814 final_d=0.0093 m min_d=0.0093 m
episode=212 steps=06 success=1 return=  -5.054 final_d=0.0261 m min_d=0.0261 m
episode=213 steps=50 success=0 return= -50.000 final_d=0.1137 m min_d=0.0814 m
episode=214 steps=04 success=1 return=  -3.000 final_d=0.0323 m min_d=0.0323 m
episode=215 steps=05 success=1 return=  -4.159 final_d=0.0207 m min_d=0.0207 m
episode=216 steps=07 success=1 return=  -6.525 final_d=0.0450 m min_d=0.0450 m
episode=217 steps=14 success=1 return= -15.329 final_d=0.0279 m min_d=0.0279 m
episode=218 steps=05 success=1 return=  -4.196 final_d=0.0318 m min_d=0.0318 m
episode=219 steps=11 success=1 return= -10.278 final_d=0.0176 m min_d=0.0176 m
episode=220 steps=05 success=1 return=  -4.000 final_d=0.0306 m min_d=0.0306 m
episode=221 steps=04 success=1 return=  -3.000 final_d=0.0496 m min_d=0.0496 m
episode=222 steps=06 success=1 return=  -5.660 final_d=0.0065 m min_d=0.0065 m
episode=223 steps=04 success=1 return=  -3.000 final_d=0.0208 m min_d=0.0208 m
episode=224 steps=01 success=1 return=   0.000 final_d=0.0160 m min_d=0.0160 m
episode=225 steps=05 success=1 return=  -4.048 final_d=0.0416 m min_d=0.0416 m
episode=226 steps=04 success=1 return=  -3.000 final_d=0.0305 m min_d=0.0305 m
episode=227 steps=09 success=1 return=  -8.000 final_d=0.0172 m min_d=0.0172 m
episode=228 steps=05 success=1 return=  -4.000 final_d=0.0111 m min_d=0.0111 m
episode=229 steps=06 success=1 return=  -5.111 final_d=0.0092 m min_d=0.0092 m
episode=230 steps=06 success=1 return=  -6.109 final_d=0.0371 m min_d=0.0371 m
episode=231 steps=05 success=1 return=  -4.000 final_d=0.0008 m min_d=0.0008 m
episode=232 steps=16 success=1 return= -17.893 final_d=0.0500 m min_d=0.0500 m
episode=233 steps=09 success=1 return=  -8.264 final_d=0.0403 m min_d=0.0403 m
episode=234 steps=05 success=1 return=  -4.439 final_d=0.0405 m min_d=0.0405 m
episode=235 steps=08 success=1 return=  -7.860 final_d=0.0274 m min_d=0.0274 m
episode=236 steps=05 success=1 return=  -4.000 final_d=0.0154 m min_d=0.0154 m
episode=237 steps=05 success=1 return=  -4.279 final_d=0.0287 m min_d=0.0287 m
episode=238 steps=10 success=1 return= -10.706 final_d=0.0398 m min_d=0.0398 m
episode=239 steps=04 success=1 return=  -3.000 final_d=0.0425 m min_d=0.0425 m
episode=240 steps=50 success=0 return= -50.486 final_d=0.0731 m min_d=0.0574 m
episode=241 steps=08 success=1 return=  -8.266 final_d=0.0370 m min_d=0.0370 m
episode=242 steps=50 success=0 return= -51.045 final_d=0.0775 m min_d=0.0716 m
episode=243 steps=05 success=1 return=  -4.546 final_d=0.0340 m min_d=0.0340 m
episode=244 steps=09 success=1 return=  -8.000 final_d=0.0144 m min_d=0.0144 m
episode=245 steps=01 success=1 return=   0.000 final_d=0.0097 m min_d=0.0097 m
episode=246 steps=04 success=1 return=  -3.000 final_d=0.0490 m min_d=0.0490 m
episode=247 steps=09 success=1 return=  -9.133 final_d=0.0147 m min_d=0.0147 m
episode=248 steps=07 success=1 return=  -6.975 final_d=0.0291 m min_d=0.0291 m
episode=249 steps=06 success=1 return=  -5.000 final_d=0.0257 m min_d=0.0257 m
episode=250 steps=05 success=1 return=  -4.000 final_d=0.0109 m min_d=0.0109 m
episode=251 steps=19 success=1 return= -19.481 final_d=0.0106 m min_d=0.0106 m
episode=252 steps=08 success=1 return=  -8.144 final_d=0.0338 m min_d=0.0338 m
episode=253 steps=11 success=1 return= -12.291 final_d=0.0467 m min_d=0.0467 m
episode=254 steps=05 success=1 return=  -4.699 final_d=0.0361 m min_d=0.0361 m
episode=255 steps=09 success=1 return=  -9.205 final_d=0.0317 m min_d=0.0317 m
episode=256 steps=01 success=1 return=   0.000 final_d=0.0465 m min_d=0.0465 m
episode=257 steps=50 success=0 return= -50.329 final_d=0.0574 m min_d=0.0569 m
episode=258 steps=05 success=1 return=  -4.000 final_d=0.0150 m min_d=0.0150 m
episode=259 steps=09 success=1 return=  -9.433 final_d=0.0357 m min_d=0.0357 m
episode=260 steps=09 success=1 return=  -9.527 final_d=0.0401 m min_d=0.0401 m
episode=261 steps=15 success=1 return= -15.390 final_d=0.0343 m min_d=0.0343 m
episode=262 steps=07 success=1 return=  -6.837 final_d=0.0231 m min_d=0.0231 m
episode=263 steps=08 success=1 return=  -7.733 final_d=0.0147 m min_d=0.0147 m
episode=264 steps=08 success=1 return=  -7.194 final_d=0.0454 m min_d=0.0454 m
episode=265 steps=05 success=1 return=  -4.286 final_d=0.0249 m min_d=0.0249 m
episode=266 steps=12 success=1 return= -11.000 final_d=0.0366 m min_d=0.0366 m
episode=267 steps=05 success=1 return=  -4.569 final_d=0.0475 m min_d=0.0475 m
episode=268 steps=12 success=1 return= -13.407 final_d=0.0255 m min_d=0.0255 m
episode=269 steps=50 success=0 return= -52.206 final_d=0.1287 m min_d=0.0557 m
episode=270 steps=17 success=1 return= -18.332 final_d=0.0413 m min_d=0.0413 m
episode=271 steps=01 success=1 return=   0.000 final_d=0.0245 m min_d=0.0245 m
episode=272 steps=50 success=0 return= -50.663 final_d=0.0618 m min_d=0.0618 m
episode=273 steps=01 success=1 return=   0.000 final_d=0.0458 m min_d=0.0458 m
episode=274 steps=05 success=1 return=  -4.053 final_d=0.0213 m min_d=0.0213 m
episode=275 steps=05 success=1 return=  -4.346 final_d=0.0140 m min_d=0.0140 m
episode=276 steps=06 success=1 return=  -5.952 final_d=0.0267 m min_d=0.0267 m
episode=277 steps=06 success=1 return=  -5.000 final_d=0.0472 m min_d=0.0472 m
episode=278 steps=05 success=1 return=  -4.000 final_d=0.0316 m min_d=0.0316 m
episode=279 steps=50 success=0 return= -50.688 final_d=0.0587 m min_d=0.0516 m
episode=280 steps=05 success=1 return=  -4.000 final_d=0.0220 m min_d=0.0220 m
episode=281 steps=07 success=1 return=  -6.908 final_d=0.0465 m min_d=0.0465 m
episode=282 steps=05 success=1 return=  -4.000 final_d=0.0428 m min_d=0.0428 m
episode=283 steps=01 success=1 return=   0.000 final_d=0.0316 m min_d=0.0316 m
episode=284 steps=09 success=1 return=  -9.125 final_d=0.0352 m min_d=0.0352 m
episode=285 steps=50 success=0 return= -54.104 final_d=0.1374 m min_d=0.1374 m
episode=286 steps=15 success=1 return= -15.876 final_d=0.0456 m min_d=0.0456 m
episode=287 steps=09 success=1 return=  -9.652 final_d=0.0106 m min_d=0.0106 m
episode=288 steps=06 success=1 return=  -5.462 final_d=0.0142 m min_d=0.0142 m
episode=289 steps=05 success=1 return=  -4.370 final_d=0.0096 m min_d=0.0096 m
episode=290 steps=05 success=1 return=  -4.000 final_d=0.0485 m min_d=0.0485 m
episode=291 steps=06 success=1 return=  -5.219 final_d=0.0434 m min_d=0.0434 m
episode=292 steps=08 success=1 return=  -8.194 final_d=0.0413 m min_d=0.0413 m
episode=293 steps=05 success=1 return=  -4.374 final_d=0.0226 m min_d=0.0226 m
episode=294 steps=50 success=0 return= -52.393 final_d=0.0877 m min_d=0.0583 m
episode=295 steps=50 success=0 return= -59.656 final_d=0.1912 m min_d=0.1199 m
episode=296 steps=05 success=1 return=  -4.214 final_d=0.0322 m min_d=0.0322 m
episode=297 steps=06 success=1 return=  -5.000 final_d=0.0308 m min_d=0.0308 m
episode=298 steps=50 success=0 return= -52.099 final_d=0.1217 m min_d=0.0597 m
episode=299 steps=50 success=0 return= -51.100 final_d=0.0733 m min_d=0.0553 m
episode=300 steps=05 success=1 return=  -4.337 final_d=0.0218 m min_d=0.0218 m
episode=301 steps=06 success=1 return=  -5.448 final_d=0.0366 m min_d=0.0366 m
episode=302 steps=14 success=1 return= -14.683 final_d=0.0273 m min_d=0.0273 m
episode=303 steps=50 success=0 return= -50.708 final_d=0.1081 m min_d=0.0914 m
episode=304 steps=04 success=1 return=  -3.000 final_d=0.0323 m min_d=0.0323 m
episode=305 steps=08 success=1 return=  -7.819 final_d=0.0450 m min_d=0.0450 m
episode=306 steps=09 success=1 return=  -8.683 final_d=0.0466 m min_d=0.0466 m
episode=307 steps=06 success=1 return=  -6.246 final_d=0.0297 m min_d=0.0297 m
episode=308 steps=07 success=1 return=  -6.662 final_d=0.0239 m min_d=0.0239 m
episode=309 steps=01 success=1 return=   0.000 final_d=0.0270 m min_d=0.0270 m
episode=310 steps=50 success=0 return= -51.098 final_d=0.1090 m min_d=0.1085 m
episode=311 steps=13 success=1 return= -13.507 final_d=0.0045 m min_d=0.0045 m
episode=312 steps=07 success=1 return=  -7.081 final_d=0.0213 m min_d=0.0213 m
episode=313 steps=10 success=1 return= -10.319 final_d=0.0416 m min_d=0.0416 m
episode=314 steps=09 success=1 return=  -8.470 final_d=0.0266 m min_d=0.0266 m
episode=315 steps=06 success=1 return=  -5.849 final_d=0.0333 m min_d=0.0333 m
episode=316 steps=14 success=1 return= -16.040 final_d=0.0416 m min_d=0.0416 m
episode=317 steps=06 success=1 return=  -5.410 final_d=0.0372 m min_d=0.0372 m
episode=318 steps=04 success=1 return=  -3.000 final_d=0.0237 m min_d=0.0237 m
episode=319 steps=06 success=1 return=  -5.133 final_d=0.0256 m min_d=0.0256 m
episode=320 steps=01 success=1 return=   0.000 final_d=0.0467 m min_d=0.0467 m
episode=321 steps=01 success=1 return=   0.000 final_d=0.0489 m min_d=0.0489 m
episode=322 steps=09 success=1 return=  -8.416 final_d=0.0389 m min_d=0.0389 m
episode=323 steps=06 success=1 return=  -5.253 final_d=0.0353 m min_d=0.0353 m
episode=324 steps=07 success=1 return=  -6.473 final_d=0.0247 m min_d=0.0247 m
episode=325 steps=50 success=0 return= -51.072 final_d=0.0751 m min_d=0.0641 m
episode=326 steps=18 success=1 return= -18.940 final_d=0.0277 m min_d=0.0277 m
episode=327 steps=09 success=1 return=  -8.000 final_d=0.0481 m min_d=0.0481 m
episode=328 steps=05 success=1 return=  -4.550 final_d=0.0399 m min_d=0.0399 m
episode=329 steps=50 success=0 return= -51.199 final_d=0.0732 m min_d=0.0724 m
episode=330 steps=06 success=1 return=  -5.469 final_d=0.0464 m min_d=0.0464 m
episode=331 steps=14 success=1 return= -15.220 final_d=0.0469 m min_d=0.0469 m
episode=332 steps=05 success=1 return=  -4.142 final_d=0.0287 m min_d=0.0287 m
episode=333 steps=12 success=1 return= -13.648 final_d=0.0339 m min_d=0.0339 m
episode=334 steps=05 success=1 return=  -4.046 final_d=0.0237 m min_d=0.0237 m
episode=335 steps=01 success=1 return=   0.000 final_d=0.0247 m min_d=0.0247 m
episode=336 steps=08 success=1 return=  -7.905 final_d=0.0460 m min_d=0.0460 m
episode=337 steps=04 success=1 return=  -3.000 final_d=0.0389 m min_d=0.0389 m
episode=338 steps=50 success=0 return= -51.148 final_d=0.0959 m min_d=0.0650 m
episode=339 steps=11 success=1 return= -11.722 final_d=0.0266 m min_d=0.0266 m
episode=340 steps=05 success=1 return=  -4.367 final_d=0.0307 m min_d=0.0307 m
episode=341 steps=05 success=1 return=  -4.818 final_d=0.0491 m min_d=0.0491 m
episode=342 steps=05 success=1 return=  -4.000 final_d=0.0226 m min_d=0.0226 m
episode=343 steps=05 success=1 return=  -4.000 final_d=0.0308 m min_d=0.0308 m
episode=344 steps=05 success=1 return=  -4.000 final_d=0.0156 m min_d=0.0156 m
episode=345 steps=01 success=1 return=   0.000 final_d=0.0398 m min_d=0.0398 m
episode=346 steps=04 success=1 return=  -3.000 final_d=0.0048 m min_d=0.0048 m
episode=347 steps=08 success=1 return=  -8.053 final_d=0.0347 m min_d=0.0347 m
episode=348 steps=07 success=1 return=  -6.000 final_d=0.0202 m min_d=0.0202 m
episode=349 steps=04 success=1 return=  -3.000 final_d=0.0482 m min_d=0.0482 m
episode=350 steps=05 success=1 return=  -4.117 final_d=0.0226 m min_d=0.0226 m
episode=351 steps=09 success=1 return=  -9.480 final_d=0.0241 m min_d=0.0241 m
episode=352 steps=50 success=0 return= -51.066 final_d=0.1132 m min_d=0.0525 m
episode=353 steps=50 success=0 return= -50.238 final_d=0.1104 m min_d=0.1098 m
episode=354 steps=01 success=1 return=   0.000 final_d=0.0302 m min_d=0.0302 m
episode=355 steps=08 success=1 return=  -8.509 final_d=0.0266 m min_d=0.0266 m
episode=356 steps=50 success=0 return= -51.320 final_d=0.1134 m min_d=0.0541 m
episode=357 steps=05 success=1 return=  -4.568 final_d=0.0334 m min_d=0.0334 m
episode=358 steps=05 success=1 return=  -4.186 final_d=0.0360 m min_d=0.0360 m
episode=359 steps=05 success=1 return=  -4.000 final_d=0.0442 m min_d=0.0442 m
episode=360 steps=09 success=1 return= -10.257 final_d=0.0423 m min_d=0.0423 m
episode=361 steps=10 success=1 return= -10.381 final_d=0.0485 m min_d=0.0485 m
episode=362 steps=08 success=1 return=  -8.503 final_d=0.0362 m min_d=0.0362 m
episode=363 steps=07 success=1 return=  -6.825 final_d=0.0205 m min_d=0.0205 m
episode=364 steps=04 success=1 return=  -3.000 final_d=0.0306 m min_d=0.0306 m
episode=365 steps=08 success=1 return=  -7.000 final_d=0.0148 m min_d=0.0148 m
episode=366 steps=08 success=1 return=  -8.061 final_d=0.0342 m min_d=0.0342 m
episode=367 steps=01 success=1 return=   0.000 final_d=0.0127 m min_d=0.0127 m
episode=368 steps=05 success=1 return=  -4.268 final_d=0.0454 m min_d=0.0454 m
episode=369 steps=50 success=0 return= -51.697 final_d=0.0616 m min_d=0.0616 m
episode=370 steps=05 success=1 return=  -5.150 final_d=0.0438 m min_d=0.0438 m
episode=371 steps=05 success=1 return=  -4.000 final_d=0.0418 m min_d=0.0418 m
episode=372 steps=06 success=1 return=  -5.234 final_d=0.0348 m min_d=0.0348 m
episode=373 steps=06 success=1 return=  -6.041 final_d=0.0416 m min_d=0.0416 m
episode=374 steps=10 success=1 return= -10.842 final_d=0.0290 m min_d=0.0290 m
episode=375 steps=50 success=0 return= -53.146 final_d=0.1317 m min_d=0.1317 m
episode=376 steps=05 success=1 return=  -4.434 final_d=0.0413 m min_d=0.0413 m
episode=377 steps=06 success=1 return=  -5.264 final_d=0.0244 m min_d=0.0244 m
episode=378 steps=04 success=1 return=  -3.000 final_d=0.0237 m min_d=0.0237 m
episode=379 steps=05 success=1 return=  -4.000 final_d=0.0465 m min_d=0.0465 m
episode=380 steps=04 success=1 return=  -3.000 final_d=0.0320 m min_d=0.0320 m
episode=381 steps=04 success=1 return=  -3.000 final_d=0.0481 m min_d=0.0481 m
episode=382 steps=05 success=1 return=  -4.000 final_d=0.0453 m min_d=0.0453 m
episode=383 steps=50 success=0 return= -56.847 final_d=0.1643 m min_d=0.1081 m
episode=384 steps=06 success=1 return=  -5.000 final_d=0.0476 m min_d=0.0476 m
episode=385 steps=05 success=1 return=  -4.689 final_d=0.0268 m min_d=0.0268 m
episode=386 steps=50 success=0 return= -53.255 final_d=0.1311 m min_d=0.1310 m
episode=387 steps=50 success=0 return= -50.720 final_d=0.0564 m min_d=0.0564 m
episode=388 steps=05 success=1 return=  -4.703 final_d=0.0364 m min_d=0.0364 m
episode=389 steps=05 success=1 return=  -4.309 final_d=0.0346 m min_d=0.0346 m
episode=390 steps=01 success=1 return=   0.000 final_d=0.0466 m min_d=0.0466 m
episode=391 steps=04 success=1 return=  -3.000 final_d=0.0313 m min_d=0.0313 m
episode=392 steps=15 success=1 return= -15.859 final_d=0.0286 m min_d=0.0286 m
episode=393 steps=06 success=1 return=  -5.000 final_d=0.0324 m min_d=0.0324 m
episode=394 steps=50 success=0 return= -50.360 final_d=0.0891 m min_d=0.0670 m
episode=395 steps=05 success=1 return=  -4.837 final_d=0.0214 m min_d=0.0214 m
episode=396 steps=05 success=1 return=  -4.498 final_d=0.0333 m min_d=0.0333 m
episode=397 steps=05 success=1 return=  -4.024 final_d=0.0146 m min_d=0.0146 m
episode=398 steps=05 success=1 return=  -4.972 final_d=0.0425 m min_d=0.0425 m
episode=399 steps=05 success=1 return=  -4.560 final_d=0.0255 m min_d=0.0255 m
episode=400 steps=12 success=1 return= -13.091 final_d=0.0301 m min_d=0.0301 m
episode=401 steps=07 success=1 return=  -6.614 final_d=0.0321 m min_d=0.0321 m
episode=402 steps=08 success=1 return=  -7.891 final_d=0.0265 m min_d=0.0265 m
episode=403 steps=09 success=1 return= -10.603 final_d=0.0237 m min_d=0.0237 m
episode=404 steps=05 success=1 return=  -4.572 final_d=0.0379 m min_d=0.0379 m
episode=405 steps=10 success=1 return=  -9.000 final_d=0.0267 m min_d=0.0267 m
episode=406 steps=10 success=1 return=  -9.000 final_d=0.0063 m min_d=0.0063 m
episode=407 steps=01 success=1 return=   0.000 final_d=0.0315 m min_d=0.0315 m
episode=408 steps=04 success=1 return=  -3.000 final_d=0.0314 m min_d=0.0314 m
episode=409 steps=04 success=1 return=  -3.000 final_d=0.0377 m min_d=0.0377 m
episode=410 steps=05 success=1 return=  -4.797 final_d=0.0216 m min_d=0.0216 m
episode=411 steps=10 success=1 return= -11.183 final_d=0.0430 m min_d=0.0430 m
episode=412 steps=04 success=1 return=  -3.000 final_d=0.0379 m min_d=0.0379 m
episode=413 steps=05 success=1 return=  -4.693 final_d=0.0184 m min_d=0.0184 m
episode=414 steps=04 success=1 return=  -3.000 final_d=0.0310 m min_d=0.0310 m
episode=415 steps=50 success=0 return= -52.861 final_d=0.1275 m min_d=0.1275 m
episode=416 steps=05 success=1 return=  -4.000 final_d=0.0330 m min_d=0.0330 m
episode=417 steps=11 success=1 return= -11.024 final_d=0.0280 m min_d=0.0280 m
episode=418 steps=07 success=1 return=  -6.845 final_d=0.0482 m min_d=0.0482 m
episode=419 steps=05 success=1 return=  -4.650 final_d=0.0267 m min_d=0.0267 m
episode=420 steps=04 success=1 return=  -3.000 final_d=0.0275 m min_d=0.0275 m
episode=421 steps=14 success=1 return= -14.778 final_d=0.0400 m min_d=0.0400 m
episode=422 steps=05 success=1 return=  -4.121 final_d=0.0237 m min_d=0.0237 m
episode=423 steps=01 success=1 return=   0.000 final_d=0.0170 m min_d=0.0170 m
episode=424 steps=06 success=1 return=  -5.159 final_d=0.0228 m min_d=0.0228 m
episode=425 steps=09 success=1 return=  -8.943 final_d=0.0196 m min_d=0.0196 m
episode=426 steps=09 success=1 return= -10.186 final_d=0.0118 m min_d=0.0118 m
episode=427 steps=05 success=1 return=  -4.046 final_d=0.0341 m min_d=0.0341 m
episode=428 steps=08 success=1 return=  -9.168 final_d=0.0467 m min_d=0.0467 m
episode=429 steps=10 success=1 return= -10.653 final_d=0.0121 m min_d=0.0121 m
episode=430 steps=04 success=1 return=  -3.000 final_d=0.0287 m min_d=0.0287 m
episode=431 steps=50 success=0 return= -50.953 final_d=0.0912 m min_d=0.0912 m
episode=432 steps=05 success=1 return=  -4.000 final_d=0.0359 m min_d=0.0359 m
episode=433 steps=01 success=1 return=   0.000 final_d=0.0172 m min_d=0.0172 m
episode=434 steps=04 success=1 return=  -3.000 final_d=0.0240 m min_d=0.0240 m
episode=435 steps=05 success=1 return=  -4.000 final_d=0.0258 m min_d=0.0258 m
episode=436 steps=05 success=1 return=  -4.000 final_d=0.0115 m min_d=0.0115 m
episode=437 steps=50 success=0 return= -51.385 final_d=0.0970 m min_d=0.0968 m
episode=438 steps=01 success=1 return=   0.000 final_d=0.0241 m min_d=0.0241 m
episode=439 steps=50 success=0 return= -54.442 final_d=0.1331 m min_d=0.1327 m
episode=440 steps=01 success=1 return=   0.000 final_d=0.0342 m min_d=0.0342 m
episode=441 steps=07 success=1 return=  -6.813 final_d=0.0269 m min_d=0.0269 m
episode=442 steps=04 success=1 return=  -3.000 final_d=0.0406 m min_d=0.0406 m
episode=443 steps=07 success=1 return=  -6.631 final_d=0.0153 m min_d=0.0153 m
episode=444 steps=07 success=1 return=  -6.912 final_d=0.0174 m min_d=0.0174 m
episode=445 steps=09 success=1 return=  -9.538 final_d=0.0414 m min_d=0.0414 m
episode=446 steps=10 success=1 return= -10.991 final_d=0.0390 m min_d=0.0390 m
episode=447 steps=08 success=1 return=  -8.306 final_d=0.0417 m min_d=0.0417 m
episode=448 steps=50 success=0 return= -50.943 final_d=0.0505 m min_d=0.0505 m
episode=449 steps=05 success=1 return=  -4.102 final_d=0.0180 m min_d=0.0180 m
episode=450 steps=05 success=1 return=  -4.000 final_d=0.0366 m min_d=0.0366 m
episode=451 steps=07 success=1 return=  -6.578 final_d=0.0339 m min_d=0.0339 m
episode=452 steps=10 success=1 return= -10.071 final_d=0.0428 m min_d=0.0428 m
episode=453 steps=06 success=1 return=  -5.147 final_d=0.0297 m min_d=0.0297 m
episode=454 steps=50 success=0 return= -50.896 final_d=0.0638 m min_d=0.0638 m
episode=455 steps=05 success=1 return=  -4.922 final_d=0.0064 m min_d=0.0064 m
episode=456 steps=09 success=1 return=  -9.259 final_d=0.0225 m min_d=0.0225 m
episode=457 steps=05 success=1 return=  -4.059 final_d=0.0114 m min_d=0.0114 m
episode=458 steps=50 success=0 return= -51.291 final_d=0.0899 m min_d=0.0894 m
episode=459 steps=09 success=1 return=  -8.358 final_d=0.0461 m min_d=0.0461 m
episode=460 steps=05 success=1 return=  -4.026 final_d=0.0252 m min_d=0.0252 m
episode=461 steps=09 success=1 return=  -9.009 final_d=0.0482 m min_d=0.0482 m
episode=462 steps=05 success=1 return=  -4.000 final_d=0.0292 m min_d=0.0292 m
episode=463 steps=18 success=1 return= -21.021 final_d=0.0373 m min_d=0.0373 m
episode=464 steps=50 success=0 return= -52.242 final_d=0.0940 m min_d=0.0940 m
episode=465 steps=06 success=1 return=  -5.419 final_d=0.0421 m min_d=0.0421 m
episode=466 steps=05 success=1 return=  -4.000 final_d=0.0410 m min_d=0.0410 m
episode=467 steps=05 success=1 return=  -4.968 final_d=0.0199 m min_d=0.0199 m
episode=468 steps=05 success=1 return=  -4.294 final_d=0.0401 m min_d=0.0401 m
episode=469 steps=07 success=1 return=  -7.259 final_d=0.0462 m min_d=0.0462 m
episode=470 steps=05 success=1 return=  -4.100 final_d=0.0093 m min_d=0.0093 m
episode=471 steps=50 success=0 return= -52.806 final_d=0.1320 m min_d=0.0565 m
episode=472 steps=09 success=1 return=  -9.483 final_d=0.0390 m min_d=0.0390 m
episode=473 steps=05 success=1 return=  -4.636 final_d=0.0483 m min_d=0.0483 m
episode=474 steps=05 success=1 return=  -4.976 final_d=0.0475 m min_d=0.0475 m
episode=475 steps=07 success=1 return=  -6.873 final_d=0.0331 m min_d=0.0331 m
episode=476 steps=08 success=1 return=  -7.500 final_d=0.0137 m min_d=0.0137 m
episode=477 steps=05 success=1 return=  -4.572 final_d=0.0434 m min_d=0.0434 m
episode=478 steps=05 success=1 return=  -4.000 final_d=0.0350 m min_d=0.0350 m
episode=479 steps=07 success=1 return=  -6.029 final_d=0.0456 m min_d=0.0456 m
episode=480 steps=07 success=1 return=  -7.151 final_d=0.0415 m min_d=0.0415 m
episode=481 steps=04 success=1 return=  -3.000 final_d=0.0271 m min_d=0.0271 m
episode=482 steps=05 success=1 return=  -4.000 final_d=0.0322 m min_d=0.0322 m
episode=483 steps=07 success=1 return=  -7.506 final_d=0.0210 m min_d=0.0210 m
episode=484 steps=04 success=1 return=  -3.000 final_d=0.0484 m min_d=0.0484 m
episode=485 steps=09 success=1 return=  -9.299 final_d=0.0232 m min_d=0.0232 m
episode=486 steps=05 success=1 return=  -4.000 final_d=0.0059 m min_d=0.0059 m
episode=487 steps=05 success=1 return=  -4.905 final_d=0.0368 m min_d=0.0368 m
episode=488 steps=05 success=1 return=  -4.000 final_d=0.0449 m min_d=0.0449 m
episode=489 steps=07 success=1 return=  -6.734 final_d=0.0420 m min_d=0.0420 m
episode=490 steps=05 success=1 return=  -4.000 final_d=0.0186 m min_d=0.0186 m
episode=491 steps=07 success=1 return=  -7.079 final_d=0.0306 m min_d=0.0306 m
episode=492 steps=50 success=0 return= -52.326 final_d=0.1369 m min_d=0.0554 m
episode=493 steps=05 success=1 return=  -4.802 final_d=0.0248 m min_d=0.0248 m
episode=494 steps=19 success=1 return= -20.003 final_d=0.0257 m min_d=0.0257 m
episode=495 steps=07 success=1 return=  -6.746 final_d=0.0419 m min_d=0.0419 m
episode=496 steps=06 success=1 return=  -5.000 final_d=0.0408 m min_d=0.0408 m
episode=497 steps=01 success=1 return=   0.000 final_d=0.0364 m min_d=0.0364 m
episode=498 steps=50 success=0 return= -51.087 final_d=0.1024 m min_d=0.1019 m
episode=499 steps=05 success=1 return=  -4.515 final_d=0.0358 m min_d=0.0358 m
summary episodes=500 success_rate=0.906 mean_final_d=0.0379 m mean_min_d=0.0363 m
results=C:\Users\HSN5WX\Desktop\Projects\franka_control\inference_results_part2.csv
