AdroitHandRelocateDense-v1, AdroitHandHammerDense-v1, AdroitHandDoorDense-v1 environment's reward functions were updated in v1.2.1 without an environment version update. Therefore, use gymnasium-robotics==1.2.0 for v1 reproducibility or use v2 in gymnasium-robotics>=1.4.3. See https://github.com/Farama-Foundation/Gymnasium-Robotics/pull/220 for more details
Wrapping the env with a `Monitor` wrapper
Wrapping the env in a DummyVecEnv.
episode=000 steps=15 success=1 return= -14.682 final_d=0.0061 m min_d=0.0061 m
episode=001 steps=06 success=1 return=  -5.415 final_d=0.0221 m min_d=0.0221 m
episode=002 steps=04 success=1 return=  -3.000 final_d=0.0338 m min_d=0.0338 m
episode=003 steps=50 success=0 return= -50.872 final_d=0.1138 m min_d=0.0528 m
episode=004 steps=01 success=1 return=   0.000 final_d=0.0113 m min_d=0.0113 m
episode=005 steps=11 success=1 return= -12.437 final_d=0.0439 m min_d=0.0439 m
episode=006 steps=09 success=1 return=  -9.839 final_d=0.0313 m min_d=0.0313 m
episode=007 steps=12 success=1 return= -13.640 final_d=0.0404 m min_d=0.0404 m
episode=008 steps=10 success=1 return=  -9.125 final_d=0.0152 m min_d=0.0152 m
episode=009 steps=05 success=1 return=  -4.000 final_d=0.0369 m min_d=0.0369 m
episode=010 steps=05 success=1 return=  -4.000 final_d=0.0296 m min_d=0.0296 m
episode=011 steps=01 success=1 return=   0.000 final_d=0.0259 m min_d=0.0259 m
episode=012 steps=04 success=1 return=  -3.000 final_d=0.0156 m min_d=0.0156 m
episode=013 steps=09 success=1 return=  -9.418 final_d=0.0450 m min_d=0.0450 m
episode=014 steps=05 success=1 return=  -4.083 final_d=0.0162 m min_d=0.0162 m
episode=015 steps=07 success=1 return=  -6.000 final_d=0.0131 m min_d=0.0131 m
episode=016 steps=05 success=1 return=  -4.000 final_d=0.0259 m min_d=0.0259 m
episode=017 steps=04 success=1 return=  -3.000 final_d=0.0473 m min_d=0.0473 m
episode=018 steps=05 success=1 return=  -4.660 final_d=0.0488 m min_d=0.0488 m
episode=019 steps=12 success=1 return= -12.410 final_d=0.0487 m min_d=0.0487 m
episode=020 steps=09 success=1 return=  -8.891 final_d=0.0177 m min_d=0.0177 m
episode=021 steps=20 success=1 return= -22.641 final_d=0.0480 m min_d=0.0480 m
episode=022 steps=50 success=0 return= -52.135 final_d=0.0682 m min_d=0.0540 m
episode=023 steps=10 success=1 return= -11.019 final_d=0.0375 m min_d=0.0375 m
episode=024 steps=06 success=1 return=  -5.011 final_d=0.0255 m min_d=0.0255 m
episode=025 steps=07 success=1 return=  -6.523 final_d=0.0423 m min_d=0.0423 m
episode=026 steps=08 success=1 return=  -7.490 final_d=0.0500 m min_d=0.0500 m
episode=027 steps=05 success=1 return=  -4.000 final_d=0.0191 m min_d=0.0191 m
episode=028 steps=20 success=1 return= -21.249 final_d=0.0316 m min_d=0.0316 m
episode=029 steps=01 success=1 return=   0.000 final_d=0.0464 m min_d=0.0464 m
episode=030 steps=06 success=1 return=  -5.000 final_d=0.0464 m min_d=0.0464 m
episode=031 steps=05 success=1 return=  -4.051 final_d=0.0214 m min_d=0.0214 m
episode=032 steps=10 success=1 return= -10.664 final_d=0.0421 m min_d=0.0421 m
episode=033 steps=50 success=0 return= -50.087 final_d=0.0797 m min_d=0.0797 m
episode=034 steps=50 success=0 return= -50.322 final_d=0.0548 m min_d=0.0547 m
episode=035 steps=15 success=1 return= -16.609 final_d=0.0478 m min_d=0.0478 m
episode=036 steps=11 success=1 return= -11.638 final_d=0.0378 m min_d=0.0378 m
episode=037 steps=05 success=1 return=  -4.433 final_d=0.0243 m min_d=0.0243 m
episode=038 steps=11 success=1 return= -10.656 final_d=0.0405 m min_d=0.0405 m
episode=039 steps=05 success=1 return=  -4.000 final_d=0.0425 m min_d=0.0425 m
episode=040 steps=05 success=1 return=  -4.000 final_d=0.0256 m min_d=0.0256 m
episode=041 steps=04 success=1 return=  -3.000 final_d=0.0366 m min_d=0.0366 m
episode=042 steps=08 success=1 return=  -7.570 final_d=0.0262 m min_d=0.0262 m
episode=043 steps=05 success=1 return=  -4.000 final_d=0.0447 m min_d=0.0447 m
episode=044 steps=50 success=0 return= -50.267 final_d=0.0764 m min_d=0.0505 m
episode=045 steps=01 success=1 return=   0.000 final_d=0.0355 m min_d=0.0355 m
episode=046 steps=12 success=1 return= -13.197 final_d=0.0370 m min_d=0.0370 m
episode=047 steps=07 success=1 return=  -6.873 final_d=0.0426 m min_d=0.0426 m
episode=048 steps=01 success=1 return=   0.000 final_d=0.0364 m min_d=0.0364 m
episode=049 steps=50 success=0 return= -50.000 final_d=0.0869 m min_d=0.0869 m
episode=050 steps=07 success=1 return=  -6.000 final_d=0.0489 m min_d=0.0489 m
episode=051 steps=11 success=1 return= -11.797 final_d=0.0459 m min_d=0.0459 m
episode=052 steps=05 success=1 return=  -4.929 final_d=0.0492 m min_d=0.0492 m
episode=053 steps=05 success=1 return=  -4.504 final_d=0.0340 m min_d=0.0340 m
episode=054 steps=05 success=1 return=  -4.921 final_d=0.0211 m min_d=0.0211 m
episode=055 steps=06 success=1 return=  -5.242 final_d=0.0439 m min_d=0.0439 m
episode=056 steps=06 success=1 return=  -5.797 final_d=0.0409 m min_d=0.0409 m
episode=057 steps=08 success=1 return=  -7.945 final_d=0.0114 m min_d=0.0114 m
episode=058 steps=05 success=1 return=  -4.000 final_d=0.0270 m min_d=0.0270 m
episode=059 steps=12 success=1 return= -12.420 final_d=0.0236 m min_d=0.0236 m
episode=060 steps=10 success=1 return= -11.014 final_d=0.0344 m min_d=0.0344 m
episode=061 steps=05 success=1 return=  -4.000 final_d=0.0127 m min_d=0.0127 m
episode=062 steps=06 success=1 return=  -5.000 final_d=0.0233 m min_d=0.0233 m
episode=063 steps=07 success=1 return=  -6.000 final_d=0.0283 m min_d=0.0283 m
episode=064 steps=10 success=1 return= -10.857 final_d=0.0166 m min_d=0.0166 m
episode=065 steps=05 success=1 return=  -4.402 final_d=0.0207 m min_d=0.0207 m
episode=066 steps=05 success=1 return=  -4.000 final_d=0.0199 m min_d=0.0199 m
episode=067 steps=08 success=1 return=  -7.940 final_d=0.0113 m min_d=0.0113 m
episode=068 steps=07 success=1 return=  -6.838 final_d=0.0254 m min_d=0.0254 m
episode=069 steps=50 success=0 return= -52.683 final_d=0.0595 m min_d=0.0595 m
episode=070 steps=10 success=1 return= -10.596 final_d=0.0476 m min_d=0.0476 m
episode=071 steps=50 success=0 return= -50.000 final_d=0.0753 m min_d=0.0662 m
episode=072 steps=12 success=1 return= -13.154 final_d=0.0366 m min_d=0.0366 m
episode=073 steps=04 success=1 return=  -3.000 final_d=0.0242 m min_d=0.0242 m
episode=074 steps=05 success=1 return=  -4.713 final_d=0.0485 m min_d=0.0485 m
episode=075 steps=50 success=0 return= -50.783 final_d=0.1218 m min_d=0.1218 m
episode=076 steps=05 success=1 return=  -4.664 final_d=0.0307 m min_d=0.0307 m
episode=077 steps=09 success=1 return=  -8.387 final_d=0.0382 m min_d=0.0382 m
episode=078 steps=09 success=1 return=  -9.460 final_d=0.0199 m min_d=0.0199 m
episode=079 steps=04 success=1 return=  -3.000 final_d=0.0315 m min_d=0.0315 m
episode=080 steps=01 success=1 return=   0.000 final_d=0.0179 m min_d=0.0179 m
episode=081 steps=05 success=1 return=  -4.596 final_d=0.0298 m min_d=0.0298 m
episode=082 steps=50 success=0 return= -60.666 final_d=0.1866 m min_d=0.1866 m
episode=083 steps=50 success=0 return= -50.499 final_d=0.0610 m min_d=0.0605 m
episode=084 steps=01 success=1 return=   0.000 final_d=0.0339 m min_d=0.0339 m
episode=085 steps=04 success=1 return=  -3.000 final_d=0.0384 m min_d=0.0384 m
episode=086 steps=05 success=1 return=  -4.181 final_d=0.0359 m min_d=0.0359 m
episode=087 steps=50 success=0 return= -55.308 final_d=0.1487 m min_d=0.0689 m
episode=088 steps=50 success=0 return= -51.273 final_d=0.0988 m min_d=0.0988 m
episode=089 steps=05 success=1 return=  -4.000 final_d=0.0372 m min_d=0.0372 m
episode=090 steps=05 success=1 return=  -4.000 final_d=0.0109 m min_d=0.0109 m
episode=091 steps=08 success=1 return=  -7.727 final_d=0.0175 m min_d=0.0175 m
episode=092 steps=05 success=1 return=  -5.007 final_d=0.0018 m min_d=0.0018 m
episode=093 steps=05 success=1 return=  -4.041 final_d=0.0192 m min_d=0.0192 m
episode=094 steps=05 success=1 return=  -4.000 final_d=0.0363 m min_d=0.0363 m
episode=095 steps=09 success=1 return=  -8.035 final_d=0.0485 m min_d=0.0485 m
episode=096 steps=05 success=1 return=  -4.000 final_d=0.0129 m min_d=0.0129 m
episode=097 steps=05 success=1 return=  -4.000 final_d=0.0277 m min_d=0.0277 m
episode=098 steps=05 success=1 return=  -4.000 final_d=0.0047 m min_d=0.0047 m
episode=099 steps=50 success=0 return= -50.049 final_d=0.0694 m min_d=0.0624 m
episode=100 steps=07 success=1 return=  -6.991 final_d=0.0492 m min_d=0.0492 m
episode=101 steps=08 success=1 return=  -8.061 final_d=0.0344 m min_d=0.0344 m
episode=102 steps=05 success=1 return=  -4.375 final_d=0.0379 m min_d=0.0379 m
episode=103 steps=50 success=0 return= -50.435 final_d=0.0630 m min_d=0.0547 m
episode=104 steps=13 success=1 return= -12.973 final_d=0.0337 m min_d=0.0337 m
episode=105 steps=50 success=0 return= -51.204 final_d=0.1020 m min_d=0.1020 m
episode=106 steps=09 success=1 return=  -8.409 final_d=0.0126 m min_d=0.0126 m
episode=107 steps=05 success=1 return=  -4.306 final_d=0.0227 m min_d=0.0227 m
episode=108 steps=08 success=1 return=  -8.321 final_d=0.0358 m min_d=0.0358 m
episode=109 steps=05 success=1 return=  -4.000 final_d=0.0481 m min_d=0.0481 m
episode=110 steps=05 success=1 return=  -4.667 final_d=0.0404 m min_d=0.0404 m
episode=111 steps=11 success=1 return= -11.059 final_d=0.0131 m min_d=0.0131 m
episode=112 steps=01 success=1 return=   0.000 final_d=0.0422 m min_d=0.0422 m
episode=113 steps=13 success=1 return= -13.668 final_d=0.0115 m min_d=0.0115 m
episode=114 steps=07 success=1 return=  -6.820 final_d=0.0308 m min_d=0.0308 m
episode=115 steps=12 success=1 return= -13.130 final_d=0.0419 m min_d=0.0419 m
episode=116 steps=50 success=0 return= -50.978 final_d=0.0893 m min_d=0.0888 m
episode=117 steps=13 success=1 return= -14.880 final_d=0.0023 m min_d=0.0023 m
episode=118 steps=07 success=1 return=  -6.000 final_d=0.0168 m min_d=0.0168 m
episode=119 steps=09 success=1 return=  -8.000 final_d=0.0024 m min_d=0.0024 m
episode=120 steps=08 success=1 return=  -7.999 final_d=0.0370 m min_d=0.0370 m
episode=121 steps=05 success=1 return=  -4.698 final_d=0.0388 m min_d=0.0388 m
episode=122 steps=50 success=0 return= -52.012 final_d=0.1190 m min_d=0.1190 m
episode=123 steps=05 success=1 return=  -4.000 final_d=0.0316 m min_d=0.0316 m
episode=124 steps=12 success=1 return= -12.762 final_d=0.0066 m min_d=0.0066 m
episode=125 steps=05 success=1 return=  -4.244 final_d=0.0365 m min_d=0.0365 m
episode=126 steps=07 success=1 return=  -7.360 final_d=0.0488 m min_d=0.0488 m
episode=127 steps=04 success=1 return=  -3.000 final_d=0.0473 m min_d=0.0473 m
episode=128 steps=08 success=1 return=  -7.000 final_d=0.0314 m min_d=0.0314 m
episode=129 steps=04 success=1 return=  -3.000 final_d=0.0382 m min_d=0.0382 m
episode=130 steps=05 success=1 return=  -4.036 final_d=0.0455 m min_d=0.0455 m
episode=131 steps=04 success=1 return=  -3.000 final_d=0.0420 m min_d=0.0420 m
episode=132 steps=50 success=0 return= -51.021 final_d=0.0656 m min_d=0.0656 m
episode=133 steps=10 success=1 return=  -9.000 final_d=0.0475 m min_d=0.0475 m
episode=134 steps=05 success=1 return=  -4.000 final_d=0.0189 m min_d=0.0189 m
episode=135 steps=50 success=0 return= -51.223 final_d=0.0736 m min_d=0.0736 m
episode=136 steps=05 success=1 return=  -4.115 final_d=0.0440 m min_d=0.0440 m
episode=137 steps=05 success=1 return=  -4.000 final_d=0.0302 m min_d=0.0302 m
episode=138 steps=09 success=1 return= -10.236 final_d=0.0260 m min_d=0.0260 m
episode=139 steps=06 success=1 return=  -6.151 final_d=0.0437 m min_d=0.0437 m
episode=140 steps=04 success=1 return=  -3.000 final_d=0.0370 m min_d=0.0370 m
episode=141 steps=07 success=1 return=  -6.000 final_d=0.0480 m min_d=0.0480 m
episode=142 steps=05 success=1 return=  -4.000 final_d=0.0412 m min_d=0.0412 m
episode=143 steps=04 success=1 return=  -3.000 final_d=0.0373 m min_d=0.0373 m
episode=144 steps=01 success=1 return=   0.000 final_d=0.0167 m min_d=0.0167 m
episode=145 steps=06 success=1 return=  -5.412 final_d=0.0368 m min_d=0.0368 m
episode=146 steps=05 success=1 return=  -4.274 final_d=0.0031 m min_d=0.0031 m
episode=147 steps=05 success=1 return=  -4.742 final_d=0.0411 m min_d=0.0411 m
episode=148 steps=06 success=1 return=  -6.233 final_d=0.0414 m min_d=0.0414 m
episode=149 steps=32 success=1 return= -31.885 final_d=0.0478 m min_d=0.0478 m
episode=150 steps=05 success=1 return=  -4.000 final_d=0.0283 m min_d=0.0283 m
episode=151 steps=08 success=1 return=  -8.763 final_d=0.0153 m min_d=0.0153 m
episode=152 steps=01 success=1 return=   0.000 final_d=0.0371 m min_d=0.0371 m
episode=153 steps=15 success=1 return= -14.000 final_d=0.0498 m min_d=0.0498 m
episode=154 steps=50 success=0 return= -51.474 final_d=0.0583 m min_d=0.0583 m
episode=155 steps=10 success=1 return= -10.656 final_d=0.0174 m min_d=0.0174 m
episode=156 steps=50 success=0 return= -57.239 final_d=0.1675 m min_d=0.0760 m
episode=157 steps=05 success=1 return=  -4.579 final_d=0.0089 m min_d=0.0089 m
episode=158 steps=50 success=0 return= -51.270 final_d=0.0764 m min_d=0.0663 m
episode=159 steps=01 success=1 return=   0.000 final_d=0.0049 m min_d=0.0049 m
episode=160 steps=50 success=0 return= -52.376 final_d=0.1154 m min_d=0.1154 m
episode=161 steps=09 success=1 return=  -9.102 final_d=0.0030 m min_d=0.0030 m
episode=162 steps=07 success=1 return=  -7.259 final_d=0.0416 m min_d=0.0416 m
episode=163 steps=07 success=1 return=  -7.393 final_d=0.0334 m min_d=0.0334 m
episode=164 steps=01 success=1 return=   0.000 final_d=0.0209 m min_d=0.0209 m
episode=165 steps=09 success=1 return=  -9.087 final_d=0.0252 m min_d=0.0252 m
episode=166 steps=50 success=0 return= -54.830 final_d=0.1370 m min_d=0.1239 m
episode=167 steps=05 success=1 return=  -4.000 final_d=0.0109 m min_d=0.0109 m
episode=168 steps=06 success=1 return=  -5.000 final_d=0.0178 m min_d=0.0178 m
episode=169 steps=05 success=1 return=  -4.050 final_d=0.0497 m min_d=0.0497 m
episode=170 steps=05 success=1 return=  -4.396 final_d=0.0261 m min_d=0.0261 m
episode=171 steps=13 success=1 return= -15.131 final_d=0.0372 m min_d=0.0372 m
episode=172 steps=04 success=1 return=  -3.000 final_d=0.0359 m min_d=0.0359 m
episode=173 steps=05 success=1 return=  -4.000 final_d=0.0261 m min_d=0.0261 m
episode=174 steps=50 success=0 return= -50.000 final_d=0.0507 m min_d=0.0507 m
episode=175 steps=50 success=0 return= -50.581 final_d=0.0535 m min_d=0.0530 m
episode=176 steps=11 success=1 return= -11.273 final_d=0.0317 m min_d=0.0317 m
episode=177 steps=07 success=1 return=  -6.725 final_d=0.0397 m min_d=0.0397 m
episode=178 steps=09 success=1 return=  -9.517 final_d=0.0452 m min_d=0.0452 m
episode=179 steps=08 success=1 return=  -8.552 final_d=0.0414 m min_d=0.0414 m
episode=180 steps=05 success=1 return=  -4.000 final_d=0.0354 m min_d=0.0354 m
episode=181 steps=11 success=1 return= -10.258 final_d=0.0425 m min_d=0.0425 m
episode=182 steps=50 success=0 return= -50.959 final_d=0.0805 m min_d=0.0790 m
episode=183 steps=05 success=1 return=  -4.811 final_d=0.0175 m min_d=0.0175 m
episode=184 steps=05 success=1 return=  -4.417 final_d=0.0317 m min_d=0.0317 m
episode=185 steps=50 success=0 return= -53.038 final_d=0.0686 m min_d=0.0686 m
episode=186 steps=08 success=1 return=  -8.856 final_d=0.0309 m min_d=0.0309 m
episode=187 steps=04 success=1 return=  -3.000 final_d=0.0359 m min_d=0.0359 m
episode=188 steps=07 success=1 return=  -6.000 final_d=0.0443 m min_d=0.0443 m
episode=189 steps=04 success=1 return=  -3.000 final_d=0.0390 m min_d=0.0390 m
episode=190 steps=01 success=1 return=   0.000 final_d=0.0097 m min_d=0.0097 m
episode=191 steps=09 success=1 return=  -8.329 final_d=0.0305 m min_d=0.0305 m
episode=192 steps=05 success=1 return=  -4.139 final_d=0.0124 m min_d=0.0124 m
episode=193 steps=04 success=1 return=  -3.000 final_d=0.0445 m min_d=0.0445 m
episode=194 steps=05 success=1 return=  -4.000 final_d=0.0335 m min_d=0.0335 m
episode=195 steps=08 success=1 return=  -8.031 final_d=0.0245 m min_d=0.0245 m
episode=196 steps=07 success=1 return=  -6.875 final_d=0.0114 m min_d=0.0114 m
episode=197 steps=06 success=1 return=  -5.000 final_d=0.0469 m min_d=0.0469 m
episode=198 steps=06 success=1 return=  -5.511 final_d=0.0386 m min_d=0.0386 m
episode=199 steps=50 success=0 return= -53.858 final_d=0.1386 m min_d=0.1386 m
episode=200 steps=09 success=1 return=  -9.350 final_d=0.0415 m min_d=0.0415 m
episode=201 steps=05 success=1 return=  -4.130 final_d=0.0373 m min_d=0.0373 m
episode=202 steps=50 success=0 return= -51.388 final_d=0.1137 m min_d=0.0845 m
episode=203 steps=05 success=1 return=  -4.090 final_d=0.0305 m min_d=0.0305 m
episode=204 steps=01 success=1 return=   0.000 final_d=0.0293 m min_d=0.0293 m
episode=205 steps=05 success=1 return=  -4.000 final_d=0.0290 m min_d=0.0290 m
episode=206 steps=07 success=1 return=  -7.774 final_d=0.0270 m min_d=0.0270 m
episode=207 steps=50 success=0 return= -50.534 final_d=0.0515 m min_d=0.0515 m
episode=208 steps=04 success=1 return=  -3.000 final_d=0.0346 m min_d=0.0346 m
episode=209 steps=09 success=1 return=  -9.131 final_d=0.0290 m min_d=0.0290 m
episode=210 steps=06 success=1 return=  -5.000 final_d=0.0383 m min_d=0.0383 m
episode=211 steps=06 success=1 return=  -5.748 final_d=0.0353 m min_d=0.0353 m
episode=212 steps=11 success=1 return= -11.403 final_d=0.0314 m min_d=0.0314 m
episode=213 steps=09 success=1 return=  -9.060 final_d=0.0310 m min_d=0.0310 m
episode=214 steps=13 success=1 return= -12.000 final_d=0.0315 m min_d=0.0315 m
episode=215 steps=05 success=1 return=  -4.000 final_d=0.0270 m min_d=0.0270 m
episode=216 steps=05 success=1 return=  -4.135 final_d=0.0405 m min_d=0.0405 m
episode=217 steps=05 success=1 return=  -4.514 final_d=0.0203 m min_d=0.0203 m
episode=218 steps=05 success=1 return=  -4.000 final_d=0.0169 m min_d=0.0169 m
episode=219 steps=05 success=1 return=  -4.000 final_d=0.0221 m min_d=0.0221 m
episode=220 steps=07 success=1 return=  -6.554 final_d=0.0035 m min_d=0.0035 m
episode=221 steps=12 success=1 return= -13.068 final_d=0.0275 m min_d=0.0275 m
episode=222 steps=05 success=1 return=  -4.000 final_d=0.0202 m min_d=0.0202 m
episode=223 steps=07 success=1 return=  -6.919 final_d=0.0366 m min_d=0.0366 m
episode=224 steps=01 success=1 return=   0.000 final_d=0.0141 m min_d=0.0141 m
episode=225 steps=05 success=1 return=  -4.561 final_d=0.0256 m min_d=0.0256 m
episode=226 steps=05 success=1 return=  -4.787 final_d=0.0492 m min_d=0.0492 m
episode=227 steps=06 success=1 return=  -5.000 final_d=0.0430 m min_d=0.0430 m
episode=228 steps=05 success=1 return=  -4.123 final_d=0.0369 m min_d=0.0369 m
episode=229 steps=08 success=1 return=  -8.517 final_d=0.0458 m min_d=0.0458 m
episode=230 steps=50 success=0 return= -50.636 final_d=0.0528 m min_d=0.0528 m
episode=231 steps=11 success=1 return= -12.890 final_d=0.0269 m min_d=0.0269 m
episode=232 steps=05 success=1 return=  -4.000 final_d=0.0332 m min_d=0.0332 m
episode=233 steps=05 success=1 return=  -4.864 final_d=0.0449 m min_d=0.0449 m
episode=234 steps=05 success=1 return=  -4.756 final_d=0.0336 m min_d=0.0336 m
episode=235 steps=05 success=1 return=  -4.543 final_d=0.0180 m min_d=0.0180 m
episode=236 steps=06 success=1 return=  -5.000 final_d=0.0179 m min_d=0.0179 m
episode=237 steps=07 success=1 return=  -6.624 final_d=0.0332 m min_d=0.0332 m
episode=238 steps=06 success=1 return=  -5.488 final_d=0.0459 m min_d=0.0459 m
episode=239 steps=11 success=1 return= -10.000 final_d=0.0440 m min_d=0.0440 m
episode=240 steps=01 success=1 return=   0.000 final_d=0.0443 m min_d=0.0443 m
episode=241 steps=50 success=0 return= -51.330 final_d=0.0576 m min_d=0.0575 m
episode=242 steps=05 success=1 return=  -4.173 final_d=0.0136 m min_d=0.0136 m
episode=243 steps=04 success=1 return=  -3.000 final_d=0.0346 m min_d=0.0346 m
episode=244 steps=05 success=1 return=  -4.000 final_d=0.0176 m min_d=0.0176 m
episode=245 steps=05 success=1 return=  -4.442 final_d=0.0398 m min_d=0.0398 m
episode=246 steps=11 success=1 return= -11.670 final_d=0.0474 m min_d=0.0474 m
episode=247 steps=01 success=1 return=   0.000 final_d=0.0130 m min_d=0.0130 m
episode=248 steps=01 success=1 return=   0.000 final_d=0.0354 m min_d=0.0354 m
episode=249 steps=08 success=1 return=  -9.393 final_d=0.0409 m min_d=0.0409 m
episode=250 steps=50 success=0 return= -55.709 final_d=0.1499 m min_d=0.0566 m
episode=251 steps=08 success=1 return=  -8.670 final_d=0.0415 m min_d=0.0415 m
episode=252 steps=09 success=1 return=  -9.150 final_d=0.0297 m min_d=0.0297 m
episode=253 steps=01 success=1 return=   0.000 final_d=0.0058 m min_d=0.0058 m
episode=254 steps=04 success=1 return=  -3.000 final_d=0.0372 m min_d=0.0372 m
episode=255 steps=05 success=1 return=  -4.476 final_d=0.0333 m min_d=0.0333 m
episode=256 steps=06 success=1 return=  -5.000 final_d=0.0424 m min_d=0.0424 m
episode=257 steps=07 success=1 return=  -6.782 final_d=0.0471 m min_d=0.0471 m
episode=258 steps=50 success=0 return= -51.545 final_d=0.0520 m min_d=0.0520 m
episode=259 steps=07 success=1 return=  -6.450 final_d=0.0435 m min_d=0.0435 m
episode=260 steps=11 success=1 return= -12.529 final_d=0.0225 m min_d=0.0225 m
episode=261 steps=50 success=0 return= -50.509 final_d=0.0694 m min_d=0.0694 m
episode=262 steps=09 success=1 return=  -8.284 final_d=0.0157 m min_d=0.0157 m
episode=263 steps=50 success=0 return= -51.685 final_d=0.0921 m min_d=0.0921 m
episode=264 steps=05 success=1 return=  -4.000 final_d=0.0318 m min_d=0.0318 m
episode=265 steps=09 success=1 return=  -8.000 final_d=0.0292 m min_d=0.0292 m
episode=266 steps=07 success=1 return=  -6.602 final_d=0.0057 m min_d=0.0057 m
episode=267 steps=12 success=1 return= -13.616 final_d=0.0258 m min_d=0.0258 m
episode=268 steps=16 success=1 return= -18.376 final_d=0.0433 m min_d=0.0433 m
episode=269 steps=06 success=1 return=  -5.000 final_d=0.0167 m min_d=0.0167 m
episode=270 steps=06 success=1 return=  -5.420 final_d=0.0398 m min_d=0.0398 m
episode=271 steps=50 success=0 return= -52.133 final_d=0.0876 m min_d=0.0833 m
episode=272 steps=01 success=1 return=   0.000 final_d=0.0442 m min_d=0.0442 m
episode=273 steps=06 success=1 return=  -5.111 final_d=0.0348 m min_d=0.0348 m
episode=274 steps=12 success=1 return= -11.791 final_d=0.0295 m min_d=0.0295 m
episode=275 steps=05 success=1 return=  -4.117 final_d=0.0327 m min_d=0.0327 m
episode=276 steps=50 success=0 return= -52.181 final_d=0.1076 m min_d=0.0975 m
episode=277 steps=08 success=1 return=  -8.498 final_d=0.0140 m min_d=0.0140 m
episode=278 steps=05 success=1 return=  -4.172 final_d=0.0396 m min_d=0.0396 m
episode=279 steps=05 success=1 return=  -4.300 final_d=0.0258 m min_d=0.0258 m
episode=280 steps=09 success=1 return=  -9.524 final_d=0.0347 m min_d=0.0347 m
episode=281 steps=05 success=1 return=  -4.209 final_d=0.0302 m min_d=0.0302 m
episode=282 steps=50 success=0 return= -51.796 final_d=0.1085 m min_d=0.1085 m
episode=283 steps=11 success=1 return= -12.184 final_d=0.0404 m min_d=0.0404 m
episode=284 steps=12 success=1 return= -13.448 final_d=0.0456 m min_d=0.0456 m
episode=285 steps=05 success=1 return=  -4.052 final_d=0.0329 m min_d=0.0329 m
episode=286 steps=16 success=1 return= -17.805 final_d=0.0424 m min_d=0.0424 m
episode=287 steps=50 success=0 return= -50.121 final_d=0.0526 m min_d=0.0522 m
episode=288 steps=06 success=1 return=  -5.000 final_d=0.0195 m min_d=0.0195 m
episode=289 steps=04 success=1 return=  -3.000 final_d=0.0189 m min_d=0.0189 m
episode=290 steps=05 success=1 return=  -5.314 final_d=0.0495 m min_d=0.0495 m
episode=291 steps=01 success=1 return=   0.000 final_d=0.0359 m min_d=0.0359 m
episode=292 steps=09 success=1 return=  -8.707 final_d=0.0260 m min_d=0.0260 m
episode=293 steps=04 success=1 return=  -3.000 final_d=0.0443 m min_d=0.0443 m
episode=294 steps=05 success=1 return=  -4.029 final_d=0.0401 m min_d=0.0401 m
episode=295 steps=08 success=1 return=  -7.877 final_d=0.0424 m min_d=0.0424 m
episode=296 steps=04 success=1 return=  -3.000 final_d=0.0500 m min_d=0.0500 m
episode=297 steps=08 success=1 return=  -8.405 final_d=0.0148 m min_d=0.0148 m
episode=298 steps=50 success=0 return= -50.555 final_d=0.0636 m min_d=0.0631 m
episode=299 steps=50 success=0 return= -52.491 final_d=0.1255 m min_d=0.1253 m
episode=300 steps=11 success=1 return= -11.088 final_d=0.0177 m min_d=0.0177 m
episode=301 steps=06 success=1 return=  -5.405 final_d=0.0460 m min_d=0.0460 m
episode=302 steps=14 success=1 return= -14.862 final_d=0.0284 m min_d=0.0284 m
episode=303 steps=05 success=1 return=  -4.000 final_d=0.0436 m min_d=0.0436 m
episode=304 steps=04 success=1 return=  -3.000 final_d=0.0342 m min_d=0.0342 m
episode=305 steps=01 success=1 return=   0.000 final_d=0.0287 m min_d=0.0287 m
episode=306 steps=08 success=1 return=  -8.014 final_d=0.0287 m min_d=0.0287 m
episode=307 steps=08 success=1 return=  -7.576 final_d=0.0208 m min_d=0.0208 m
episode=308 steps=01 success=1 return=   0.000 final_d=0.0422 m min_d=0.0422 m
episode=309 steps=04 success=1 return=  -3.000 final_d=0.0495 m min_d=0.0495 m
episode=310 steps=05 success=1 return=  -4.489 final_d=0.0193 m min_d=0.0193 m
episode=311 steps=05 success=1 return=  -4.082 final_d=0.0242 m min_d=0.0242 m
episode=312 steps=13 success=1 return= -12.917 final_d=0.0218 m min_d=0.0218 m
episode=313 steps=14 success=1 return= -16.166 final_d=0.0285 m min_d=0.0285 m
episode=314 steps=05 success=1 return=  -4.000 final_d=0.0137 m min_d=0.0137 m
episode=315 steps=06 success=1 return=  -5.000 final_d=0.0353 m min_d=0.0353 m
episode=316 steps=15 success=1 return= -15.222 final_d=0.0290 m min_d=0.0290 m
episode=317 steps=15 success=1 return= -15.199 final_d=0.0483 m min_d=0.0483 m
episode=318 steps=05 success=1 return=  -4.000 final_d=0.0173 m min_d=0.0173 m
episode=319 steps=50 success=0 return= -51.341 final_d=0.0851 m min_d=0.0582 m
episode=320 steps=50 success=0 return= -50.880 final_d=0.0849 m min_d=0.0849 m
episode=321 steps=05 success=1 return=  -4.215 final_d=0.0307 m min_d=0.0307 m
episode=322 steps=08 success=1 return=  -7.364 final_d=0.0489 m min_d=0.0489 m
episode=323 steps=05 success=1 return=  -4.000 final_d=0.0174 m min_d=0.0174 m
episode=324 steps=07 success=1 return=  -6.256 final_d=0.0455 m min_d=0.0455 m
episode=325 steps=10 success=1 return= -11.049 final_d=0.0322 m min_d=0.0322 m
episode=326 steps=50 success=0 return= -50.932 final_d=0.0659 m min_d=0.0633 m
episode=327 steps=05 success=1 return=  -4.000 final_d=0.0485 m min_d=0.0485 m
episode=328 steps=07 success=1 return=  -6.540 final_d=0.0374 m min_d=0.0374 m
episode=329 steps=06 success=1 return=  -5.000 final_d=0.0181 m min_d=0.0181 m
episode=330 steps=50 success=0 return= -50.068 final_d=0.0849 m min_d=0.0845 m
episode=331 steps=16 success=1 return= -16.968 final_d=0.0398 m min_d=0.0398 m
episode=332 steps=05 success=1 return=  -4.408 final_d=0.0377 m min_d=0.0377 m
episode=333 steps=08 success=1 return=  -8.214 final_d=0.0498 m min_d=0.0498 m
episode=334 steps=05 success=1 return=  -4.000 final_d=0.0207 m min_d=0.0207 m
episode=335 steps=01 success=1 return=   0.000 final_d=0.0484 m min_d=0.0484 m
episode=336 steps=09 success=1 return=  -8.035 final_d=0.0196 m min_d=0.0196 m
episode=337 steps=09 success=1 return=  -9.453 final_d=0.0468 m min_d=0.0468 m
episode=338 steps=50 success=0 return= -51.285 final_d=0.0678 m min_d=0.0678 m
episode=339 steps=08 success=1 return=  -7.557 final_d=0.0440 m min_d=0.0440 m
episode=340 steps=04 success=1 return=  -3.000 final_d=0.0114 m min_d=0.0114 m
episode=341 steps=10 success=1 return= -10.405 final_d=0.0056 m min_d=0.0056 m
episode=342 steps=04 success=1 return=  -3.000 final_d=0.0408 m min_d=0.0408 m
episode=343 steps=09 success=1 return=  -9.364 final_d=0.0017 m min_d=0.0017 m
episode=344 steps=07 success=1 return=  -7.999 final_d=0.0284 m min_d=0.0284 m
episode=345 steps=05 success=1 return=  -4.000 final_d=0.0028 m min_d=0.0028 m
episode=346 steps=05 success=1 return=  -4.448 final_d=0.0075 m min_d=0.0075 m
episode=347 steps=04 success=1 return=  -3.000 final_d=0.0478 m min_d=0.0478 m
episode=348 steps=09 success=1 return=  -9.028 final_d=0.0241 m min_d=0.0241 m
episode=349 steps=50 success=0 return= -50.788 final_d=0.0854 m min_d=0.0849 m
episode=350 steps=01 success=1 return=   0.000 final_d=0.0488 m min_d=0.0488 m
episode=351 steps=05 success=1 return=  -4.057 final_d=0.0073 m min_d=0.0073 m
episode=352 steps=05 success=1 return=  -4.255 final_d=0.0194 m min_d=0.0194 m
episode=353 steps=11 success=1 return= -10.026 final_d=0.0298 m min_d=0.0298 m
episode=354 steps=01 success=1 return=   0.000 final_d=0.0426 m min_d=0.0426 m
episode=355 steps=05 success=1 return=  -4.172 final_d=0.0419 m min_d=0.0419 m
episode=356 steps=12 success=1 return= -12.460 final_d=0.0250 m min_d=0.0250 m
episode=357 steps=04 success=1 return=  -3.000 final_d=0.0451 m min_d=0.0451 m
episode=358 steps=05 success=1 return=  -4.633 final_d=0.0156 m min_d=0.0156 m
episode=359 steps=08 success=1 return=  -8.398 final_d=0.0381 m min_d=0.0381 m
episode=360 steps=10 success=1 return=  -9.810 final_d=0.0435 m min_d=0.0435 m
episode=361 steps=05 success=1 return=  -4.458 final_d=0.0468 m min_d=0.0468 m
episode=362 steps=04 success=1 return=  -3.000 final_d=0.0360 m min_d=0.0360 m
episode=363 steps=05 success=1 return=  -4.671 final_d=0.0422 m min_d=0.0422 m
episode=364 steps=50 success=0 return= -52.060 final_d=0.1105 m min_d=0.0825 m
episode=365 steps=07 success=1 return=  -6.760 final_d=0.0326 m min_d=0.0326 m
episode=366 steps=08 success=1 return=  -8.122 final_d=0.0493 m min_d=0.0493 m
episode=367 steps=08 success=1 return=  -8.030 final_d=0.0228 m min_d=0.0228 m
episode=368 steps=14 success=1 return= -15.956 final_d=0.0491 m min_d=0.0491 m
episode=369 steps=06 success=1 return=  -5.000 final_d=0.0259 m min_d=0.0259 m
episode=370 steps=05 success=1 return=  -4.000 final_d=0.0429 m min_d=0.0429 m
episode=371 steps=05 success=1 return=  -4.000 final_d=0.0290 m min_d=0.0290 m
episode=372 steps=05 success=1 return=  -4.000 final_d=0.0307 m min_d=0.0307 m
episode=373 steps=04 success=1 return=  -3.000 final_d=0.0240 m min_d=0.0240 m
episode=374 steps=01 success=1 return=   0.000 final_d=0.0365 m min_d=0.0365 m
episode=375 steps=05 success=1 return=  -4.000 final_d=0.0192 m min_d=0.0192 m
episode=376 steps=07 success=1 return=  -6.000 final_d=0.0476 m min_d=0.0476 m
episode=377 steps=05 success=1 return=  -4.000 final_d=0.0179 m min_d=0.0179 m
episode=378 steps=50 success=0 return= -50.269 final_d=0.1007 m min_d=0.0514 m
episode=379 steps=05 success=1 return=  -4.000 final_d=0.0191 m min_d=0.0191 m
episode=380 steps=05 success=1 return=  -4.000 final_d=0.0313 m min_d=0.0313 m
episode=381 steps=07 success=1 return=  -7.199 final_d=0.0342 m min_d=0.0342 m
episode=382 steps=10 success=1 return= -10.555 final_d=0.0463 m min_d=0.0463 m
episode=383 steps=06 success=1 return=  -5.798 final_d=0.0393 m min_d=0.0393 m
episode=384 steps=05 success=1 return=  -4.000 final_d=0.0366 m min_d=0.0366 m
episode=385 steps=15 success=1 return= -16.151 final_d=0.0346 m min_d=0.0346 m
episode=386 steps=04 success=1 return=  -3.000 final_d=0.0291 m min_d=0.0291 m
episode=387 steps=05 success=1 return=  -4.000 final_d=0.0293 m min_d=0.0293 m
episode=388 steps=11 success=1 return= -11.955 final_d=0.0491 m min_d=0.0491 m
episode=389 steps=05 success=1 return=  -4.000 final_d=0.0042 m min_d=0.0042 m
episode=390 steps=05 success=1 return=  -4.000 final_d=0.0388 m min_d=0.0388 m
episode=391 steps=10 success=1 return= -10.580 final_d=0.0253 m min_d=0.0253 m
episode=392 steps=01 success=1 return=   0.000 final_d=0.0178 m min_d=0.0178 m
episode=393 steps=10 success=1 return= -10.835 final_d=0.0154 m min_d=0.0154 m
episode=394 steps=01 success=1 return=   0.000 final_d=0.0242 m min_d=0.0242 m
episode=395 steps=01 success=1 return=   0.000 final_d=0.0318 m min_d=0.0318 m
episode=396 steps=09 success=1 return=  -9.508 final_d=0.0188 m min_d=0.0188 m
episode=397 steps=11 success=1 return= -10.000 final_d=0.0353 m min_d=0.0353 m
episode=398 steps=11 success=1 return= -11.892 final_d=0.0487 m min_d=0.0487 m
episode=399 steps=05 success=1 return=  -4.681 final_d=0.0056 m min_d=0.0056 m
episode=400 steps=06 success=1 return=  -6.105 final_d=0.0326 m min_d=0.0326 m
episode=401 steps=01 success=1 return=   0.000 final_d=0.0187 m min_d=0.0187 m
episode=402 steps=06 success=1 return=  -5.187 final_d=0.0163 m min_d=0.0163 m
episode=403 steps=01 success=1 return=   0.000 final_d=0.0189 m min_d=0.0189 m
episode=404 steps=05 success=1 return=  -4.000 final_d=0.0453 m min_d=0.0453 m
episode=405 steps=10 success=1 return=  -9.407 final_d=0.0462 m min_d=0.0462 m
episode=406 steps=05 success=1 return=  -4.155 final_d=0.0130 m min_d=0.0130 m
episode=407 steps=05 success=1 return=  -4.000 final_d=0.0221 m min_d=0.0221 m
episode=408 steps=05 success=1 return=  -4.000 final_d=0.0073 m min_d=0.0073 m
episode=409 steps=06 success=1 return=  -5.000 final_d=0.0369 m min_d=0.0369 m
episode=410 steps=09 success=1 return=  -9.653 final_d=0.0215 m min_d=0.0215 m
episode=411 steps=07 success=1 return=  -6.205 final_d=0.0382 m min_d=0.0382 m
episode=412 steps=05 success=1 return=  -4.336 final_d=0.0413 m min_d=0.0413 m
episode=413 steps=04 success=1 return=  -3.000 final_d=0.0315 m min_d=0.0315 m
episode=414 steps=01 success=1 return=   0.000 final_d=0.0359 m min_d=0.0359 m
episode=415 steps=50 success=0 return= -51.646 final_d=0.0765 m min_d=0.0725 m
episode=416 steps=12 success=1 return= -12.996 final_d=0.0084 m min_d=0.0084 m
episode=417 steps=01 success=1 return=   0.000 final_d=0.0469 m min_d=0.0469 m
episode=418 steps=50 success=0 return= -51.326 final_d=0.1229 m min_d=0.0991 m
episode=419 steps=10 success=1 return= -11.015 final_d=0.0456 m min_d=0.0456 m
episode=420 steps=06 success=1 return=  -5.081 final_d=0.0219 m min_d=0.0219 m
episode=421 steps=05 success=1 return=  -4.415 final_d=0.0060 m min_d=0.0060 m
episode=422 steps=09 success=1 return=  -9.551 final_d=0.0060 m min_d=0.0060 m
episode=423 steps=07 success=1 return=  -6.218 final_d=0.0467 m min_d=0.0467 m
episode=424 steps=11 success=1 return= -12.092 final_d=0.0411 m min_d=0.0411 m
episode=425 steps=10 success=1 return=  -9.394 final_d=0.0435 m min_d=0.0435 m
episode=426 steps=10 success=1 return=  -9.899 final_d=0.0215 m min_d=0.0215 m
episode=427 steps=13 success=1 return= -12.696 final_d=0.0245 m min_d=0.0245 m
episode=428 steps=07 success=1 return=  -6.984 final_d=0.0435 m min_d=0.0435 m
episode=429 steps=50 success=0 return= -50.000 final_d=0.0790 m min_d=0.0790 m
episode=430 steps=08 success=1 return=  -8.152 final_d=0.0093 m min_d=0.0093 m
episode=431 steps=04 success=1 return=  -3.000 final_d=0.0252 m min_d=0.0252 m
episode=432 steps=50 success=0 return= -61.231 final_d=0.2002 m min_d=0.0511 m
episode=433 steps=07 success=1 return=  -6.843 final_d=0.0319 m min_d=0.0319 m
episode=434 steps=05 success=1 return=  -4.000 final_d=0.0458 m min_d=0.0458 m
episode=435 steps=07 success=1 return=  -6.846 final_d=0.0435 m min_d=0.0435 m
episode=436 steps=08 success=1 return=  -7.807 final_d=0.0198 m min_d=0.0198 m
episode=437 steps=05 success=1 return=  -4.000 final_d=0.0290 m min_d=0.0290 m
episode=438 steps=05 success=1 return=  -4.775 final_d=0.0448 m min_d=0.0448 m
episode=439 steps=05 success=1 return=  -4.000 final_d=0.0351 m min_d=0.0351 m
episode=440 steps=09 success=1 return=  -9.323 final_d=0.0324 m min_d=0.0324 m
episode=441 steps=05 success=1 return=  -4.000 final_d=0.0437 m min_d=0.0437 m
episode=442 steps=07 success=1 return=  -6.925 final_d=0.0472 m min_d=0.0472 m
episode=443 steps=50 success=0 return= -50.000 final_d=0.0930 m min_d=0.0583 m
episode=444 steps=05 success=1 return=  -4.816 final_d=0.0255 m min_d=0.0255 m
episode=445 steps=07 success=1 return=  -6.622 final_d=0.0455 m min_d=0.0455 m
episode=446 steps=05 success=1 return=  -4.099 final_d=0.0131 m min_d=0.0131 m
episode=447 steps=05 success=1 return=  -4.000 final_d=0.0167 m min_d=0.0167 m
episode=448 steps=10 success=1 return= -11.036 final_d=0.0377 m min_d=0.0377 m
episode=449 steps=50 success=0 return= -50.762 final_d=0.0638 m min_d=0.0618 m
episode=450 steps=01 success=1 return=   0.000 final_d=0.0392 m min_d=0.0392 m
episode=451 steps=11 success=1 return= -11.145 final_d=0.0327 m min_d=0.0327 m
episode=452 steps=04 success=1 return=  -3.000 final_d=0.0043 m min_d=0.0043 m
episode=453 steps=05 success=1 return=  -4.642 final_d=0.0080 m min_d=0.0080 m
episode=454 steps=11 success=1 return= -12.224 final_d=0.0483 m min_d=0.0483 m
episode=455 steps=04 success=1 return=  -3.000 final_d=0.0478 m min_d=0.0478 m
episode=456 steps=05 success=1 return=  -4.000 final_d=0.0383 m min_d=0.0383 m
episode=457 steps=04 success=1 return=  -3.000 final_d=0.0369 m min_d=0.0369 m
episode=458 steps=01 success=1 return=   0.000 final_d=0.0208 m min_d=0.0208 m
episode=459 steps=50 success=0 return= -50.680 final_d=0.0619 m min_d=0.0619 m
episode=460 steps=06 success=1 return=  -5.000 final_d=0.0360 m min_d=0.0360 m
episode=461 steps=50 success=0 return= -50.503 final_d=0.0673 m min_d=0.0513 m
episode=462 steps=04 success=1 return=  -3.000 final_d=0.0442 m min_d=0.0442 m
episode=463 steps=06 success=1 return=  -5.408 final_d=0.0471 m min_d=0.0471 m
episode=464 steps=07 success=1 return=  -6.606 final_d=0.0196 m min_d=0.0196 m
episode=465 steps=07 success=1 return=  -6.828 final_d=0.0171 m min_d=0.0171 m
episode=466 steps=06 success=1 return=  -5.000 final_d=0.0468 m min_d=0.0468 m
episode=467 steps=06 success=1 return=  -5.000 final_d=0.0406 m min_d=0.0406 m
episode=468 steps=50 success=0 return= -59.164 final_d=0.1712 m min_d=0.1711 m
episode=469 steps=12 success=1 return= -12.079 final_d=0.0155 m min_d=0.0155 m
episode=470 steps=04 success=1 return=  -3.000 final_d=0.0388 m min_d=0.0388 m
episode=471 steps=06 success=1 return=  -5.000 final_d=0.0205 m min_d=0.0205 m
episode=472 steps=01 success=1 return=   0.000 final_d=0.0415 m min_d=0.0415 m
episode=473 steps=50 success=0 return= -52.883 final_d=0.1311 m min_d=0.0599 m
episode=474 steps=12 success=1 return= -11.824 final_d=0.0467 m min_d=0.0467 m
episode=475 steps=07 success=1 return=  -6.666 final_d=0.0294 m min_d=0.0294 m
episode=476 steps=23 success=1 return= -28.575 final_d=0.0292 m min_d=0.0292 m
episode=477 steps=01 success=1 return=   0.000 final_d=0.0408 m min_d=0.0408 m
episode=478 steps=08 success=1 return=  -8.089 final_d=0.0478 m min_d=0.0478 m
episode=479 steps=08 success=1 return=  -8.139 final_d=0.0189 m min_d=0.0189 m
episode=480 steps=08 success=1 return=  -8.235 final_d=0.0382 m min_d=0.0382 m
episode=481 steps=05 success=1 return=  -4.133 final_d=0.0481 m min_d=0.0481 m
episode=482 steps=05 success=1 return=  -4.544 final_d=0.0254 m min_d=0.0254 m
episode=483 steps=08 success=1 return=  -7.872 final_d=0.0344 m min_d=0.0344 m
episode=484 steps=08 success=1 return=  -8.384 final_d=0.0448 m min_d=0.0448 m
episode=485 steps=09 success=1 return=  -9.652 final_d=0.0451 m min_d=0.0451 m
episode=486 steps=05 success=1 return=  -4.271 final_d=0.0354 m min_d=0.0354 m
episode=487 steps=04 success=1 return=  -3.000 final_d=0.0418 m min_d=0.0418 m
episode=488 steps=50 success=0 return= -51.423 final_d=0.0797 m min_d=0.0535 m
episode=489 steps=06 success=1 return=  -5.000 final_d=0.0203 m min_d=0.0203 m
episode=490 steps=50 success=0 return= -53.330 final_d=0.1339 m min_d=0.0931 m
episode=491 steps=07 success=1 return=  -6.497 final_d=0.0146 m min_d=0.0146 m
episode=492 steps=05 success=1 return=  -4.845 final_d=0.0329 m min_d=0.0329 m
episode=493 steps=50 success=0 return= -51.061 final_d=0.0858 m min_d=0.0858 m
episode=494 steps=14 success=1 return= -15.232 final_d=0.0311 m min_d=0.0311 m
episode=495 steps=05 success=1 return=  -4.031 final_d=0.0270 m min_d=0.0270 m
episode=496 steps=06 success=1 return=  -5.000 final_d=0.0389 m min_d=0.0389 m
episode=497 steps=10 success=1 return=  -9.000 final_d=0.0399 m min_d=0.0399 m
episode=498 steps=08 success=1 return=  -7.157 final_d=0.0338 m min_d=0.0338 m
episode=499 steps=07 success=1 return=  -7.131 final_d=0.0499 m min_d=0.0499 m
summary episodes=500 success_rate=0.870 mean_final_d=0.0393 m mean_min_d=0.0374 m
results=C:\Users\HSN5WX\Desktop\Projects\franka_control\inference_results_part1.csv
