AdroitHandRelocateDense-v1, AdroitHandHammerDense-v1, AdroitHandDoorDense-v1 environment's reward functions were updated in v1.2.1 without an environment version update. Therefore, use gymnasium-robotics==1.2.0 for v1 reproducibility or use v2 in gymnasium-robotics>=1.4.3. See https://github.com/Farama-Foundation/Gymnasium-Robotics/pull/220 for more details
Wrapping the env with a `Monitor` wrapper
Wrapping the env in a DummyVecEnv.
episode=000 steps=10 success=1 return= -10.232 final_d=0.0084 m min_d=0.0084 m
episode=001 steps=05 success=1 return=  -4.000 final_d=0.0270 m min_d=0.0270 m
episode=002 steps=50 success=0 return= -51.426 final_d=0.1229 m min_d=0.1228 m
episode=003 steps=11 success=1 return= -11.813 final_d=0.0430 m min_d=0.0430 m
episode=004 steps=10 success=1 return=  -9.104 final_d=0.0262 m min_d=0.0262 m
episode=005 steps=06 success=1 return=  -5.056 final_d=0.0491 m min_d=0.0491 m
episode=006 steps=01 success=1 return=   0.000 final_d=0.0489 m min_d=0.0489 m
episode=007 steps=50 success=0 return= -51.563 final_d=0.0957 m min_d=0.0955 m
episode=008 steps=09 success=1 return=  -8.697 final_d=0.0398 m min_d=0.0398 m
episode=009 steps=05 success=1 return=  -4.000 final_d=0.0315 m min_d=0.0315 m
episode=010 steps=05 success=1 return=  -4.027 final_d=0.0078 m min_d=0.0078 m
episode=011 steps=07 success=1 return=  -6.969 final_d=0.0457 m min_d=0.0457 m
episode=012 steps=05 success=1 return=  -4.000 final_d=0.0302 m min_d=0.0302 m
episode=013 steps=05 success=1 return=  -4.143 final_d=0.0447 m min_d=0.0447 m
episode=014 steps=50 success=0 return= -52.038 final_d=0.0913 m min_d=0.0912 m
episode=015 steps=01 success=1 return=   0.000 final_d=0.0190 m min_d=0.0190 m
episode=016 steps=12 success=1 return= -12.067 final_d=0.0143 m min_d=0.0143 m
episode=017 steps=05 success=1 return=  -4.975 final_d=0.0433 m min_d=0.0433 m
episode=018 steps=05 success=1 return=  -4.437 final_d=0.0355 m min_d=0.0355 m
episode=019 steps=08 success=1 return=  -7.940 final_d=0.0205 m min_d=0.0205 m
episode=020 steps=05 success=1 return=  -4.612 final_d=0.0381 m min_d=0.0381 m
episode=021 steps=07 success=1 return=  -6.882 final_d=0.0329 m min_d=0.0329 m
episode=022 steps=08 success=1 return=  -8.078 final_d=0.0351 m min_d=0.0351 m
episode=023 steps=05 success=1 return=  -4.844 final_d=0.0405 m min_d=0.0405 m
episode=024 steps=07 success=1 return=  -6.847 final_d=0.0427 m min_d=0.0427 m
episode=025 steps=05 success=1 return=  -4.000 final_d=0.0340 m min_d=0.0340 m
episode=026 steps=06 success=1 return=  -5.040 final_d=0.0335 m min_d=0.0335 m
episode=027 steps=50 success=0 return= -50.644 final_d=0.0938 m min_d=0.0624 m
episode=028 steps=05 success=1 return=  -4.000 final_d=0.0288 m min_d=0.0288 m
episode=029 steps=05 success=1 return=  -4.667 final_d=0.0190 m min_d=0.0190 m
episode=030 steps=08 success=1 return=  -8.136 final_d=0.0361 m min_d=0.0361 m
episode=031 steps=05 success=1 return=  -4.000 final_d=0.0093 m min_d=0.0093 m
episode=032 steps=05 success=1 return=  -4.000 final_d=0.0127 m min_d=0.0127 m
episode=033 steps=09 success=1 return=  -9.265 final_d=0.0329 m min_d=0.0329 m
episode=034 steps=09 success=1 return= -10.072 final_d=0.0480 m min_d=0.0480 m
episode=035 steps=05 success=1 return=  -4.000 final_d=0.0169 m min_d=0.0169 m
episode=036 steps=06 success=1 return=  -5.527 final_d=0.0375 m min_d=0.0375 m
episode=037 steps=04 success=1 return=  -3.000 final_d=0.0491 m min_d=0.0491 m
episode=038 steps=08 success=1 return=  -7.739 final_d=0.0421 m min_d=0.0421 m
episode=039 steps=05 success=1 return=  -4.000 final_d=0.0373 m min_d=0.0373 m
episode=040 steps=50 success=0 return= -51.729 final_d=0.1034 m min_d=0.1030 m
episode=041 steps=09 success=1 return=  -9.032 final_d=0.0470 m min_d=0.0470 m
episode=042 steps=08 success=1 return=  -8.315 final_d=0.0236 m min_d=0.0236 m
episode=043 steps=09 success=1 return=  -9.201 final_d=0.0367 m min_d=0.0367 m
episode=044 steps=11 success=1 return= -10.437 final_d=0.0313 m min_d=0.0313 m
episode=045 steps=10 success=1 return=  -9.155 final_d=0.0302 m min_d=0.0302 m
episode=046 steps=05 success=1 return=  -4.775 final_d=0.0486 m min_d=0.0486 m
episode=047 steps=05 success=1 return=  -4.000 final_d=0.0401 m min_d=0.0401 m
episode=048 steps=10 success=1 return=  -9.000 final_d=0.0296 m min_d=0.0296 m
episode=049 steps=11 success=1 return= -11.821 final_d=0.0426 m min_d=0.0426 m
episode=050 steps=04 success=1 return=  -3.000 final_d=0.0296 m min_d=0.0296 m
episode=051 steps=04 success=1 return=  -3.000 final_d=0.0447 m min_d=0.0447 m
episode=052 steps=01 success=1 return=   0.000 final_d=0.0450 m min_d=0.0450 m
episode=053 steps=09 success=1 return=  -9.752 final_d=0.0384 m min_d=0.0384 m
episode=054 steps=06 success=1 return=  -5.637 final_d=0.0363 m min_d=0.0363 m
episode=055 steps=06 success=1 return=  -5.319 final_d=0.0488 m min_d=0.0488 m
episode=056 steps=10 success=1 return=  -9.000 final_d=0.0048 m min_d=0.0048 m
episode=057 steps=08 success=1 return=  -7.659 final_d=0.0182 m min_d=0.0182 m
episode=058 steps=07 success=1 return=  -7.734 final_d=0.0283 m min_d=0.0283 m
episode=059 steps=05 success=1 return=  -4.000 final_d=0.0414 m min_d=0.0414 m
episode=060 steps=11 success=1 return= -10.801 final_d=0.0443 m min_d=0.0443 m
episode=061 steps=07 success=1 return=  -6.437 final_d=0.0260 m min_d=0.0260 m
episode=062 steps=08 success=1 return=  -8.007 final_d=0.0299 m min_d=0.0299 m
episode=063 steps=07 success=1 return=  -6.302 final_d=0.0428 m min_d=0.0428 m
episode=064 steps=09 success=1 return=  -9.413 final_d=0.0348 m min_d=0.0348 m
episode=065 steps=21 success=1 return= -23.346 final_d=0.0091 m min_d=0.0091 m
episode=066 steps=05 success=1 return=  -4.000 final_d=0.0475 m min_d=0.0475 m
episode=067 steps=06 success=1 return=  -5.404 final_d=0.0447 m min_d=0.0447 m
episode=068 steps=05 success=1 return=  -4.824 final_d=0.0353 m min_d=0.0353 m
episode=069 steps=50 success=0 return= -51.377 final_d=0.0846 m min_d=0.0521 m
episode=070 steps=04 success=1 return=  -3.000 final_d=0.0390 m min_d=0.0390 m
episode=071 steps=05 success=1 return=  -4.152 final_d=0.0292 m min_d=0.0292 m
episode=072 steps=11 success=1 return= -11.778 final_d=0.0485 m min_d=0.0485 m
episode=073 steps=07 success=1 return=  -6.640 final_d=0.0275 m min_d=0.0275 m
episode=074 steps=13 success=1 return= -12.420 final_d=0.0204 m min_d=0.0204 m
episode=075 steps=06 success=1 return=  -5.000 final_d=0.0444 m min_d=0.0444 m
episode=076 steps=50 success=0 return= -50.969 final_d=0.0693 m min_d=0.0693 m
episode=077 steps=50 success=0 return= -52.178 final_d=0.1209 m min_d=0.0644 m
episode=078 steps=07 success=1 return=  -7.074 final_d=0.0295 m min_d=0.0295 m
episode=079 steps=05 success=1 return=  -4.000 final_d=0.0349 m min_d=0.0349 m
episode=080 steps=13 success=1 return= -13.202 final_d=0.0084 m min_d=0.0084 m
episode=081 steps=05 success=1 return=  -4.000 final_d=0.0305 m min_d=0.0305 m
episode=082 steps=11 success=1 return= -10.850 final_d=0.0384 m min_d=0.0384 m
episode=083 steps=12 success=1 return= -11.000 final_d=0.0454 m min_d=0.0454 m
episode=084 steps=12 success=1 return= -12.025 final_d=0.0226 m min_d=0.0226 m
episode=085 steps=01 success=1 return=   0.000 final_d=0.0478 m min_d=0.0478 m
episode=086 steps=09 success=1 return=  -8.000 final_d=0.0384 m min_d=0.0384 m
episode=087 steps=19 success=1 return= -18.978 final_d=0.0258 m min_d=0.0258 m
episode=088 steps=10 success=1 return= -10.510 final_d=0.0138 m min_d=0.0138 m
episode=089 steps=11 success=1 return= -11.335 final_d=0.0447 m min_d=0.0447 m
episode=090 steps=05 success=1 return=  -4.000 final_d=0.0378 m min_d=0.0378 m
episode=091 steps=15 success=1 return= -16.960 final_d=0.0385 m min_d=0.0385 m
episode=092 steps=08 success=1 return=  -7.000 final_d=0.0449 m min_d=0.0449 m
episode=093 steps=06 success=1 return=  -5.766 final_d=0.0304 m min_d=0.0304 m
episode=094 steps=06 success=1 return=  -5.859 final_d=0.0339 m min_d=0.0339 m
episode=095 steps=05 success=1 return=  -4.189 final_d=0.0435 m min_d=0.0435 m
episode=096 steps=50 success=0 return= -50.068 final_d=0.0503 m min_d=0.0500 m
episode=097 steps=50 success=0 return= -50.764 final_d=0.1061 m min_d=0.0599 m
episode=098 steps=04 success=1 return=  -3.000 final_d=0.0482 m min_d=0.0482 m
episode=099 steps=06 success=1 return=  -5.000 final_d=0.0207 m min_d=0.0207 m
episode=100 steps=05 success=1 return=  -4.512 final_d=0.0427 m min_d=0.0427 m
episode=101 steps=05 success=1 return=  -4.000 final_d=0.0192 m min_d=0.0192 m
episode=102 steps=05 success=1 return=  -4.524 final_d=0.0336 m min_d=0.0336 m
episode=103 steps=05 success=1 return=  -4.211 final_d=0.0253 m min_d=0.0253 m
episode=104 steps=04 success=1 return=  -3.000 final_d=0.0455 m min_d=0.0455 m
episode=105 steps=05 success=1 return=  -4.000 final_d=0.0204 m min_d=0.0204 m
episode=106 steps=01 success=1 return=   0.000 final_d=0.0496 m min_d=0.0496 m
episode=107 steps=05 success=1 return=  -4.069 final_d=0.0231 m min_d=0.0231 m
episode=108 steps=04 success=1 return=  -3.000 final_d=0.0407 m min_d=0.0407 m
episode=109 steps=01 success=1 return=   0.000 final_d=0.0452 m min_d=0.0452 m
episode=110 steps=50 success=0 return= -57.433 final_d=0.1563 m min_d=0.0548 m
episode=111 steps=05 success=1 return=  -4.028 final_d=0.0374 m min_d=0.0374 m
episode=112 steps=07 success=1 return=  -7.115 final_d=0.0490 m min_d=0.0490 m
episode=113 steps=07 success=1 return=  -7.647 final_d=0.0487 m min_d=0.0487 m
episode=114 steps=50 success=0 return= -51.123 final_d=0.0710 m min_d=0.0710 m
episode=115 steps=05 success=1 return=  -4.092 final_d=0.0325 m min_d=0.0325 m
episode=116 steps=04 success=1 return=  -3.000 final_d=0.0362 m min_d=0.0362 m
episode=117 steps=01 success=1 return=   0.000 final_d=0.0343 m min_d=0.0343 m
episode=118 steps=14 success=1 return= -14.463 final_d=0.0080 m min_d=0.0080 m
episode=119 steps=05 success=1 return=  -4.000 final_d=0.0427 m min_d=0.0427 m
episode=120 steps=04 success=1 return=  -3.000 final_d=0.0393 m min_d=0.0393 m
episode=121 steps=06 success=1 return=  -5.000 final_d=0.0239 m min_d=0.0239 m
episode=122 steps=04 success=1 return=  -3.000 final_d=0.0291 m min_d=0.0291 m
episode=123 steps=05 success=1 return=  -4.000 final_d=0.0382 m min_d=0.0382 m
episode=124 steps=05 success=1 return=  -4.354 final_d=0.0108 m min_d=0.0108 m
episode=125 steps=11 success=1 return= -10.408 final_d=0.0346 m min_d=0.0346 m
episode=126 steps=46 success=1 return= -46.024 final_d=0.0165 m min_d=0.0165 m
episode=127 steps=05 success=1 return=  -4.891 final_d=0.0109 m min_d=0.0109 m
episode=128 steps=07 success=1 return=  -7.678 final_d=0.0198 m min_d=0.0198 m
episode=129 steps=05 success=1 return=  -4.000 final_d=0.0148 m min_d=0.0148 m
episode=130 steps=05 success=1 return=  -4.000 final_d=0.0327 m min_d=0.0327 m
episode=131 steps=13 success=1 return= -13.305 final_d=0.0210 m min_d=0.0210 m
episode=132 steps=05 success=1 return=  -4.000 final_d=0.0185 m min_d=0.0185 m
episode=133 steps=06 success=1 return=  -5.198 final_d=0.0385 m min_d=0.0385 m
episode=134 steps=05 success=1 return=  -4.154 final_d=0.0425 m min_d=0.0425 m
episode=135 steps=01 success=1 return=   0.000 final_d=0.0351 m min_d=0.0351 m
episode=136 steps=06 success=1 return=  -5.362 final_d=0.0314 m min_d=0.0314 m
episode=137 steps=01 success=1 return=   0.000 final_d=0.0159 m min_d=0.0159 m
episode=138 steps=09 success=1 return=  -9.001 final_d=0.0449 m min_d=0.0449 m
episode=139 steps=04 success=1 return=  -3.000 final_d=0.0204 m min_d=0.0204 m
episode=140 steps=07 success=1 return=  -6.540 final_d=0.0486 m min_d=0.0486 m
episode=141 steps=09 success=1 return=  -9.375 final_d=0.0439 m min_d=0.0439 m
episode=142 steps=04 success=1 return=  -3.000 final_d=0.0448 m min_d=0.0448 m
episode=143 steps=10 success=1 return= -10.668 final_d=0.0490 m min_d=0.0490 m
episode=144 steps=05 success=1 return=  -4.000 final_d=0.0200 m min_d=0.0200 m
episode=145 steps=05 success=1 return=  -4.000 final_d=0.0242 m min_d=0.0242 m
episode=146 steps=06 success=1 return=  -5.251 final_d=0.0282 m min_d=0.0282 m
episode=147 steps=01 success=1 return=   0.000 final_d=0.0138 m min_d=0.0138 m
episode=148 steps=08 success=1 return=  -7.943 final_d=0.0473 m min_d=0.0473 m
episode=149 steps=01 success=1 return=   0.000 final_d=0.0343 m min_d=0.0343 m
episode=150 steps=06 success=1 return=  -5.266 final_d=0.0202 m min_d=0.0202 m
episode=151 steps=05 success=1 return=  -4.000 final_d=0.0229 m min_d=0.0229 m
episode=152 steps=10 success=1 return=  -9.855 final_d=0.0454 m min_d=0.0454 m
episode=153 steps=09 success=1 return=  -9.435 final_d=0.0399 m min_d=0.0399 m
episode=154 steps=01 success=1 return=   0.000 final_d=0.0461 m min_d=0.0461 m
episode=155 steps=04 success=1 return=  -3.000 final_d=0.0222 m min_d=0.0222 m
episode=156 steps=08 success=1 return=  -8.263 final_d=0.0283 m min_d=0.0283 m
episode=157 steps=05 success=1 return=  -4.375 final_d=0.0158 m min_d=0.0158 m
episode=158 steps=50 success=0 return= -51.844 final_d=0.0901 m min_d=0.0630 m
episode=159 steps=05 success=1 return=  -4.720 final_d=0.0495 m min_d=0.0495 m
episode=160 steps=50 success=0 return= -56.633 final_d=0.1539 m min_d=0.1539 m
episode=161 steps=50 success=0 return= -51.146 final_d=0.0778 m min_d=0.0778 m
episode=162 steps=06 success=1 return=  -5.927 final_d=0.0232 m min_d=0.0232 m
episode=163 steps=05 success=1 return=  -4.000 final_d=0.0181 m min_d=0.0181 m
episode=164 steps=05 success=1 return=  -4.000 final_d=0.0201 m min_d=0.0201 m
episode=165 steps=09 success=1 return= -10.050 final_d=0.0320 m min_d=0.0320 m
episode=166 steps=05 success=1 return=  -4.000 final_d=0.0368 m min_d=0.0368 m
episode=167 steps=04 success=1 return=  -3.000 final_d=0.0393 m min_d=0.0393 m
episode=168 steps=07 success=1 return=  -6.599 final_d=0.0446 m min_d=0.0446 m
episode=169 steps=08 success=1 return=  -7.869 final_d=0.0146 m min_d=0.0146 m
episode=170 steps=07 success=1 return=  -6.723 final_d=0.0320 m min_d=0.0320 m
episode=171 steps=06 success=1 return=  -5.000 final_d=0.0377 m min_d=0.0377 m
episode=172 steps=04 success=1 return=  -3.000 final_d=0.0294 m min_d=0.0294 m
episode=173 steps=07 success=1 return=  -7.171 final_d=0.0129 m min_d=0.0129 m
episode=174 steps=01 success=1 return=   0.000 final_d=0.0150 m min_d=0.0150 m
episode=175 steps=05 success=1 return=  -4.000 final_d=0.0422 m min_d=0.0422 m
episode=176 steps=07 success=1 return=  -6.000 final_d=0.0184 m min_d=0.0184 m
episode=177 steps=04 success=1 return=  -3.000 final_d=0.0269 m min_d=0.0269 m
episode=178 steps=09 success=1 return=  -8.761 final_d=0.0495 m min_d=0.0495 m
episode=179 steps=10 success=1 return= -11.087 final_d=0.0376 m min_d=0.0376 m
episode=180 steps=09 success=1 return=  -8.000 final_d=0.0149 m min_d=0.0149 m
episode=181 steps=10 success=1 return=  -9.000 final_d=0.0228 m min_d=0.0228 m
episode=182 steps=05 success=1 return=  -4.000 final_d=0.0268 m min_d=0.0268 m
episode=183 steps=08 success=1 return=  -7.846 final_d=0.0361 m min_d=0.0361 m
episode=184 steps=09 success=1 return=  -9.873 final_d=0.0179 m min_d=0.0179 m
episode=185 steps=10 success=1 return=  -9.000 final_d=0.0170 m min_d=0.0170 m
episode=186 steps=09 success=1 return=  -9.297 final_d=0.0250 m min_d=0.0250 m
episode=187 steps=01 success=1 return=   0.000 final_d=0.0351 m min_d=0.0351 m
episode=188 steps=04 success=1 return=  -3.000 final_d=0.0482 m min_d=0.0482 m
episode=189 steps=05 success=1 return=  -4.817 final_d=0.0418 m min_d=0.0418 m
episode=190 steps=10 success=1 return= -10.999 final_d=0.0387 m min_d=0.0387 m
episode=191 steps=16 success=1 return= -18.527 final_d=0.0383 m min_d=0.0383 m
episode=192 steps=07 success=1 return=  -6.975 final_d=0.0496 m min_d=0.0496 m
episode=193 steps=01 success=1 return=   0.000 final_d=0.0379 m min_d=0.0379 m
episode=194 steps=04 success=1 return=  -3.000 final_d=0.0457 m min_d=0.0457 m
episode=195 steps=07 success=1 return=  -6.831 final_d=0.0405 m min_d=0.0405 m
episode=196 steps=06 success=1 return=  -5.000 final_d=0.0423 m min_d=0.0423 m
episode=197 steps=06 success=1 return=  -5.161 final_d=0.0310 m min_d=0.0310 m
episode=198 steps=05 success=1 return=  -4.126 final_d=0.0323 m min_d=0.0323 m
episode=199 steps=50 success=0 return= -53.964 final_d=0.1428 m min_d=0.0871 m
episode=200 steps=19 success=1 return= -23.358 final_d=0.0230 m min_d=0.0230 m
episode=201 steps=05 success=1 return=  -4.000 final_d=0.0461 m min_d=0.0461 m
episode=202 steps=10 success=1 return= -10.128 final_d=0.0336 m min_d=0.0336 m
episode=203 steps=06 success=1 return=  -5.000 final_d=0.0063 m min_d=0.0063 m
episode=204 steps=05 success=1 return=  -4.253 final_d=0.0212 m min_d=0.0212 m
episode=205 steps=09 success=1 return=  -8.534 final_d=0.0220 m min_d=0.0220 m
episode=206 steps=04 success=1 return=  -3.000 final_d=0.0222 m min_d=0.0222 m
episode=207 steps=09 success=1 return=  -8.821 final_d=0.0161 m min_d=0.0161 m
episode=208 steps=50 success=0 return= -51.421 final_d=0.0567 m min_d=0.0567 m
episode=209 steps=05 success=1 return=  -4.000 final_d=0.0118 m min_d=0.0118 m
episode=210 steps=08 success=1 return=  -8.121 final_d=0.0383 m min_d=0.0383 m
episode=211 steps=11 success=1 return= -11.589 final_d=0.0461 m min_d=0.0461 m
episode=212 steps=06 success=1 return=  -5.058 final_d=0.0183 m min_d=0.0183 m
episode=213 steps=05 success=1 return=  -4.000 final_d=0.0327 m min_d=0.0327 m
episode=214 steps=05 success=1 return=  -4.000 final_d=0.0223 m min_d=0.0223 m
episode=215 steps=07 success=1 return=  -6.599 final_d=0.0381 m min_d=0.0381 m
episode=216 steps=05 success=1 return=  -4.000 final_d=0.0288 m min_d=0.0288 m
episode=217 steps=06 success=1 return=  -5.233 final_d=0.0242 m min_d=0.0242 m
episode=218 steps=14 success=1 return= -14.574 final_d=0.0373 m min_d=0.0373 m
episode=219 steps=06 success=1 return=  -5.000 final_d=0.0181 m min_d=0.0181 m
episode=220 steps=09 success=1 return=  -8.986 final_d=0.0489 m min_d=0.0489 m
episode=221 steps=06 success=1 return=  -5.196 final_d=0.0431 m min_d=0.0431 m
episode=222 steps=10 success=1 return= -10.902 final_d=0.0392 m min_d=0.0392 m
episode=223 steps=08 success=1 return=  -7.067 final_d=0.0499 m min_d=0.0499 m
episode=224 steps=09 success=1 return=  -9.790 final_d=0.0218 m min_d=0.0218 m
episode=225 steps=05 success=1 return=  -4.000 final_d=0.0288 m min_d=0.0288 m
episode=226 steps=06 success=1 return=  -5.064 final_d=0.0141 m min_d=0.0141 m
episode=227 steps=08 success=1 return=  -7.000 final_d=0.0156 m min_d=0.0156 m
episode=228 steps=05 success=1 return=  -4.000 final_d=0.0119 m min_d=0.0119 m
episode=229 steps=50 success=0 return= -55.349 final_d=0.1444 m min_d=0.1439 m
episode=230 steps=09 success=1 return=  -9.524 final_d=0.0459 m min_d=0.0459 m
episode=231 steps=01 success=1 return=   0.000 final_d=0.0295 m min_d=0.0295 m
episode=232 steps=05 success=1 return=  -4.578 final_d=0.0436 m min_d=0.0436 m
episode=233 steps=13 success=1 return= -14.026 final_d=0.0330 m min_d=0.0330 m
episode=234 steps=17 success=1 return= -20.059 final_d=0.0156 m min_d=0.0156 m
episode=235 steps=05 success=1 return=  -4.261 final_d=0.0162 m min_d=0.0162 m
episode=236 steps=09 success=1 return=  -9.091 final_d=0.0419 m min_d=0.0419 m
episode=237 steps=01 success=1 return=   0.000 final_d=0.0279 m min_d=0.0279 m
episode=238 steps=15 success=1 return= -15.256 final_d=0.0148 m min_d=0.0148 m
episode=239 steps=09 success=1 return=  -8.658 final_d=0.0049 m min_d=0.0049 m
episode=240 steps=04 success=1 return=  -3.000 final_d=0.0319 m min_d=0.0319 m
episode=241 steps=07 success=1 return=  -6.240 final_d=0.0252 m min_d=0.0252 m
episode=242 steps=10 success=1 return= -10.857 final_d=0.0341 m min_d=0.0341 m
episode=243 steps=50 success=0 return= -61.312 final_d=0.1951 m min_d=0.1946 m
episode=244 steps=05 success=1 return=  -4.528 final_d=0.0180 m min_d=0.0180 m
episode=245 steps=12 success=1 return= -12.027 final_d=0.0317 m min_d=0.0317 m
episode=246 steps=06 success=1 return=  -5.000 final_d=0.0467 m min_d=0.0467 m
episode=247 steps=06 success=1 return=  -5.684 final_d=0.0460 m min_d=0.0460 m
episode=248 steps=05 success=1 return=  -4.000 final_d=0.0194 m min_d=0.0194 m
episode=249 steps=09 success=1 return=  -9.544 final_d=0.0434 m min_d=0.0434 m
episode=250 steps=05 success=1 return=  -4.568 final_d=0.0340 m min_d=0.0340 m
episode=251 steps=50 success=0 return= -50.000 final_d=0.0576 m min_d=0.0576 m
episode=252 steps=05 success=1 return=  -4.708 final_d=0.0292 m min_d=0.0292 m
episode=253 steps=50 success=0 return= -51.398 final_d=0.0511 m min_d=0.0511 m
episode=254 steps=01 success=1 return=   0.000 final_d=0.0475 m min_d=0.0475 m
episode=255 steps=05 success=1 return=  -4.371 final_d=0.0104 m min_d=0.0104 m
episode=256 steps=10 success=1 return= -10.605 final_d=0.0456 m min_d=0.0456 m
episode=257 steps=05 success=1 return=  -4.000 final_d=0.0474 m min_d=0.0474 m
episode=258 steps=09 success=1 return=  -9.222 final_d=0.0457 m min_d=0.0457 m
episode=259 steps=09 success=1 return= -10.231 final_d=0.0449 m min_d=0.0449 m
episode=260 steps=50 success=0 return= -50.000 final_d=0.0522 m min_d=0.0520 m
episode=261 steps=05 success=1 return=  -4.027 final_d=0.0188 m min_d=0.0188 m
episode=262 steps=08 success=1 return=  -7.349 final_d=0.0314 m min_d=0.0314 m
episode=263 steps=09 success=1 return= -10.147 final_d=0.0470 m min_d=0.0470 m
episode=264 steps=08 success=1 return=  -8.670 final_d=0.0211 m min_d=0.0211 m
episode=265 steps=05 success=1 return=  -4.000 final_d=0.0210 m min_d=0.0210 m
episode=266 steps=07 success=1 return=  -6.837 final_d=0.0480 m min_d=0.0480 m
episode=267 steps=11 success=1 return= -11.739 final_d=0.0274 m min_d=0.0274 m
episode=268 steps=09 success=1 return=  -9.819 final_d=0.0365 m min_d=0.0365 m
episode=269 steps=04 success=1 return=  -3.000 final_d=0.0222 m min_d=0.0222 m
episode=270 steps=05 success=1 return=  -4.000 final_d=0.0271 m min_d=0.0271 m
episode=271 steps=50 success=0 return= -50.000 final_d=0.0555 m min_d=0.0555 m
episode=272 steps=05 success=1 return=  -4.000 final_d=0.0458 m min_d=0.0458 m
episode=273 steps=10 success=1 return= -10.374 final_d=0.0470 m min_d=0.0470 m
episode=274 steps=14 success=1 return= -15.822 final_d=0.0498 m min_d=0.0498 m
episode=275 steps=05 success=1 return=  -4.648 final_d=0.0231 m min_d=0.0231 m
episode=276 steps=06 success=1 return=  -5.470 final_d=0.0387 m min_d=0.0387 m
episode=277 steps=06 success=1 return=  -5.053 final_d=0.0430 m min_d=0.0430 m
episode=278 steps=05 success=1 return=  -4.564 final_d=0.0368 m min_d=0.0368 m
episode=279 steps=50 success=0 return= -51.751 final_d=0.0633 m min_d=0.0633 m
episode=280 steps=11 success=1 return= -11.146 final_d=0.0401 m min_d=0.0401 m
episode=281 steps=05 success=1 return=  -4.000 final_d=0.0446 m min_d=0.0446 m
episode=282 steps=04 success=1 return=  -3.000 final_d=0.0307 m min_d=0.0307 m
episode=283 steps=14 success=1 return= -14.787 final_d=0.0493 m min_d=0.0493 m
episode=284 steps=08 success=1 return=  -7.858 final_d=0.0220 m min_d=0.0220 m
episode=285 steps=05 success=1 return=  -4.206 final_d=0.0244 m min_d=0.0244 m
episode=286 steps=50 success=0 return= -50.813 final_d=0.0950 m min_d=0.0887 m
episode=287 steps=05 success=1 return=  -4.000 final_d=0.0258 m min_d=0.0258 m
episode=288 steps=50 success=0 return= -51.572 final_d=0.0832 m min_d=0.0652 m
episode=289 steps=50 success=0 return= -50.590 final_d=0.0635 m min_d=0.0635 m
episode=290 steps=50 success=0 return= -51.438 final_d=0.0631 m min_d=0.0631 m
episode=291 steps=04 success=1 return=  -3.000 final_d=0.0351 m min_d=0.0351 m
episode=292 steps=09 success=1 return= -10.122 final_d=0.0124 m min_d=0.0124 m
episode=293 steps=04 success=1 return=  -3.000 final_d=0.0424 m min_d=0.0424 m
episode=294 steps=05 success=1 return=  -4.290 final_d=0.0384 m min_d=0.0384 m
episode=295 steps=50 success=0 return= -62.148 final_d=0.2002 m min_d=0.2002 m
episode=296 steps=08 success=1 return=  -7.876 final_d=0.0277 m min_d=0.0277 m
episode=297 steps=05 success=1 return=  -4.270 final_d=0.0376 m min_d=0.0376 m
episode=298 steps=12 success=1 return= -11.000 final_d=0.0235 m min_d=0.0235 m
episode=299 steps=07 success=1 return=  -6.852 final_d=0.0030 m min_d=0.0030 m
episode=300 steps=05 success=1 return=  -4.923 final_d=0.0391 m min_d=0.0391 m
episode=301 steps=06 success=1 return=  -5.049 final_d=0.0216 m min_d=0.0216 m
episode=302 steps=05 success=1 return=  -4.000 final_d=0.0167 m min_d=0.0167 m
episode=303 steps=01 success=1 return=   0.000 final_d=0.0328 m min_d=0.0328 m
episode=304 steps=01 success=1 return=   0.000 final_d=0.0388 m min_d=0.0388 m
episode=305 steps=10 success=1 return= -11.211 final_d=0.0358 m min_d=0.0358 m
episode=306 steps=50 success=0 return= -54.693 final_d=0.1278 m min_d=0.1278 m
episode=307 steps=08 success=1 return=  -7.637 final_d=0.0480 m min_d=0.0480 m
episode=308 steps=06 success=1 return=  -5.438 final_d=0.0379 m min_d=0.0379 m
episode=309 steps=50 success=0 return= -50.675 final_d=0.0778 m min_d=0.0774 m
episode=310 steps=09 success=1 return=  -9.780 final_d=0.0153 m min_d=0.0153 m
episode=311 steps=06 success=1 return=  -6.172 final_d=0.0478 m min_d=0.0478 m
episode=312 steps=50 success=0 return= -51.244 final_d=0.0927 m min_d=0.0655 m
episode=313 steps=05 success=1 return=  -4.393 final_d=0.0384 m min_d=0.0384 m
episode=314 steps=50 success=0 return= -50.996 final_d=0.1137 m min_d=0.0731 m
episode=315 steps=05 success=1 return=  -4.139 final_d=0.0310 m min_d=0.0310 m
episode=316 steps=50 success=0 return= -51.203 final_d=0.0856 m min_d=0.0768 m
episode=317 steps=05 success=1 return=  -4.000 final_d=0.0098 m min_d=0.0098 m
episode=318 steps=07 success=1 return=  -6.499 final_d=0.0477 m min_d=0.0477 m
episode=319 steps=10 success=1 return= -11.033 final_d=0.0179 m min_d=0.0179 m
episode=320 steps=05 success=1 return=  -4.050 final_d=0.0498 m min_d=0.0498 m
episode=321 steps=14 success=1 return= -15.351 final_d=0.0422 m min_d=0.0422 m
episode=322 steps=06 success=1 return=  -5.348 final_d=0.0427 m min_d=0.0427 m
episode=323 steps=07 success=1 return=  -6.633 final_d=0.0353 m min_d=0.0353 m
episode=324 steps=06 success=1 return=  -5.000 final_d=0.0462 m min_d=0.0462 m
episode=325 steps=08 success=1 return=  -7.000 final_d=0.0243 m min_d=0.0243 m
episode=326 steps=07 success=1 return=  -7.245 final_d=0.0336 m min_d=0.0336 m
episode=327 steps=05 success=1 return=  -4.579 final_d=0.0447 m min_d=0.0447 m
episode=328 steps=05 success=1 return=  -4.114 final_d=0.0211 m min_d=0.0211 m
episode=329 steps=05 success=1 return=  -4.342 final_d=0.0270 m min_d=0.0270 m
episode=330 steps=05 success=1 return=  -4.000 final_d=0.0268 m min_d=0.0268 m
episode=331 steps=09 success=1 return=  -9.838 final_d=0.0384 m min_d=0.0384 m
episode=332 steps=01 success=1 return=   0.000 final_d=0.0414 m min_d=0.0414 m
episode=333 steps=05 success=1 return=  -4.000 final_d=0.0428 m min_d=0.0428 m
episode=334 steps=07 success=1 return=  -6.000 final_d=0.0169 m min_d=0.0169 m
episode=335 steps=14 success=1 return= -13.654 final_d=0.0476 m min_d=0.0476 m
episode=336 steps=05 success=1 return=  -4.919 final_d=0.0252 m min_d=0.0252 m
episode=337 steps=08 success=1 return=  -7.402 final_d=0.0397 m min_d=0.0397 m
episode=338 steps=50 success=0 return= -50.533 final_d=0.0994 m min_d=0.0618 m
episode=339 steps=04 success=1 return=  -3.000 final_d=0.0385 m min_d=0.0385 m
episode=340 steps=05 success=1 return=  -4.025 final_d=0.0347 m min_d=0.0347 m
episode=341 steps=50 success=0 return= -52.630 final_d=0.1323 m min_d=0.1323 m
episode=342 steps=10 success=1 return=  -9.731 final_d=0.0292 m min_d=0.0292 m
episode=343 steps=07 success=1 return=  -6.693 final_d=0.0412 m min_d=0.0412 m
episode=344 steps=10 success=1 return= -10.887 final_d=0.0339 m min_d=0.0339 m
episode=345 steps=04 success=1 return=  -3.000 final_d=0.0470 m min_d=0.0470 m
episode=346 steps=06 success=1 return=  -5.687 final_d=0.0478 m min_d=0.0478 m
episode=347 steps=08 success=1 return=  -7.938 final_d=0.0288 m min_d=0.0288 m
episode=348 steps=15 success=1 return= -14.000 final_d=0.0150 m min_d=0.0150 m
episode=349 steps=05 success=1 return=  -4.683 final_d=0.0279 m min_d=0.0279 m
episode=350 steps=10 success=1 return= -11.048 final_d=0.0344 m min_d=0.0344 m
episode=351 steps=11 success=1 return= -10.000 final_d=0.0389 m min_d=0.0389 m
episode=352 steps=05 success=1 return=  -4.200 final_d=0.0276 m min_d=0.0276 m
episode=353 steps=05 success=1 return=  -4.000 final_d=0.0032 m min_d=0.0032 m
episode=354 steps=04 success=1 return=  -3.000 final_d=0.0337 m min_d=0.0337 m
episode=355 steps=06 success=1 return=  -5.000 final_d=0.0423 m min_d=0.0423 m
episode=356 steps=11 success=1 return= -12.418 final_d=0.0225 m min_d=0.0225 m
episode=357 steps=06 success=1 return=  -5.050 final_d=0.0086 m min_d=0.0086 m
episode=358 steps=10 success=1 return= -10.159 final_d=0.0417 m min_d=0.0417 m
episode=359 steps=09 success=1 return= -10.354 final_d=0.0468 m min_d=0.0468 m
episode=360 steps=01 success=1 return=   0.000 final_d=0.0242 m min_d=0.0242 m
episode=361 steps=05 success=1 return=  -4.134 final_d=0.0332 m min_d=0.0332 m
episode=362 steps=10 success=1 return=  -9.613 final_d=0.0086 m min_d=0.0086 m
episode=363 steps=05 success=1 return=  -4.000 final_d=0.0133 m min_d=0.0133 m
episode=364 steps=08 success=1 return=  -8.265 final_d=0.0210 m min_d=0.0210 m
episode=365 steps=06 success=1 return=  -5.000 final_d=0.0489 m min_d=0.0489 m
episode=366 steps=09 success=1 return=  -9.518 final_d=0.0400 m min_d=0.0400 m
episode=367 steps=08 success=1 return=  -7.872 final_d=0.0484 m min_d=0.0484 m
episode=368 steps=05 success=1 return=  -4.000 final_d=0.0488 m min_d=0.0488 m
episode=369 steps=06 success=1 return=  -5.000 final_d=0.0406 m min_d=0.0406 m
episode=370 steps=08 success=1 return=  -7.886 final_d=0.0428 m min_d=0.0428 m
episode=371 steps=15 success=1 return= -14.338 final_d=0.0178 m min_d=0.0178 m
episode=372 steps=06 success=1 return=  -5.189 final_d=0.0416 m min_d=0.0416 m
episode=373 steps=05 success=1 return=  -4.557 final_d=0.0419 m min_d=0.0419 m
episode=374 steps=50 success=0 return= -52.203 final_d=0.0803 m min_d=0.0802 m
episode=375 steps=04 success=1 return=  -3.000 final_d=0.0363 m min_d=0.0363 m
episode=376 steps=01 success=1 return=   0.000 final_d=0.0405 m min_d=0.0405 m
episode=377 steps=50 success=0 return= -50.474 final_d=0.0703 m min_d=0.0596 m
episode=378 steps=09 success=1 return=  -9.208 final_d=0.0437 m min_d=0.0437 m
episode=379 steps=05 success=1 return=  -4.343 final_d=0.0394 m min_d=0.0394 m
episode=380 steps=05 success=1 return=  -4.000 final_d=0.0331 m min_d=0.0331 m
episode=381 steps=08 success=1 return=  -7.855 final_d=0.0337 m min_d=0.0337 m
episode=382 steps=05 success=1 return=  -4.000 final_d=0.0347 m min_d=0.0347 m
episode=383 steps=50 success=0 return= -50.660 final_d=0.0776 m min_d=0.0546 m
episode=384 steps=05 success=1 return=  -4.000 final_d=0.0296 m min_d=0.0296 m
episode=385 steps=04 success=1 return=  -3.000 final_d=0.0222 m min_d=0.0222 m
episode=386 steps=08 success=1 return=  -8.484 final_d=0.0231 m min_d=0.0231 m
episode=387 steps=06 success=1 return=  -5.872 final_d=0.0481 m min_d=0.0481 m
episode=388 steps=50 success=0 return= -50.561 final_d=0.0504 m min_d=0.0504 m
episode=389 steps=07 success=1 return=  -6.056 final_d=0.0447 m min_d=0.0447 m
episode=390 steps=05 success=1 return=  -4.123 final_d=0.0285 m min_d=0.0285 m
episode=391 steps=08 success=1 return=  -7.000 final_d=0.0255 m min_d=0.0255 m
episode=392 steps=05 success=1 return=  -4.388 final_d=0.0287 m min_d=0.0287 m
episode=393 steps=08 success=1 return=  -7.000 final_d=0.0423 m min_d=0.0423 m
episode=394 steps=05 success=1 return=  -4.000 final_d=0.0286 m min_d=0.0286 m
episode=395 steps=11 success=1 return= -11.569 final_d=0.0130 m min_d=0.0130 m
episode=396 steps=05 success=1 return=  -4.413 final_d=0.0446 m min_d=0.0446 m
episode=397 steps=04 success=1 return=  -3.000 final_d=0.0477 m min_d=0.0477 m
episode=398 steps=05 success=1 return=  -4.371 final_d=0.0274 m min_d=0.0274 m
episode=399 steps=05 success=1 return=  -4.510 final_d=0.0315 m min_d=0.0315 m
episode=400 steps=06 success=1 return=  -5.337 final_d=0.0408 m min_d=0.0408 m
episode=401 steps=01 success=1 return=   0.000 final_d=0.0469 m min_d=0.0469 m
episode=402 steps=12 success=1 return= -12.829 final_d=0.0408 m min_d=0.0408 m
episode=403 steps=05 success=1 return=  -4.000 final_d=0.0066 m min_d=0.0066 m
episode=404 steps=04 success=1 return=  -3.000 final_d=0.0465 m min_d=0.0465 m
episode=405 steps=08 success=1 return=  -7.131 final_d=0.0371 m min_d=0.0371 m
episode=406 steps=07 success=1 return=  -6.621 final_d=0.0310 m min_d=0.0310 m
episode=407 steps=01 success=1 return=   0.000 final_d=0.0136 m min_d=0.0136 m
episode=408 steps=05 success=1 return=  -4.652 final_d=0.0497 m min_d=0.0497 m
episode=409 steps=05 success=1 return=  -4.709 final_d=0.0353 m min_d=0.0353 m
episode=410 steps=05 success=1 return=  -4.968 final_d=0.0367 m min_d=0.0367 m
episode=411 steps=50 success=0 return= -50.992 final_d=0.0742 m min_d=0.0540 m
episode=412 steps=09 success=1 return=  -9.125 final_d=0.0271 m min_d=0.0271 m
episode=413 steps=50 success=0 return= -52.790 final_d=0.0796 m min_d=0.0796 m
episode=414 steps=01 success=1 return=   0.000 final_d=0.0377 m min_d=0.0377 m
episode=415 steps=08 success=1 return=  -8.256 final_d=0.0289 m min_d=0.0289 m
episode=416 steps=07 success=1 return=  -6.999 final_d=0.0277 m min_d=0.0277 m
episode=417 steps=05 success=1 return=  -4.154 final_d=0.0263 m min_d=0.0263 m
episode=418 steps=05 success=1 return=  -4.000 final_d=0.0260 m min_d=0.0260 m
episode=419 steps=10 success=1 return=  -9.027 final_d=0.0127 m min_d=0.0127 m
episode=420 steps=05 success=1 return=  -4.029 final_d=0.0359 m min_d=0.0359 m
episode=421 steps=07 success=1 return=  -6.719 final_d=0.0388 m min_d=0.0388 m
episode=422 steps=05 success=1 return=  -4.000 final_d=0.0347 m min_d=0.0347 m
episode=423 steps=05 success=1 return=  -4.000 final_d=0.0172 m min_d=0.0172 m
episode=424 steps=08 success=1 return=  -8.609 final_d=0.0247 m min_d=0.0247 m
episode=425 steps=04 success=1 return=  -3.000 final_d=0.0346 m min_d=0.0346 m
episode=426 steps=09 success=1 return=  -9.414 final_d=0.0490 m min_d=0.0490 m
episode=427 steps=13 success=1 return= -15.219 final_d=0.0495 m min_d=0.0495 m
episode=428 steps=09 success=1 return=  -8.940 final_d=0.0431 m min_d=0.0431 m
episode=429 steps=50 success=0 return= -50.122 final_d=0.0755 m min_d=0.0552 m
episode=430 steps=50 success=0 return= -51.133 final_d=0.0890 m min_d=0.0890 m
episode=431 steps=15 success=1 return= -16.846 final_d=0.0181 m min_d=0.0181 m
episode=432 steps=06 success=1 return=  -5.604 final_d=0.0301 m min_d=0.0301 m
episode=433 steps=07 success=1 return=  -6.648 final_d=0.0460 m min_d=0.0460 m
episode=434 steps=01 success=1 return=   0.000 final_d=0.0436 m min_d=0.0436 m
episode=435 steps=01 success=1 return=   0.000 final_d=0.0325 m min_d=0.0325 m
episode=436 steps=05 success=1 return=  -4.000 final_d=0.0454 m min_d=0.0454 m
episode=437 steps=12 success=1 return= -13.518 final_d=0.0219 m min_d=0.0219 m
episode=438 steps=05 success=1 return=  -4.000 final_d=0.0204 m min_d=0.0204 m
episode=439 steps=06 success=1 return=  -5.184 final_d=0.0374 m min_d=0.0374 m
episode=440 steps=10 success=1 return=  -9.052 final_d=0.0467 m min_d=0.0467 m
episode=441 steps=06 success=1 return=  -5.000 final_d=0.0445 m min_d=0.0445 m
episode=442 steps=11 success=1 return= -10.491 final_d=0.0277 m min_d=0.0277 m
episode=443 steps=01 success=1 return=   0.000 final_d=0.0388 m min_d=0.0388 m
episode=444 steps=15 success=1 return= -17.816 final_d=0.0093 m min_d=0.0093 m
episode=445 steps=06 success=1 return=  -5.320 final_d=0.0416 m min_d=0.0416 m
episode=446 steps=05 success=1 return=  -5.071 final_d=0.0433 m min_d=0.0433 m
episode=447 steps=11 success=1 return= -11.150 final_d=0.0423 m min_d=0.0423 m
episode=448 steps=05 success=1 return=  -4.741 final_d=0.0384 m min_d=0.0384 m
episode=449 steps=05 success=1 return=  -4.286 final_d=0.0329 m min_d=0.0329 m
episode=450 steps=01 success=1 return=   0.000 final_d=0.0493 m min_d=0.0493 m
episode=451 steps=05 success=1 return=  -4.000 final_d=0.0252 m min_d=0.0252 m
episode=452 steps=14 success=1 return= -15.055 final_d=0.0390 m min_d=0.0390 m
episode=453 steps=07 success=1 return=  -6.000 final_d=0.0152 m min_d=0.0152 m
episode=454 steps=05 success=1 return=  -4.000 final_d=0.0217 m min_d=0.0217 m
episode=455 steps=50 success=0 return= -51.378 final_d=0.1193 m min_d=0.1188 m
episode=456 steps=05 success=1 return=  -4.000 final_d=0.0409 m min_d=0.0409 m
episode=457 steps=05 success=1 return=  -4.841 final_d=0.0346 m min_d=0.0346 m
episode=458 steps=05 success=1 return=  -4.353 final_d=0.0255 m min_d=0.0255 m
episode=459 steps=08 success=1 return=  -7.967 final_d=0.0466 m min_d=0.0466 m
episode=460 steps=50 success=0 return= -50.000 final_d=0.0536 m min_d=0.0532 m
episode=461 steps=01 success=1 return=   0.000 final_d=0.0442 m min_d=0.0442 m
episode=462 steps=10 success=1 return= -10.752 final_d=0.0440 m min_d=0.0440 m
episode=463 steps=05 success=1 return=  -4.464 final_d=0.0016 m min_d=0.0016 m
episode=464 steps=06 success=1 return=  -5.321 final_d=0.0431 m min_d=0.0431 m
episode=465 steps=06 success=1 return=  -5.000 final_d=0.0476 m min_d=0.0476 m
episode=466 steps=05 success=1 return=  -4.000 final_d=0.0441 m min_d=0.0441 m
episode=467 steps=04 success=1 return=  -3.000 final_d=0.0230 m min_d=0.0230 m
episode=468 steps=05 success=1 return=  -4.091 final_d=0.0408 m min_d=0.0408 m
episode=469 steps=10 success=1 return= -10.608 final_d=0.0324 m min_d=0.0324 m
episode=470 steps=01 success=1 return=   0.000 final_d=0.0245 m min_d=0.0245 m
episode=471 steps=12 success=1 return= -12.486 final_d=0.0256 m min_d=0.0256 m
episode=472 steps=05 success=1 return=  -5.067 final_d=0.0352 m min_d=0.0352 m
episode=473 steps=01 success=1 return=   0.000 final_d=0.0284 m min_d=0.0284 m
episode=474 steps=05 success=1 return=  -4.819 final_d=0.0238 m min_d=0.0238 m
episode=475 steps=05 success=1 return=  -4.000 final_d=0.0368 m min_d=0.0368 m
episode=476 steps=07 success=1 return=  -7.098 final_d=0.0104 m min_d=0.0104 m
episode=477 steps=05 success=1 return=  -4.128 final_d=0.0145 m min_d=0.0145 m
episode=478 steps=01 success=1 return=   0.000 final_d=0.0404 m min_d=0.0404 m
episode=479 steps=04 success=1 return=  -3.000 final_d=0.0473 m min_d=0.0473 m
episode=480 steps=50 success=0 return= -53.352 final_d=0.0861 m min_d=0.0636 m
episode=481 steps=05 success=1 return=  -4.012 final_d=0.0241 m min_d=0.0241 m
episode=482 steps=05 success=1 return=  -4.000 final_d=0.0233 m min_d=0.0233 m
episode=483 steps=07 success=1 return=  -7.861 final_d=0.0356 m min_d=0.0356 m
episode=484 steps=09 success=1 return=  -9.350 final_d=0.0410 m min_d=0.0410 m
episode=485 steps=06 success=1 return=  -5.000 final_d=0.0365 m min_d=0.0365 m
episode=486 steps=09 success=1 return=  -9.700 final_d=0.0273 m min_d=0.0273 m
episode=487 steps=09 success=1 return=  -8.547 final_d=0.0274 m min_d=0.0274 m
episode=488 steps=07 success=1 return=  -6.667 final_d=0.0355 m min_d=0.0355 m
episode=489 steps=09 success=1 return=  -8.837 final_d=0.0164 m min_d=0.0164 m
episode=490 steps=04 success=1 return=  -3.000 final_d=0.0162 m min_d=0.0162 m
episode=491 steps=05 success=1 return=  -4.087 final_d=0.0414 m min_d=0.0414 m
episode=492 steps=08 success=1 return=  -8.003 final_d=0.0394 m min_d=0.0394 m
episode=493 steps=05 success=1 return=  -4.000 final_d=0.0279 m min_d=0.0279 m
episode=494 steps=09 success=1 return=  -9.766 final_d=0.0253 m min_d=0.0253 m
episode=495 steps=04 success=1 return=  -3.000 final_d=0.0368 m min_d=0.0368 m
episode=496 steps=01 success=1 return=   0.000 final_d=0.0061 m min_d=0.0061 m
episode=497 steps=50 success=0 return= -50.325 final_d=0.0971 m min_d=0.0512 m
episode=498 steps=01 success=1 return=   0.000 final_d=0.0324 m min_d=0.0324 m
episode=499 steps=50 success=0 return= -56.157 final_d=0.1559 m min_d=0.1553 m
summary episodes=500 success_rate=0.902 mean_final_d=0.0386 m mean_min_d=0.0373 m
results=C:\Users\HSN5WX\Desktop\Projects\franka_control\inference_results_part3.csv
