AdroitHandRelocateDense-v1, AdroitHandHammerDense-v1, AdroitHandDoorDense-v1 environment's reward functions were updated in v1.2.1 without an environment version update. Therefore, use gymnasium-robotics==1.2.0 for v1 reproducibility or use v2 in gymnasium-robotics>=1.4.3. See https://github.com/Farama-Foundation/Gymnasium-Robotics/pull/220 for more details
Wrapping the env with a `Monitor` wrapper
Wrapping the env in a DummyVecEnv.
episode=000 steps=05 success=1 return=  -4.490 final_d=0.0057 m min_d=0.0057 m
episode=001 steps=08 success=1 return=  -8.392 final_d=0.0229 m min_d=0.0229 m
episode=002 steps=11 success=1 return= -11.612 final_d=0.0247 m min_d=0.0247 m
episode=003 steps=17 success=1 return= -18.608 final_d=0.0231 m min_d=0.0231 m
episode=004 steps=05 success=1 return=  -4.000 final_d=0.0412 m min_d=0.0412 m
episode=005 steps=05 success=1 return=  -4.918 final_d=0.0405 m min_d=0.0405 m
episode=006 steps=07 success=1 return=  -6.847 final_d=0.0463 m min_d=0.0463 m
episode=007 steps=05 success=1 return=  -4.244 final_d=0.0296 m min_d=0.0296 m
episode=008 steps=06 success=1 return=  -5.301 final_d=0.0408 m min_d=0.0408 m
episode=009 steps=04 success=1 return=  -3.000 final_d=0.0442 m min_d=0.0442 m
episode=010 steps=05 success=1 return=  -4.000 final_d=0.0303 m min_d=0.0303 m
episode=011 steps=04 success=1 return=  -3.000 final_d=0.0375 m min_d=0.0375 m
episode=012 steps=04 success=1 return=  -3.000 final_d=0.0311 m min_d=0.0311 m
episode=013 steps=08 success=1 return=  -8.248 final_d=0.0495 m min_d=0.0495 m
episode=014 steps=09 success=1 return=  -9.415 final_d=0.0322 m min_d=0.0322 m
episode=015 steps=04 success=1 return=  -3.000 final_d=0.0288 m min_d=0.0288 m
episode=016 steps=11 success=1 return= -11.889 final_d=0.0175 m min_d=0.0175 m
episode=017 steps=05 success=1 return=  -4.123 final_d=0.0312 m min_d=0.0312 m
episode=018 steps=05 success=1 return=  -4.367 final_d=0.0164 m min_d=0.0164 m
episode=019 steps=17 success=1 return= -20.391 final_d=0.0378 m min_d=0.0378 m
episode=020 steps=07 success=1 return=  -6.000 final_d=0.0464 m min_d=0.0464 m
episode=021 steps=06 success=1 return=  -5.446 final_d=0.0304 m min_d=0.0304 m
episode=022 steps=04 success=1 return=  -3.000 final_d=0.0400 m min_d=0.0400 m
episode=023 steps=05 success=1 return=  -4.220 final_d=0.0355 m min_d=0.0355 m
episode=024 steps=07 success=1 return=  -7.652 final_d=0.0288 m min_d=0.0288 m
episode=025 steps=07 success=1 return=  -6.241 final_d=0.0145 m min_d=0.0145 m
episode=026 steps=07 success=1 return=  -6.676 final_d=0.0326 m min_d=0.0326 m
episode=027 steps=06 success=1 return=  -5.967 final_d=0.0478 m min_d=0.0478 m
episode=028 steps=09 success=1 return=  -8.758 final_d=0.0408 m min_d=0.0408 m
episode=029 steps=04 success=1 return=  -3.000 final_d=0.0357 m min_d=0.0357 m
episode=030 steps=50 success=0 return= -50.282 final_d=0.1072 m min_d=0.0563 m
episode=031 steps=50 success=0 return= -50.669 final_d=0.0808 m min_d=0.0523 m
episode=032 steps=04 success=1 return=  -3.000 final_d=0.0400 m min_d=0.0400 m
episode=033 steps=07 success=1 return=  -6.806 final_d=0.0439 m min_d=0.0439 m
episode=034 steps=09 success=1 return=  -9.478 final_d=0.0427 m min_d=0.0427 m
episode=035 steps=01 success=1 return=   0.000 final_d=0.0335 m min_d=0.0335 m
episode=036 steps=12 success=1 return= -11.576 final_d=0.0260 m min_d=0.0260 m
episode=037 steps=05 success=1 return=  -4.229 final_d=0.0379 m min_d=0.0379 m
episode=038 steps=05 success=1 return=  -4.146 final_d=0.0224 m min_d=0.0224 m
episode=039 steps=05 success=1 return=  -4.601 final_d=0.0143 m min_d=0.0143 m
episode=040 steps=01 success=1 return=   0.000 final_d=0.0419 m min_d=0.0419 m
episode=041 steps=05 success=1 return=  -4.000 final_d=0.0216 m min_d=0.0216 m
episode=042 steps=14 success=1 return= -13.563 final_d=0.0302 m min_d=0.0302 m
episode=043 steps=07 success=1 return=  -6.539 final_d=0.0251 m min_d=0.0251 m
episode=044 steps=10 success=1 return= -10.596 final_d=0.0382 m min_d=0.0382 m
episode=045 steps=50 success=0 return= -50.187 final_d=0.0880 m min_d=0.0875 m
episode=046 steps=07 success=1 return=  -6.748 final_d=0.0460 m min_d=0.0460 m
episode=047 steps=22 success=1 return= -24.669 final_d=0.0199 m min_d=0.0199 m
episode=048 steps=05 success=1 return=  -4.000 final_d=0.0056 m min_d=0.0056 m
episode=049 steps=05 success=1 return=  -4.663 final_d=0.0347 m min_d=0.0347 m
episode=050 steps=05 success=1 return=  -4.000 final_d=0.0183 m min_d=0.0183 m
episode=051 steps=50 success=0 return= -50.000 final_d=0.0526 m min_d=0.0526 m
episode=052 steps=06 success=1 return=  -5.000 final_d=0.0472 m min_d=0.0472 m
episode=053 steps=04 success=1 return=  -3.000 final_d=0.0427 m min_d=0.0427 m
episode=054 steps=09 success=1 return=  -9.128 final_d=0.0174 m min_d=0.0174 m
episode=055 steps=38 success=1 return= -48.637 final_d=0.0499 m min_d=0.0499 m
episode=056 steps=08 success=1 return=  -8.320 final_d=0.0199 m min_d=0.0199 m
episode=057 steps=06 success=1 return=  -5.000 final_d=0.0323 m min_d=0.0323 m
episode=058 steps=08 success=1 return=  -7.963 final_d=0.0310 m min_d=0.0310 m
episode=059 steps=07 success=1 return=  -6.549 final_d=0.0385 m min_d=0.0385 m
episode=060 steps=15 success=1 return= -15.464 final_d=0.0457 m min_d=0.0457 m
episode=061 steps=08 success=1 return=  -7.888 final_d=0.0375 m min_d=0.0375 m
episode=062 steps=01 success=1 return=   0.000 final_d=0.0142 m min_d=0.0142 m
episode=063 steps=04 success=1 return=  -3.000 final_d=0.0397 m min_d=0.0397 m
episode=064 steps=05 success=1 return=  -4.363 final_d=0.0491 m min_d=0.0491 m
episode=065 steps=05 success=1 return=  -4.750 final_d=0.0310 m min_d=0.0310 m
episode=066 steps=50 success=0 return= -50.284 final_d=0.0641 m min_d=0.0640 m
episode=067 steps=04 success=1 return=  -3.000 final_d=0.0097 m min_d=0.0097 m
episode=068 steps=06 success=1 return=  -5.621 final_d=0.0422 m min_d=0.0422 m
episode=069 steps=09 success=1 return=  -9.322 final_d=0.0456 m min_d=0.0456 m
episode=070 steps=05 success=1 return=  -4.000 final_d=0.0255 m min_d=0.0255 m
episode=071 steps=10 success=1 return=  -9.042 final_d=0.0380 m min_d=0.0380 m
episode=072 steps=50 success=0 return= -50.716 final_d=0.0638 m min_d=0.0638 m
episode=073 steps=01 success=1 return=   0.000 final_d=0.0166 m min_d=0.0166 m
episode=074 steps=10 success=1 return=  -9.156 final_d=0.0394 m min_d=0.0394 m
episode=075 steps=15 success=1 return= -15.097 final_d=0.0293 m min_d=0.0293 m
episode=076 steps=06 success=1 return=  -5.523 final_d=0.0221 m min_d=0.0221 m
episode=077 steps=05 success=1 return=  -4.000 final_d=0.0335 m min_d=0.0335 m
episode=078 steps=08 success=1 return=  -8.274 final_d=0.0485 m min_d=0.0485 m
episode=079 steps=31 success=1 return= -30.327 final_d=0.0488 m min_d=0.0488 m
episode=080 steps=05 success=1 return=  -4.200 final_d=0.0340 m min_d=0.0340 m
episode=081 steps=11 success=1 return= -11.147 final_d=0.0139 m min_d=0.0139 m
episode=082 steps=11 success=1 return= -12.666 final_d=0.0327 m min_d=0.0327 m
episode=083 steps=50 success=0 return= -51.734 final_d=0.0528 m min_d=0.0528 m
episode=084 steps=50 success=0 return= -52.018 final_d=0.0918 m min_d=0.0917 m
episode=085 steps=09 success=1 return= -10.415 final_d=0.0232 m min_d=0.0232 m
episode=086 steps=05 success=1 return=  -4.000 final_d=0.0282 m min_d=0.0282 m
episode=087 steps=05 success=1 return=  -4.144 final_d=0.0077 m min_d=0.0077 m
episode=088 steps=06 success=1 return=  -5.000 final_d=0.0287 m min_d=0.0287 m
episode=089 steps=08 success=1 return=  -8.224 final_d=0.0431 m min_d=0.0431 m
episode=090 steps=05 success=1 return=  -4.977 final_d=0.0192 m min_d=0.0192 m
episode=091 steps=06 success=1 return=  -5.157 final_d=0.0484 m min_d=0.0484 m
episode=092 steps=05 success=1 return=  -4.000 final_d=0.0281 m min_d=0.0281 m
episode=093 steps=13 success=1 return= -12.788 final_d=0.0244 m min_d=0.0244 m
episode=094 steps=06 success=1 return=  -5.379 final_d=0.0154 m min_d=0.0154 m
episode=095 steps=05 success=1 return=  -4.000 final_d=0.0211 m min_d=0.0211 m
episode=096 steps=14 success=1 return= -16.170 final_d=0.0245 m min_d=0.0245 m
episode=097 steps=05 success=1 return=  -4.000 final_d=0.0317 m min_d=0.0317 m
episode=098 steps=10 success=1 return= -10.717 final_d=0.0144 m min_d=0.0144 m
episode=099 steps=01 success=1 return=   0.000 final_d=0.0241 m min_d=0.0241 m
episode=100 steps=04 success=1 return=  -3.000 final_d=0.0421 m min_d=0.0421 m
episode=101 steps=12 success=1 return= -13.533 final_d=0.0417 m min_d=0.0417 m
episode=102 steps=04 success=1 return=  -3.000 final_d=0.0438 m min_d=0.0438 m
episode=103 steps=08 success=1 return=  -8.025 final_d=0.0423 m min_d=0.0423 m
episode=104 steps=50 success=0 return= -53.519 final_d=0.1394 m min_d=0.0945 m
episode=105 steps=01 success=1 return=   0.000 final_d=0.0288 m min_d=0.0288 m
episode=106 steps=40 success=1 return= -39.000 final_d=0.0498 m min_d=0.0498 m
episode=107 steps=05 success=1 return=  -4.000 final_d=0.0232 m min_d=0.0232 m
episode=108 steps=04 success=1 return=  -3.000 final_d=0.0374 m min_d=0.0374 m
episode=109 steps=06 success=1 return=  -5.184 final_d=0.0246 m min_d=0.0246 m
episode=110 steps=05 success=1 return=  -4.601 final_d=0.0257 m min_d=0.0257 m
episode=111 steps=09 success=1 return= -10.360 final_d=0.0243 m min_d=0.0243 m
episode=112 steps=07 success=1 return=  -7.051 final_d=0.0497 m min_d=0.0497 m
episode=113 steps=19 success=1 return= -19.281 final_d=0.0307 m min_d=0.0307 m
episode=114 steps=09 success=1 return=  -9.138 final_d=0.0493 m min_d=0.0493 m
episode=115 steps=04 success=1 return=  -3.000 final_d=0.0312 m min_d=0.0312 m
episode=116 steps=10 success=1 return= -11.104 final_d=0.0379 m min_d=0.0379 m
episode=117 steps=04 success=1 return=  -3.000 final_d=0.0353 m min_d=0.0353 m
episode=118 steps=09 success=1 return=  -9.366 final_d=0.0117 m min_d=0.0117 m
episode=119 steps=06 success=1 return=  -5.039 final_d=0.0265 m min_d=0.0265 m
episode=120 steps=07 success=1 return=  -6.940 final_d=0.0425 m min_d=0.0425 m
episode=121 steps=06 success=1 return=  -5.385 final_d=0.0438 m min_d=0.0438 m
episode=122 steps=04 success=1 return=  -3.000 final_d=0.0399 m min_d=0.0399 m
episode=123 steps=50 success=0 return= -50.867 final_d=0.0871 m min_d=0.0571 m
episode=124 steps=08 success=1 return=  -7.816 final_d=0.0486 m min_d=0.0486 m
episode=125 steps=05 success=1 return=  -4.000 final_d=0.0414 m min_d=0.0414 m
episode=126 steps=08 success=1 return=  -8.386 final_d=0.0208 m min_d=0.0208 m
episode=127 steps=05 success=1 return=  -4.412 final_d=0.0299 m min_d=0.0299 m
episode=128 steps=05 success=1 return=  -4.218 final_d=0.0155 m min_d=0.0155 m
episode=129 steps=14 success=1 return= -13.528 final_d=0.0322 m min_d=0.0322 m
episode=130 steps=05 success=1 return=  -4.000 final_d=0.0182 m min_d=0.0182 m
episode=131 steps=08 success=1 return=  -7.986 final_d=0.0383 m min_d=0.0383 m
episode=132 steps=05 success=1 return=  -4.733 final_d=0.0399 m min_d=0.0399 m
episode=133 steps=50 success=0 return= -50.053 final_d=0.0512 m min_d=0.0512 m
episode=134 steps=05 success=1 return=  -4.000 final_d=0.0138 m min_d=0.0138 m
episode=135 steps=10 success=1 return= -10.898 final_d=0.0107 m min_d=0.0107 m
episode=136 steps=50 success=0 return= -64.966 final_d=0.2861 m min_d=0.0526 m
episode=137 steps=50 success=0 return= -50.556 final_d=0.0692 m min_d=0.0689 m
episode=138 steps=13 success=1 return= -13.206 final_d=0.0261 m min_d=0.0261 m
episode=139 steps=05 success=1 return=  -4.352 final_d=0.0263 m min_d=0.0263 m
episode=140 steps=10 success=1 return=  -9.258 final_d=0.0327 m min_d=0.0327 m
episode=141 steps=10 success=1 return= -10.879 final_d=0.0021 m min_d=0.0021 m
episode=142 steps=05 success=1 return=  -4.000 final_d=0.0490 m min_d=0.0490 m
episode=143 steps=05 success=1 return=  -4.000 final_d=0.0386 m min_d=0.0386 m
episode=144 steps=05 success=1 return=  -4.830 final_d=0.0357 m min_d=0.0357 m
episode=145 steps=07 success=1 return=  -6.288 final_d=0.0319 m min_d=0.0319 m
episode=146 steps=09 success=1 return=  -8.725 final_d=0.0066 m min_d=0.0066 m
episode=147 steps=12 success=1 return= -13.101 final_d=0.0462 m min_d=0.0462 m
episode=148 steps=50 success=0 return= -50.995 final_d=0.0923 m min_d=0.0791 m
episode=149 steps=05 success=1 return=  -4.000 final_d=0.0383 m min_d=0.0383 m
episode=150 steps=05 success=1 return=  -4.000 final_d=0.0283 m min_d=0.0283 m
episode=151 steps=50 success=0 return= -50.179 final_d=0.0752 m min_d=0.0748 m
episode=152 steps=01 success=1 return=   0.000 final_d=0.0429 m min_d=0.0429 m
episode=153 steps=06 success=1 return=  -6.617 final_d=0.0444 m min_d=0.0444 m
episode=154 steps=06 success=1 return=  -5.196 final_d=0.0413 m min_d=0.0413 m
episode=155 steps=05 success=1 return=  -4.859 final_d=0.0406 m min_d=0.0406 m
episode=156 steps=06 success=1 return=  -5.678 final_d=0.0371 m min_d=0.0371 m
episode=157 steps=50 success=0 return= -50.748 final_d=0.0905 m min_d=0.0620 m
episode=158 steps=05 success=1 return=  -4.000 final_d=0.0358 m min_d=0.0358 m
episode=159 steps=08 success=1 return=  -8.359 final_d=0.0222 m min_d=0.0222 m
episode=160 steps=05 success=1 return=  -4.000 final_d=0.0457 m min_d=0.0457 m
episode=161 steps=07 success=1 return=  -6.000 final_d=0.0386 m min_d=0.0386 m
episode=162 steps=01 success=1 return=   0.000 final_d=0.0475 m min_d=0.0475 m
episode=163 steps=08 success=1 return=  -7.362 final_d=0.0359 m min_d=0.0359 m
episode=164 steps=07 success=1 return=  -6.850 final_d=0.0435 m min_d=0.0435 m
episode=165 steps=05 success=1 return=  -4.000 final_d=0.0323 m min_d=0.0323 m
episode=166 steps=09 success=1 return=  -8.279 final_d=0.0325 m min_d=0.0325 m
episode=167 steps=04 success=1 return=  -3.000 final_d=0.0118 m min_d=0.0118 m
episode=168 steps=05 success=1 return=  -4.000 final_d=0.0321 m min_d=0.0321 m
episode=169 steps=15 success=1 return= -17.670 final_d=0.0302 m min_d=0.0302 m
episode=170 steps=13 success=1 return= -13.825 final_d=0.0474 m min_d=0.0474 m
episode=171 steps=06 success=1 return=  -5.000 final_d=0.0429 m min_d=0.0429 m
episode=172 steps=05 success=1 return=  -4.181 final_d=0.0423 m min_d=0.0423 m
episode=173 steps=07 success=1 return=  -6.015 final_d=0.0303 m min_d=0.0303 m
episode=174 steps=05 success=1 return=  -4.000 final_d=0.0356 m min_d=0.0356 m
episode=175 steps=08 success=1 return=  -7.731 final_d=0.0406 m min_d=0.0406 m
episode=176 steps=04 success=1 return=  -3.000 final_d=0.0434 m min_d=0.0434 m
episode=177 steps=10 success=1 return= -11.732 final_d=0.0219 m min_d=0.0219 m
episode=178 steps=05 success=1 return=  -4.000 final_d=0.0236 m min_d=0.0236 m
episode=179 steps=09 success=1 return=  -9.561 final_d=0.0335 m min_d=0.0335 m
episode=180 steps=50 success=0 return= -50.000 final_d=0.0612 m min_d=0.0611 m
episode=181 steps=09 success=1 return=  -8.000 final_d=0.0232 m min_d=0.0232 m
episode=182 steps=06 success=1 return=  -5.814 final_d=0.0100 m min_d=0.0100 m
episode=183 steps=50 success=0 return= -56.770 final_d=0.1560 m min_d=0.1560 m
episode=184 steps=05 success=1 return=  -4.107 final_d=0.0237 m min_d=0.0237 m
episode=185 steps=10 success=1 return=  -9.788 final_d=0.0383 m min_d=0.0383 m
episode=186 steps=01 success=1 return=   0.000 final_d=0.0452 m min_d=0.0452 m
episode=187 steps=50 success=0 return= -50.000 final_d=0.0861 m min_d=0.0616 m
episode=188 steps=14 success=1 return= -15.963 final_d=0.0289 m min_d=0.0289 m
episode=189 steps=08 success=1 return=  -8.034 final_d=0.0220 m min_d=0.0220 m
episode=190 steps=07 success=1 return=  -6.943 final_d=0.0448 m min_d=0.0448 m
episode=191 steps=50 success=0 return= -51.370 final_d=0.0652 m min_d=0.0652 m
episode=192 steps=05 success=1 return=  -4.802 final_d=0.0394 m min_d=0.0394 m
episode=193 steps=50 success=0 return= -50.000 final_d=0.0857 m min_d=0.0586 m
episode=194 steps=07 success=1 return=  -6.490 final_d=0.0213 m min_d=0.0213 m
episode=195 steps=04 success=1 return=  -3.000 final_d=0.0078 m min_d=0.0078 m
episode=196 steps=01 success=1 return=   0.000 final_d=0.0455 m min_d=0.0455 m
episode=197 steps=06 success=1 return=  -5.414 final_d=0.0486 m min_d=0.0486 m
episode=198 steps=11 success=1 return= -11.764 final_d=0.0140 m min_d=0.0140 m
episode=199 steps=08 success=1 return=  -7.841 final_d=0.0406 m min_d=0.0406 m
episode=200 steps=06 success=1 return=  -5.000 final_d=0.0198 m min_d=0.0198 m
episode=201 steps=50 success=0 return= -51.156 final_d=0.0926 m min_d=0.0635 m
episode=202 steps=07 success=1 return=  -6.702 final_d=0.0255 m min_d=0.0255 m
episode=203 steps=06 success=1 return=  -5.370 final_d=0.0428 m min_d=0.0428 m
episode=204 steps=09 success=1 return=  -8.000 final_d=0.0480 m min_d=0.0480 m
episode=205 steps=06 success=1 return=  -5.625 final_d=0.0321 m min_d=0.0321 m
episode=206 steps=01 success=1 return=   0.000 final_d=0.0386 m min_d=0.0386 m
episode=207 steps=50 success=0 return= -50.258 final_d=0.0925 m min_d=0.0638 m
episode=208 steps=05 success=1 return=  -4.000 final_d=0.0183 m min_d=0.0183 m
episode=209 steps=06 success=1 return=  -5.000 final_d=0.0341 m min_d=0.0341 m
episode=210 steps=08 success=1 return=  -8.390 final_d=0.0338 m min_d=0.0338 m
episode=211 steps=08 success=1 return=  -7.000 final_d=0.0424 m min_d=0.0424 m
episode=212 steps=14 success=1 return= -13.667 final_d=0.0417 m min_d=0.0417 m
episode=213 steps=08 success=1 return=  -7.342 final_d=0.0327 m min_d=0.0327 m
episode=214 steps=05 success=1 return=  -4.718 final_d=0.0397 m min_d=0.0397 m
episode=215 steps=05 success=1 return=  -4.000 final_d=0.0367 m min_d=0.0367 m
episode=216 steps=07 success=1 return=  -6.000 final_d=0.0456 m min_d=0.0456 m
episode=217 steps=50 success=0 return= -50.000 final_d=0.0918 m min_d=0.0799 m
episode=218 steps=07 success=1 return=  -6.647 final_d=0.0331 m min_d=0.0331 m
episode=219 steps=01 success=1 return=   0.000 final_d=0.0368 m min_d=0.0368 m
episode=220 steps=06 success=1 return=  -5.000 final_d=0.0416 m min_d=0.0416 m
episode=221 steps=01 success=1 return=   0.000 final_d=0.0283 m min_d=0.0283 m
episode=222 steps=05 success=1 return=  -4.000 final_d=0.0457 m min_d=0.0457 m
episode=223 steps=50 success=0 return= -50.809 final_d=0.0935 m min_d=0.0726 m
episode=224 steps=04 success=1 return=  -3.000 final_d=0.0411 m min_d=0.0411 m
episode=225 steps=01 success=1 return=   0.000 final_d=0.0385 m min_d=0.0385 m
episode=226 steps=08 success=1 return=  -9.484 final_d=0.0451 m min_d=0.0451 m
episode=227 steps=10 success=1 return= -11.669 final_d=0.0301 m min_d=0.0301 m
episode=228 steps=09 success=1 return= -10.202 final_d=0.0113 m min_d=0.0113 m
episode=229 steps=01 success=1 return=   0.000 final_d=0.0291 m min_d=0.0291 m
episode=230 steps=06 success=1 return=  -5.115 final_d=0.0064 m min_d=0.0064 m
episode=231 steps=09 success=1 return=  -9.631 final_d=0.0482 m min_d=0.0482 m
episode=232 steps=06 success=1 return=  -5.000 final_d=0.0383 m min_d=0.0383 m
episode=233 steps=05 success=1 return=  -4.376 final_d=0.0458 m min_d=0.0458 m
episode=234 steps=05 success=1 return=  -4.871 final_d=0.0475 m min_d=0.0475 m
episode=235 steps=50 success=0 return= -50.551 final_d=0.1147 m min_d=0.1142 m
episode=236 steps=09 success=1 return=  -9.909 final_d=0.0382 m min_d=0.0382 m
episode=237 steps=08 success=1 return=  -7.552 final_d=0.0494 m min_d=0.0494 m
episode=238 steps=09 success=1 return= -10.371 final_d=0.0432 m min_d=0.0432 m
episode=239 steps=04 success=1 return=  -3.000 final_d=0.0476 m min_d=0.0476 m
episode=240 steps=06 success=1 return=  -5.335 final_d=0.0295 m min_d=0.0295 m
episode=241 steps=10 success=1 return= -11.378 final_d=0.0423 m min_d=0.0423 m
episode=242 steps=09 success=1 return=  -9.747 final_d=0.0076 m min_d=0.0076 m
episode=243 steps=08 success=1 return=  -7.811 final_d=0.0382 m min_d=0.0382 m
episode=244 steps=50 success=0 return= -54.751 final_d=0.1309 m min_d=0.1165 m
episode=245 steps=16 success=1 return= -18.689 final_d=0.0245 m min_d=0.0245 m
episode=246 steps=07 success=1 return=  -6.441 final_d=0.0407 m min_d=0.0407 m
episode=247 steps=07 success=1 return=  -7.083 final_d=0.0465 m min_d=0.0465 m
episode=248 steps=08 success=1 return=  -7.963 final_d=0.0076 m min_d=0.0076 m
episode=249 steps=05 success=1 return=  -4.096 final_d=0.0414 m min_d=0.0414 m
episode=250 steps=01 success=1 return=   0.000 final_d=0.0332 m min_d=0.0332 m
episode=251 steps=14 success=1 return= -16.042 final_d=0.0486 m min_d=0.0486 m
episode=252 steps=05 success=1 return=  -4.961 final_d=0.0467 m min_d=0.0467 m
episode=253 steps=06 success=1 return=  -5.014 final_d=0.0083 m min_d=0.0083 m
episode=254 steps=09 success=1 return=  -9.566 final_d=0.0260 m min_d=0.0260 m
episode=255 steps=05 success=1 return=  -4.000 final_d=0.0171 m min_d=0.0171 m
episode=256 steps=01 success=1 return=   0.000 final_d=0.0402 m min_d=0.0402 m
episode=257 steps=10 success=1 return=  -9.000 final_d=0.0473 m min_d=0.0473 m
episode=258 steps=05 success=1 return=  -4.323 final_d=0.0227 m min_d=0.0227 m
episode=259 steps=01 success=1 return=   0.000 final_d=0.0390 m min_d=0.0390 m
episode=260 steps=04 success=1 return=  -3.000 final_d=0.0423 m min_d=0.0423 m
episode=261 steps=05 success=1 return=  -4.000 final_d=0.0194 m min_d=0.0194 m
episode=262 steps=09 success=1 return=  -9.418 final_d=0.0311 m min_d=0.0311 m
episode=263 steps=06 success=1 return=  -5.953 final_d=0.0430 m min_d=0.0430 m
episode=264 steps=11 success=1 return= -12.246 final_d=0.0342 m min_d=0.0342 m
episode=265 steps=09 success=1 return=  -9.507 final_d=0.0198 m min_d=0.0198 m
episode=266 steps=50 success=0 return= -50.682 final_d=0.0913 m min_d=0.0557 m
episode=267 steps=05 success=1 return=  -4.000 final_d=0.0265 m min_d=0.0265 m
episode=268 steps=05 success=1 return=  -4.000 final_d=0.0228 m min_d=0.0228 m
episode=269 steps=05 success=1 return=  -4.230 final_d=0.0286 m min_d=0.0286 m
episode=270 steps=05 success=1 return=  -4.000 final_d=0.0252 m min_d=0.0252 m
episode=271 steps=01 success=1 return=   0.000 final_d=0.0461 m min_d=0.0461 m
episode=272 steps=06 success=1 return=  -5.000 final_d=0.0444 m min_d=0.0444 m
episode=273 steps=50 success=0 return= -50.943 final_d=0.1035 m min_d=0.1030 m
episode=274 steps=06 success=1 return=  -5.302 final_d=0.0395 m min_d=0.0395 m
episode=275 steps=07 success=1 return=  -6.349 final_d=0.0356 m min_d=0.0356 m
episode=276 steps=05 success=1 return=  -4.047 final_d=0.0107 m min_d=0.0107 m
episode=277 steps=06 success=1 return=  -5.000 final_d=0.0412 m min_d=0.0412 m
episode=278 steps=05 success=1 return=  -4.000 final_d=0.0433 m min_d=0.0433 m
episode=279 steps=10 success=1 return= -10.671 final_d=0.0239 m min_d=0.0239 m
episode=280 steps=07 success=1 return=  -6.867 final_d=0.0432 m min_d=0.0432 m
episode=281 steps=50 success=0 return= -50.865 final_d=0.0821 m min_d=0.0821 m
episode=282 steps=08 success=1 return=  -7.994 final_d=0.0327 m min_d=0.0327 m
episode=283 steps=41 success=1 return= -50.880 final_d=0.0172 m min_d=0.0172 m
episode=284 steps=05 success=1 return=  -4.052 final_d=0.0018 m min_d=0.0018 m
episode=285 steps=05 success=1 return=  -4.000 final_d=0.0421 m min_d=0.0421 m
episode=286 steps=13 success=1 return= -12.000 final_d=0.0462 m min_d=0.0462 m
episode=287 steps=01 success=1 return=   0.000 final_d=0.0333 m min_d=0.0333 m
episode=288 steps=06 success=1 return=  -5.450 final_d=0.0407 m min_d=0.0407 m
episode=289 steps=05 success=1 return=  -4.039 final_d=0.0385 m min_d=0.0385 m
episode=290 steps=05 success=1 return=  -4.000 final_d=0.0431 m min_d=0.0431 m
episode=291 steps=05 success=1 return=  -4.347 final_d=0.0396 m min_d=0.0396 m
episode=292 steps=04 success=1 return=  -3.000 final_d=0.0377 m min_d=0.0377 m
episode=293 steps=12 success=1 return= -11.423 final_d=0.0307 m min_d=0.0307 m
episode=294 steps=01 success=1 return=   0.000 final_d=0.0295 m min_d=0.0295 m
episode=295 steps=05 success=1 return=  -4.131 final_d=0.0424 m min_d=0.0424 m
episode=296 steps=05 success=1 return=  -4.429 final_d=0.0082 m min_d=0.0082 m
episode=297 steps=07 success=1 return=  -6.196 final_d=0.0107 m min_d=0.0107 m
episode=298 steps=05 success=1 return=  -4.325 final_d=0.0233 m min_d=0.0233 m
episode=299 steps=05 success=1 return=  -4.544 final_d=0.0439 m min_d=0.0439 m
episode=300 steps=08 success=1 return=  -8.017 final_d=0.0325 m min_d=0.0325 m
episode=301 steps=04 success=1 return=  -3.000 final_d=0.0423 m min_d=0.0423 m
episode=302 steps=17 success=1 return= -16.981 final_d=0.0179 m min_d=0.0179 m
episode=303 steps=50 success=0 return= -50.000 final_d=0.0683 m min_d=0.0683 m
episode=304 steps=05 success=1 return=  -4.000 final_d=0.0285 m min_d=0.0285 m
episode=305 steps=05 success=1 return=  -4.000 final_d=0.0308 m min_d=0.0308 m
episode=306 steps=05 success=1 return=  -4.000 final_d=0.0437 m min_d=0.0437 m
episode=307 steps=01 success=1 return=   0.000 final_d=0.0070 m min_d=0.0070 m
episode=308 steps=06 success=1 return=  -5.000 final_d=0.0299 m min_d=0.0299 m
episode=309 steps=06 success=1 return=  -6.344 final_d=0.0498 m min_d=0.0498 m
episode=310 steps=01 success=1 return=   0.000 final_d=0.0416 m min_d=0.0416 m
episode=311 steps=05 success=1 return=  -4.000 final_d=0.0339 m min_d=0.0339 m
episode=312 steps=08 success=1 return=  -7.849 final_d=0.0162 m min_d=0.0162 m
episode=313 steps=09 success=1 return=  -9.487 final_d=0.0322 m min_d=0.0322 m
episode=314 steps=50 success=0 return= -50.578 final_d=0.0666 m min_d=0.0661 m
episode=315 steps=05 success=1 return=  -4.447 final_d=0.0298 m min_d=0.0298 m
episode=316 steps=50 success=0 return= -50.000 final_d=0.0620 m min_d=0.0617 m
episode=317 steps=05 success=1 return=  -4.100 final_d=0.0399 m min_d=0.0399 m
episode=318 steps=04 success=1 return=  -3.000 final_d=0.0404 m min_d=0.0404 m
episode=319 steps=07 success=1 return=  -6.931 final_d=0.0306 m min_d=0.0306 m
episode=320 steps=05 success=1 return=  -4.019 final_d=0.0381 m min_d=0.0381 m
episode=321 steps=07 success=1 return=  -6.671 final_d=0.0381 m min_d=0.0381 m
episode=322 steps=09 success=1 return=  -9.443 final_d=0.0107 m min_d=0.0107 m
episode=323 steps=08 success=1 return=  -7.860 final_d=0.0485 m min_d=0.0485 m
episode=324 steps=06 success=1 return=  -5.313 final_d=0.0252 m min_d=0.0252 m
episode=325 steps=05 success=1 return=  -4.000 final_d=0.0490 m min_d=0.0490 m
episode=326 steps=05 success=1 return=  -4.000 final_d=0.0203 m min_d=0.0203 m
episode=327 steps=06 success=1 return=  -5.190 final_d=0.0333 m min_d=0.0333 m
episode=328 steps=10 success=1 return= -11.181 final_d=0.0252 m min_d=0.0252 m
episode=329 steps=07 success=1 return=  -6.813 final_d=0.0391 m min_d=0.0391 m
episode=330 steps=07 success=1 return=  -6.657 final_d=0.0329 m min_d=0.0329 m
episode=331 steps=10 success=1 return=  -9.000 final_d=0.0194 m min_d=0.0194 m
episode=332 steps=10 success=1 return= -11.152 final_d=0.0326 m min_d=0.0326 m
episode=333 steps=08 success=1 return=  -8.042 final_d=0.0364 m min_d=0.0364 m
episode=334 steps=07 success=1 return=  -6.772 final_d=0.0282 m min_d=0.0282 m
episode=335 steps=07 success=1 return=  -6.630 final_d=0.0363 m min_d=0.0363 m
episode=336 steps=16 success=1 return= -17.835 final_d=0.0090 m min_d=0.0090 m
episode=337 steps=05 success=1 return=  -4.000 final_d=0.0184 m min_d=0.0184 m
episode=338 steps=09 success=1 return=  -9.055 final_d=0.0151 m min_d=0.0151 m
episode=339 steps=10 success=1 return= -10.619 final_d=0.0476 m min_d=0.0476 m
episode=340 steps=07 success=1 return=  -7.079 final_d=0.0400 m min_d=0.0400 m
episode=341 steps=10 success=1 return= -10.761 final_d=0.0362 m min_d=0.0362 m
episode=342 steps=08 success=1 return=  -8.001 final_d=0.0096 m min_d=0.0096 m
episode=343 steps=05 success=1 return=  -4.000 final_d=0.0137 m min_d=0.0137 m
episode=344 steps=06 success=1 return=  -5.078 final_d=0.0485 m min_d=0.0485 m
episode=345 steps=50 success=0 return= -52.270 final_d=0.0582 m min_d=0.0527 m
episode=346 steps=05 success=1 return=  -4.000 final_d=0.0106 m min_d=0.0106 m
episode=347 steps=09 success=1 return=  -8.000 final_d=0.0292 m min_d=0.0292 m
episode=348 steps=50 success=0 return= -52.671 final_d=0.0786 m min_d=0.0641 m
episode=349 steps=08 success=1 return=  -8.114 final_d=0.0217 m min_d=0.0217 m
episode=350 steps=05 success=1 return=  -4.000 final_d=0.0444 m min_d=0.0444 m
episode=351 steps=01 success=1 return=   0.000 final_d=0.0294 m min_d=0.0294 m
episode=352 steps=01 success=1 return=   0.000 final_d=0.0472 m min_d=0.0472 m
episode=353 steps=07 success=1 return=  -7.468 final_d=0.0219 m min_d=0.0219 m
episode=354 steps=06 success=1 return=  -5.308 final_d=0.0481 m min_d=0.0481 m
episode=355 steps=01 success=1 return=   0.000 final_d=0.0342 m min_d=0.0342 m
episode=356 steps=11 success=1 return= -11.549 final_d=0.0481 m min_d=0.0481 m
episode=357 steps=01 success=1 return=   0.000 final_d=0.0306 m min_d=0.0306 m
episode=358 steps=50 success=0 return= -62.118 final_d=0.2030 m min_d=0.2029 m
episode=359 steps=06 success=1 return=  -5.000 final_d=0.0214 m min_d=0.0214 m
episode=360 steps=05 success=1 return=  -4.000 final_d=0.0466 m min_d=0.0466 m
episode=361 steps=50 success=0 return= -50.869 final_d=0.0947 m min_d=0.0947 m
episode=362 steps=07 success=1 return=  -7.885 final_d=0.0102 m min_d=0.0102 m
episode=363 steps=05 success=1 return=  -4.653 final_d=0.0417 m min_d=0.0417 m
episode=364 steps=01 success=1 return=   0.000 final_d=0.0235 m min_d=0.0235 m
episode=365 steps=05 success=1 return=  -4.994 final_d=0.0317 m min_d=0.0317 m
episode=366 steps=05 success=1 return=  -4.182 final_d=0.0064 m min_d=0.0064 m
episode=367 steps=01 success=1 return=   0.000 final_d=0.0313 m min_d=0.0313 m
episode=368 steps=14 success=1 return= -15.158 final_d=0.0365 m min_d=0.0365 m
episode=369 steps=07 success=1 return=  -6.434 final_d=0.0049 m min_d=0.0049 m
episode=370 steps=05 success=1 return=  -4.000 final_d=0.0414 m min_d=0.0414 m
episode=371 steps=08 success=1 return=  -8.246 final_d=0.0369 m min_d=0.0369 m
episode=372 steps=05 success=1 return=  -4.000 final_d=0.0263 m min_d=0.0263 m
episode=373 steps=08 success=1 return=  -7.000 final_d=0.0401 m min_d=0.0401 m
episode=374 steps=04 success=1 return=  -3.000 final_d=0.0358 m min_d=0.0358 m
episode=375 steps=05 success=1 return=  -4.044 final_d=0.0181 m min_d=0.0181 m
episode=376 steps=08 success=1 return=  -7.819 final_d=0.0457 m min_d=0.0457 m
episode=377 steps=04 success=1 return=  -3.000 final_d=0.0186 m min_d=0.0186 m
episode=378 steps=07 success=1 return=  -6.014 final_d=0.0171 m min_d=0.0171 m
episode=379 steps=50 success=0 return= -50.284 final_d=0.1188 m min_d=0.1161 m
episode=380 steps=01 success=1 return=   0.000 final_d=0.0222 m min_d=0.0222 m
episode=381 steps=05 success=1 return=  -4.908 final_d=0.0410 m min_d=0.0410 m
episode=382 steps=09 success=1 return=  -8.000 final_d=0.0376 m min_d=0.0376 m
episode=383 steps=08 success=1 return=  -8.022 final_d=0.0280 m min_d=0.0280 m
episode=384 steps=12 success=1 return= -12.385 final_d=0.0154 m min_d=0.0154 m
episode=385 steps=11 success=1 return= -12.196 final_d=0.0393 m min_d=0.0393 m
episode=386 steps=09 success=1 return=  -9.082 final_d=0.0485 m min_d=0.0485 m
episode=387 steps=05 success=1 return=  -4.399 final_d=0.0261 m min_d=0.0261 m
episode=388 steps=06 success=1 return=  -5.000 final_d=0.0191 m min_d=0.0191 m
episode=389 steps=04 success=1 return=  -3.000 final_d=0.0489 m min_d=0.0489 m
episode=390 steps=08 success=1 return=  -8.104 final_d=0.0189 m min_d=0.0189 m
episode=391 steps=01 success=1 return=   0.000 final_d=0.0182 m min_d=0.0182 m
episode=392 steps=05 success=1 return=  -4.458 final_d=0.0334 m min_d=0.0334 m
episode=393 steps=08 success=1 return=  -8.396 final_d=0.0489 m min_d=0.0489 m
episode=394 steps=12 success=1 return= -11.000 final_d=0.0470 m min_d=0.0470 m
episode=395 steps=50 success=0 return= -51.442 final_d=0.1192 m min_d=0.1072 m
episode=396 steps=01 success=1 return=   0.000 final_d=0.0258 m min_d=0.0258 m
episode=397 steps=50 success=0 return= -50.775 final_d=0.0627 m min_d=0.0626 m
episode=398 steps=50 success=0 return= -50.273 final_d=0.0991 m min_d=0.0613 m
episode=399 steps=07 success=1 return=  -6.670 final_d=0.0500 m min_d=0.0500 m
episode=400 steps=05 success=1 return=  -4.065 final_d=0.0392 m min_d=0.0392 m
episode=401 steps=04 success=1 return=  -3.000 final_d=0.0408 m min_d=0.0408 m
episode=402 steps=10 success=1 return= -10.664 final_d=0.0257 m min_d=0.0257 m
episode=403 steps=08 success=1 return=  -8.320 final_d=0.0360 m min_d=0.0360 m
episode=404 steps=01 success=1 return=   0.000 final_d=0.0184 m min_d=0.0184 m
episode=405 steps=01 success=1 return=   0.000 final_d=0.0055 m min_d=0.0055 m
episode=406 steps=04 success=1 return=  -3.000 final_d=0.0492 m min_d=0.0492 m
episode=407 steps=50 success=0 return= -51.818 final_d=0.1077 m min_d=0.0779 m
episode=408 steps=07 success=1 return=  -6.776 final_d=0.0369 m min_d=0.0369 m
episode=409 steps=06 success=1 return=  -5.766 final_d=0.0336 m min_d=0.0336 m
episode=410 steps=13 success=1 return= -14.457 final_d=0.0050 m min_d=0.0050 m
episode=411 steps=10 success=1 return= -10.199 final_d=0.0365 m min_d=0.0365 m
episode=412 steps=13 success=1 return= -13.014 final_d=0.0422 m min_d=0.0422 m
episode=413 steps=05 success=1 return=  -4.000 final_d=0.0247 m min_d=0.0247 m
episode=414 steps=05 success=1 return=  -5.029 final_d=0.0458 m min_d=0.0458 m
episode=415 steps=01 success=1 return=   0.000 final_d=0.0211 m min_d=0.0211 m
episode=416 steps=05 success=1 return=  -4.000 final_d=0.0406 m min_d=0.0406 m
episode=417 steps=05 success=1 return=  -4.000 final_d=0.0028 m min_d=0.0028 m
episode=418 steps=12 success=1 return= -11.923 final_d=0.0068 m min_d=0.0068 m
episode=419 steps=05 success=1 return=  -4.000 final_d=0.0255 m min_d=0.0255 m
episode=420 steps=08 success=1 return=  -7.381 final_d=0.0461 m min_d=0.0461 m
episode=421 steps=01 success=1 return=   0.000 final_d=0.0398 m min_d=0.0398 m
episode=422 steps=04 success=1 return=  -3.000 final_d=0.0441 m min_d=0.0441 m
episode=423 steps=50 success=0 return= -54.212 final_d=0.1359 m min_d=0.1359 m
episode=424 steps=11 success=1 return= -12.530 final_d=0.0342 m min_d=0.0342 m
episode=425 steps=06 success=1 return=  -5.000 final_d=0.0321 m min_d=0.0321 m
episode=426 steps=05 success=1 return=  -4.134 final_d=0.0346 m min_d=0.0346 m
episode=427 steps=04 success=1 return=  -3.000 final_d=0.0089 m min_d=0.0089 m
episode=428 steps=06 success=1 return=  -5.510 final_d=0.0099 m min_d=0.0099 m
episode=429 steps=05 success=1 return=  -4.000 final_d=0.0335 m min_d=0.0335 m
episode=430 steps=50 success=0 return= -52.224 final_d=0.0952 m min_d=0.0588 m
episode=431 steps=05 success=1 return=  -4.000 final_d=0.0390 m min_d=0.0390 m
episode=432 steps=05 success=1 return=  -4.000 final_d=0.0123 m min_d=0.0123 m
episode=433 steps=50 success=0 return= -50.000 final_d=0.0802 m min_d=0.0511 m
episode=434 steps=05 success=1 return=  -4.000 final_d=0.0293 m min_d=0.0293 m
episode=435 steps=08 success=1 return=  -8.302 final_d=0.0136 m min_d=0.0136 m
episode=436 steps=06 success=1 return=  -5.163 final_d=0.0175 m min_d=0.0175 m
episode=437 steps=04 success=1 return=  -3.000 final_d=0.0192 m min_d=0.0192 m
episode=438 steps=07 success=1 return=  -6.299 final_d=0.0442 m min_d=0.0442 m
episode=439 steps=06 success=1 return=  -5.072 final_d=0.0385 m min_d=0.0385 m
episode=440 steps=12 success=1 return= -11.000 final_d=0.0401 m min_d=0.0401 m
episode=441 steps=05 success=1 return=  -4.385 final_d=0.0330 m min_d=0.0330 m
episode=442 steps=05 success=1 return=  -4.882 final_d=0.0150 m min_d=0.0150 m
episode=443 steps=04 success=1 return=  -3.000 final_d=0.0221 m min_d=0.0221 m
episode=444 steps=06 success=1 return=  -5.067 final_d=0.0420 m min_d=0.0420 m
episode=445 steps=05 success=1 return=  -4.000 final_d=0.0273 m min_d=0.0273 m
episode=446 steps=05 success=1 return=  -4.371 final_d=0.0268 m min_d=0.0268 m
episode=447 steps=06 success=1 return=  -5.400 final_d=0.0437 m min_d=0.0437 m
episode=448 steps=05 success=1 return=  -4.538 final_d=0.0298 m min_d=0.0298 m
episode=449 steps=07 success=1 return=  -6.815 final_d=0.0421 m min_d=0.0421 m
episode=450 steps=50 success=0 return= -51.105 final_d=0.0865 m min_d=0.0699 m
episode=451 steps=05 success=1 return=  -5.364 final_d=0.0413 m min_d=0.0413 m
episode=452 steps=06 success=1 return=  -5.000 final_d=0.0400 m min_d=0.0400 m
episode=453 steps=05 success=1 return=  -4.000 final_d=0.0055 m min_d=0.0055 m
episode=454 steps=06 success=1 return=  -5.435 final_d=0.0352 m min_d=0.0352 m
episode=455 steps=07 success=1 return=  -7.543 final_d=0.0238 m min_d=0.0238 m
episode=456 steps=08 success=1 return=  -8.663 final_d=0.0386 m min_d=0.0386 m
episode=457 steps=07 success=1 return=  -6.000 final_d=0.0343 m min_d=0.0343 m
episode=458 steps=05 success=1 return=  -4.000 final_d=0.0413 m min_d=0.0413 m
episode=459 steps=50 success=0 return= -50.610 final_d=0.0653 m min_d=0.0652 m
episode=460 steps=07 success=1 return=  -6.903 final_d=0.0492 m min_d=0.0492 m
episode=461 steps=09 success=1 return=  -9.821 final_d=0.0283 m min_d=0.0283 m
episode=462 steps=06 success=1 return=  -5.306 final_d=0.0361 m min_d=0.0361 m
episode=463 steps=09 success=1 return=  -9.308 final_d=0.0137 m min_d=0.0137 m
episode=464 steps=08 success=1 return=  -8.095 final_d=0.0497 m min_d=0.0497 m
episode=465 steps=09 success=1 return=  -9.689 final_d=0.0448 m min_d=0.0448 m
episode=466 steps=17 success=1 return= -16.423 final_d=0.0188 m min_d=0.0188 m
episode=467 steps=01 success=1 return=   0.000 final_d=0.0359 m min_d=0.0359 m
episode=468 steps=09 success=1 return=  -8.937 final_d=0.0421 m min_d=0.0421 m
episode=469 steps=05 success=1 return=  -4.874 final_d=0.0340 m min_d=0.0340 m
episode=470 steps=50 success=0 return= -50.575 final_d=0.0864 m min_d=0.0864 m
episode=471 steps=50 success=0 return= -50.857 final_d=0.0901 m min_d=0.0900 m
episode=472 steps=05 success=1 return=  -4.540 final_d=0.0371 m min_d=0.0371 m
episode=473 steps=04 success=1 return=  -3.000 final_d=0.0275 m min_d=0.0275 m
episode=474 steps=05 success=1 return=  -4.090 final_d=0.0493 m min_d=0.0493 m
episode=475 steps=05 success=1 return=  -4.938 final_d=0.0284 m min_d=0.0284 m
episode=476 steps=05 success=1 return=  -4.000 final_d=0.0133 m min_d=0.0133 m
episode=477 steps=07 success=1 return=  -6.825 final_d=0.0347 m min_d=0.0347 m
episode=478 steps=08 success=1 return=  -7.965 final_d=0.0197 m min_d=0.0197 m
episode=479 steps=08 success=1 return=  -8.112 final_d=0.0358 m min_d=0.0358 m
episode=480 steps=50 success=0 return= -52.468 final_d=0.1119 m min_d=0.0864 m
episode=481 steps=06 success=1 return=  -5.000 final_d=0.0207 m min_d=0.0207 m
episode=482 steps=04 success=1 return=  -3.000 final_d=0.0242 m min_d=0.0242 m
episode=483 steps=01 success=1 return=   0.000 final_d=0.0101 m min_d=0.0101 m
episode=484 steps=09 success=1 return=  -9.918 final_d=0.0291 m min_d=0.0291 m
episode=485 steps=05 success=1 return=  -4.000 final_d=0.0163 m min_d=0.0163 m
episode=486 steps=50 success=0 return= -50.104 final_d=0.0773 m min_d=0.0590 m
episode=487 steps=04 success=1 return=  -3.000 final_d=0.0153 m min_d=0.0153 m
episode=488 steps=05 success=1 return=  -4.000 final_d=0.0160 m min_d=0.0160 m
episode=489 steps=04 success=1 return=  -3.000 final_d=0.0485 m min_d=0.0485 m
episode=490 steps=08 success=1 return=  -7.000 final_d=0.0478 m min_d=0.0478 m
episode=491 steps=11 success=1 return= -10.000 final_d=0.0457 m min_d=0.0457 m
episode=492 steps=50 success=0 return= -50.519 final_d=0.0873 m min_d=0.0840 m
episode=493 steps=07 success=1 return=  -6.780 final_d=0.0400 m min_d=0.0400 m
episode=494 steps=08 success=1 return=  -7.603 final_d=0.0190 m min_d=0.0190 m
episode=495 steps=09 success=1 return=  -9.839 final_d=0.0208 m min_d=0.0208 m
episode=496 steps=05 success=1 return=  -4.338 final_d=0.0349 m min_d=0.0349 m
episode=497 steps=01 success=1 return=   0.000 final_d=0.0344 m min_d=0.0344 m
episode=498 steps=04 success=1 return=  -3.000 final_d=0.0429 m min_d=0.0429 m
episode=499 steps=05 success=1 return=  -4.000 final_d=0.0269 m min_d=0.0269 m
summary episodes=500 success_rate=0.896 mean_final_d=0.0384 m mean_min_d=0.0367 m
results=C:\Users\HSN5WX\Desktop\Projects\franka_control\inference_results_part4.csv
